Archive member included to satisfy reference by file (symbol)

C:/ST/STM32CubeIDE_1.14.1/STM32CubeIDE/plugins/com.st.stm32cube.ide.mcu.externaltools.gnu-tools-for-stm32.11.3.rel1.win32_1.1.100.202309141235/tools/bin/../lib/gcc/arm-none-eabi/11.3.1/../../../../arm-none-eabi/lib/thumb/v6-m/nofp\libc_nano.a(libc_a-exit.o)
                              C:/ST/STM32CubeIDE_1.14.1/STM32CubeIDE/plugins/com.st.stm32cube.ide.mcu.externaltools.gnu-tools-for-stm32.11.3.rel1.win32_1.1.100.202309141235/tools/bin/../lib/gcc/arm-none-eabi/11.3.1/../../../../arm-none-eabi/lib/thumb/v6-m/nofp/crt0.o (exit)
C:/ST/STM32CubeIDE_1.14.1/STM32CubeIDE/plugins/com.st.stm32cube.ide.mcu.externaltools.gnu-tools-for-stm32.11.3.rel1.win32_1.1.100.202309141235/tools/bin/../lib/gcc/arm-none-eabi/11.3.1/../../../../arm-none-eabi/lib/thumb/v6-m/nofp\libc_nano.a(libc_a-findfp.o)
                              C:/ST/STM32CubeIDE_1.14.1/STM32CubeIDE/plugins/com.st.stm32cube.ide.mcu.externaltools.gnu-tools-for-stm32.11.3.rel1.win32_1.1.100.202309141235/tools/bin/../lib/gcc/arm-none-eabi/11.3.1/../../../../arm-none-eabi/lib/thumb/v6-m/nofp\libc_nano.a(libc_a-exit.o) (__stdio_exit_handler)
C:/ST/STM32CubeIDE_1.14.1/STM32CubeIDE/plugins/com.st.stm32cube.ide.mcu.externaltools.gnu-tools-for-stm32.11.3.rel1.win32_1.1.100.202309141235/tools/bin/../lib/gcc/arm-none-eabi/11.3.1/../../../../arm-none-eabi/lib/thumb/v6-m/nofp\libc_nano.a(libc_a-fwalk.o)
                              C:/ST/STM32CubeIDE_1.14.1/STM32CubeIDE/plugins/com.st.stm32cube.ide.mcu.externaltools.gnu-tools-for-stm32.11.3.rel1.win32_1.1.100.202309141235/tools/bin/../lib/gcc/arm-none-eabi/11.3.1/../../../../arm-none-eabi/lib/thumb/v6-m/nofp\libc_nano.a(libc_a-findfp.o) (_fwalk_sglue)
C:/ST/STM32CubeIDE_1.14.1/STM32CubeIDE/plugins/com.st.stm32cube.ide.mcu.externaltools.gnu-tools-for-stm32.11.3.rel1.win32_1.1.100.202309141235/tools/bin/../lib/gcc/arm-none-eabi/11.3.1/../../../../arm-none-eabi/lib/thumb/v6-m/nofp\libc_nano.a(libc_a-stdio.o)
                              C:/ST/STM32CubeIDE_1.14.1/STM32CubeIDE/plugins/com.st.stm32cube.ide.mcu.externaltools.gnu-tools-for-stm32.11.3.rel1.win32_1.1.100.202309141235/tools/bin/../lib/gcc/arm-none-eabi/11.3.1/../../../../arm-none-eabi/lib/thumb/v6-m/nofp\libc_nano.a(libc_a-findfp.o) (__sread)
C:/ST/STM32CubeIDE_1.14.1/STM32CubeIDE/plugins/com.st.stm32cube.ide.mcu.externaltools.gnu-tools-for-stm32.11.3.rel1.win32_1.1.100.202309141235/tools/bin/../lib/gcc/arm-none-eabi/11.3.1/../../../../arm-none-eabi/lib/thumb/v6-m/nofp\libc_nano.a(libc_a-memset.o)
                              C:/ST/STM32CubeIDE_1.14.1/STM32CubeIDE/plugins/com.st.stm32cube.ide.mcu.externaltools.gnu-tools-for-stm32.11.3.rel1.win32_1.1.100.202309141235/tools/bin/../lib/gcc/arm-none-eabi/11.3.1/../../../../arm-none-eabi/lib/thumb/v6-m/nofp/crt0.o (memset)
C:/ST/STM32CubeIDE_1.14.1/STM32CubeIDE/plugins/com.st.stm32cube.ide.mcu.externaltools.gnu-tools-for-stm32.11.3.rel1.win32_1.1.100.202309141235/tools/bin/../lib/gcc/arm-none-eabi/11.3.1/../../../../arm-none-eabi/lib/thumb/v6-m/nofp\libc_nano.a(libc_a-closer.o)
                              C:/ST/STM32CubeIDE_1.14.1/STM32CubeIDE/plugins/com.st.stm32cube.ide.mcu.externaltools.gnu-tools-for-stm32.11.3.rel1.win32_1.1.100.202309141235/tools/bin/../lib/gcc/arm-none-eabi/11.3.1/../../../../arm-none-eabi/lib/thumb/v6-m/nofp\libc_nano.a(libc_a-stdio.o) (_close_r)
C:/ST/STM32CubeIDE_1.14.1/STM32CubeIDE/plugins/com.st.stm32cube.ide.mcu.externaltools.gnu-tools-for-stm32.11.3.rel1.win32_1.1.100.202309141235/tools/bin/../lib/gcc/arm-none-eabi/11.3.1/../../../../arm-none-eabi/lib/thumb/v6-m/nofp\libc_nano.a(libc_a-reent.o)
                              C:/ST/STM32CubeIDE_1.14.1/STM32CubeIDE/plugins/com.st.stm32cube.ide.mcu.externaltools.gnu-tools-for-stm32.11.3.rel1.win32_1.1.100.202309141235/tools/bin/../lib/gcc/arm-none-eabi/11.3.1/../../../../arm-none-eabi/lib/thumb/v6-m/nofp\libc_nano.a(libc_a-closer.o) (errno)
C:/ST/STM32CubeIDE_1.14.1/STM32CubeIDE/plugins/com.st.stm32cube.ide.mcu.externaltools.gnu-tools-for-stm32.11.3.rel1.win32_1.1.100.202309141235/tools/bin/../lib/gcc/arm-none-eabi/11.3.1/../../../../arm-none-eabi/lib/thumb/v6-m/nofp\libc_nano.a(libc_a-impure.o)
                              C:/ST/STM32CubeIDE_1.14.1/STM32CubeIDE/plugins/com.st.stm32cube.ide.mcu.externaltools.gnu-tools-for-stm32.11.3.rel1.win32_1.1.100.202309141235/tools/bin/../lib/gcc/arm-none-eabi/11.3.1/../../../../arm-none-eabi/lib/thumb/v6-m/nofp\libc_nano.a(libc_a-reent.o) (_impure_ptr)
C:/ST/STM32CubeIDE_1.14.1/STM32CubeIDE/plugins/com.st.stm32cube.ide.mcu.externaltools.gnu-tools-for-stm32.11.3.rel1.win32_1.1.100.202309141235/tools/bin/../lib/gcc/arm-none-eabi/11.3.1/../../../../arm-none-eabi/lib/thumb/v6-m/nofp\libc_nano.a(libc_a-lseekr.o)
[...]
Memory Configuration

Name             Origin             Length             Attributes
RAM              0x0000000020000000 0x0000000000001000 xrw
FLASH            0x0000000008000000 0x0000000000008000 xr
*default*        0x0000000000000000 0xffffffffffffffff

Linker script and memory map

LOAD C:/ST/STM32CubeIDE_1.14.1/STM32CubeIDE/plugins/com.st.stm32cube.ide.mcu.externaltools.gnu-tools-for-stm32.11.3.rel1.win32_1.1.100.202309141235/tools/bin/../lib/gcc/arm-none-eabi/11.3.1/thumb/v6-m/nofp/crti.o
LOAD C:/ST/STM32CubeIDE_1.14.1/STM32CubeIDE/plugins/com.st.stm32cube.ide.mcu.externaltools.gnu-tools-for-stm32.11.3.rel1.win32_1.1.100.202309141235/tools/bin/../lib/gcc/arm-none-eabi/11.3.1/thumb/v6-m/nofp/crtbegin.o
LOAD C:/ST/STM32CubeIDE_1.14.1/STM32CubeIDE/plugins/com.st.stm32cube.ide.mcu.externaltools.gnu-tools-for-stm32.11.3.rel1.win32_1.1.100.202309141235/tools/bin/../lib/gcc/arm-none-eabi/11.3.1/../../../../arm-none-eabi/lib/thumb/v6-m/nofp/crt0.o
LOAD ./Application/Startup/startup_stm32f031c6tx.o
LOAD ./Application/User/aspep.o
LOAD ./Application/User/i2c_slave.o
LOAD ./Application/User/main.o
LOAD ./Application/User/mc_api.o
LOAD ./Application/User/mc_app_hooks.o
LOAD ./Application/User/mc_config.o
LOAD ./Application/User/mc_configuration_registers.o
LOAD ./Application/User/mc_interface.o
LOAD ./Application/User/mc_math.o
LOAD ./Application/User/mc_parameters.o
LOAD ./Application/User/mc_tasks.o
LOAD ./Application/User/mcp.o
LOAD ./Application/User/mcp_config.o
LOAD ./Application/User/motorcontrol.o
LOAD ./Application/User/register_interface.o
LOAD ./Application/User/regular_conversion_manager.o
LOAD ./Application/User/stm32f0xx_hal_msp.o
LOAD ./Application/User/stm32f0xx_it.o
LOAD ./Application/User/stm32f0xx_mc_it.o
LOAD ./Application/User/syscalls.o
LOAD ./Application/User/sysmem.o
LOAD ./Application/User/usart_aspep_driver.o
LOAD ./Drivers/CMSIS/system_stm32f0xx.o
LOAD ./Drivers/STM32F0xx_HAL_Driver/stm32f0xx_hal.o
LOAD ./Drivers/STM32F0xx_HAL_Driver/stm32f0xx_hal_adc.o
LOAD ./Drivers/STM32F0xx_HAL_Driver/stm32f0xx_hal_adc_ex.o
LOAD ./Drivers/STM32F0xx_HAL_Driver/stm32f0xx_hal_cortex.o
LOAD ./Drivers/STM32F0xx_HAL_Driver/stm32f0xx_hal_dma.o
LOAD ./Drivers/STM32F0xx_HAL_Driver/stm32f0xx_hal_exti.o
LOAD ./Drivers/STM32F0xx_HAL_Driver/stm32f0xx_hal_flash.o
LOAD ./Drivers/STM32F0xx_HAL_Driver/stm32f0xx_hal_flash_ex.o
LOAD ./Drivers/STM32F0xx_HAL_Driver/stm32f0xx_hal_gpio.o
LOAD ./Drivers/STM32F0xx_HAL_Driver/stm32f0xx_hal_i2c.o
LOAD ./Drivers/STM32F0xx_HAL_Driver/stm32f0xx_hal_i2c_ex.o
LOAD ./Drivers/STM32F0xx_HAL_Driver/stm32f0xx_hal_pwr.o
LOAD ./Drivers/STM32F0xx_HAL_Driver/stm32f0xx_hal_pwr_ex.o
LOAD ./Drivers/STM32F0xx_HAL_Driver/stm32f0xx_hal_rcc.o
LOAD ./Drivers/STM32F0xx_HAL_Driver/stm32f0xx_hal_rcc_ex.o
LOAD ./Drivers/STM32F0xx_HAL_Driver/stm32f0xx_hal_tim.o
LOAD ./Drivers/STM32F0xx_HAL_Driver/stm32f0xx_hal_tim_ex.o
LOAD ./Middlewares/MotorControl/bus_voltage_sensor.o
LOAD ./Middlewares/MotorControl/f0xx_bemf_ADC_fdbk.o
LOAD ./Middlewares/MotorControl/ntc_temperature_sensor.o
LOAD ./Middlewares/MotorControl/pid_regulator.o
LOAD ./Middlewares/MotorControl/pwm_common_sixstep.o
LOAD ./Middlewares/MotorControl/pwmc_6pwm.o
LOAD ./Middlewares/MotorControl/r_divider_bus_voltage_sensor.o
LOAD ./Middlewares/MotorControl/revup_ctrl_sixstep.o
LOAD ./Middlewares/MotorControl/speed_ctrl.o
LOAD ./Middlewares/MotorControl/speed_pos_fdbk.o
LOAD ./Middlewares/MotorControl/virtual_speed_sensor.o
START GROUP
LOAD C:/ST/STM32CubeIDE_1.14.1/STM32CubeIDE/plugins/com.st.stm32cube.ide.mcu.externaltools.gnu-tools-for-stm32.11.3.rel1.win32_1.1.100.202309141235/tools/bin/../lib/gcc/arm-none-eabi/11.3.1/../../../../arm-none-eabi/lib/thumb/v6-m/nofp\libc_nano.a
LOAD C:/ST/STM32CubeIDE_1.14.1/STM32CubeIDE/plugins/com.st.stm32cube.ide.mcu.externaltools.gnu-tools-for-stm32.11.3.rel1.win32_1.1.100.202309141235/tools/bin/../lib/gcc/arm-none-eabi/11.3.1/../../../../arm-none-eabi/lib/thumb/v6-m/nofp\libm.a
END GROUP
START GROUP
LOAD C:/ST/STM32CubeIDE_1.14.1/STM32CubeIDE/plugins/com.st.stm32cube.ide.mcu.externaltools.gnu-tools-for-stm32.11.3.rel1.win32_1.1.100.202309141235/tools/bin/../lib/gcc/arm-none-eabi/11.3.1/thumb/v6-m/nofp\libgcc.a
LOAD C:/ST/STM32CubeIDE_1.14.1/STM32CubeIDE/plugins/com.st.stm32cube.ide.mcu.externaltools.gnu-tools-for-stm32.11.3.rel1.win32_1.1.100.202309141235/tools/bin/../lib/gcc/arm-none-eabi/11.3.1/../../../../arm-none-eabi/lib/thumb/v6-m/nofp\libc_nano.a
END GROUP
START GROUP
LOAD C:/ST/STM32CubeIDE_1.14.1/STM32CubeIDE/plugins/com.st.stm32cube.ide.mcu.externaltools.gnu-tools-for-stm32.11.3.rel1.win32_1.1.100.202309141235/tools/bin/../lib/gcc/arm-none-eabi/11.3.1/thumb/v6-m/nofp\libgcc.a
LOAD C:/ST/STM32CubeIDE_1.14.1/STM32CubeIDE/plugins/com.st.stm32cube.ide.mcu.externaltools.gnu-tools-for-stm32.11.3.rel1.win32_1.1.100.202309141235/tools/bin/../lib/gcc/arm-none-eabi/11.3.1/../../../../arm-none-eabi/lib/thumb/v6-m/nofp\libc_nano.a
LOAD C:/ST/STM32CubeIDE_1.14.1/STM32CubeIDE/plugins/com.st.stm32cube.ide.mcu.externaltools.gnu-tools-for-stm32.11.3.rel1.win32_1.1.100.202309141235/tools/bin/../lib/gcc/arm-none-eabi/11.3.1/../../../../arm-none-eabi/lib/thumb/v6-m/nofp\libnosys.a
END GROUP
START GROUP
LOAD C:/ST/STM32CubeIDE_1.14.1/STM32CubeIDE/plugins/com.st.stm32cube.ide.mcu.externaltools.gnu-tools-for-stm32.11.3.rel1.win32_1.1.100.202309141235/tools/bin/../lib/gcc/arm-none-eabi/11.3.1/thumb/v6-m/nofp\libgcc.a
LOAD C:/ST/STM32CubeIDE_1.14.1/STM32CubeIDE/plugins/com.st.stm32cube.ide.mcu.externaltools.gnu-tools-for-stm32.11.3.rel1.win32_1.1.100.202309141235/tools/bin/../lib/gcc/arm-none-eabi/11.3.1/../../../../arm-none-eabi/lib/thumb/v6-m/nofp\libc_nano.a
LOAD C:/ST/STM32CubeIDE_1.14.1/STM32CubeIDE/plugins/com.st.stm32cube.ide.mcu.externaltools.gnu-tools-for-stm32.11.3.rel1.win32_1.1.100.202309141235/tools/bin/../lib/gcc/arm-none-eabi/11.3.1/../../../../arm-none-eabi/lib/thumb/v6-m/nofp\libnosys.a
END GROUP
LOAD C:/ST/STM32CubeIDE_1.14.1/STM32CubeIDE/plugins/com.st.stm32cube.ide.mcu.externaltools.gnu-tools-for-stm32.11.3.rel1.win32_1.1.100.202309141235/tools/bin/../lib/gcc/arm-none-eabi/11.3.1/thumb/v6-m/nofp/crtend.o
LOAD C:/ST/STM32CubeIDE_1.14.1/STM32CubeIDE/plugins/com.st.stm32cube.ide.mcu.externaltools.gnu-tools-for-stm32.11.3.rel1.win32_1.1.100.202309141235/tools/bin/../lib/gcc/arm-none-eabi/11.3.1/thumb/v6-m/nofp/crtn.o
                0x0000000020001000                _estack = (ORIGIN (RAM) + LENGTH (RAM))
                0x0000000000000080                _Min_Heap_Size = 0x80
                0x0000000000000400                _Min_Stack_Size = 0x400

.isr_vector     0x0000000008000000       0xc0
                0x0000000008000000                . = ALIGN (0x4)
 *(.isr_vector)
 .isr_vector    0x0000000008000000       0xc0 ./Application/Startup/startup_stm32f031c6tx.o
                0x0000000008000000                g_pfnVectors
                0x00000000080000c0                . = ALIGN (0x4)

.text           0x00000000080000c0     0x6108
                0x00000000080000c0                . = ALIGN (0x4)
 *(.text)
 .text          0x00000000080000c0       0x48 C:/ST/STM32CubeIDE_1.14.1/STM32CubeIDE/plugins/com.st.stm32cube.ide.mcu.externaltools.gnu-tools-for-stm32.11.3.rel1.win32_1.1.100.202309141235/tools/bin/../lib/gcc/arm-none-eabi/11.3.1/thumb/v6-m/nofp/crtbegin.o
 .text          0x0000000008000108      0x114 C:/ST/STM32CubeIDE_1.14.1/STM32CubeIDE/plugins/com.st.stm32cube.ide.mcu.externaltools.gnu-tools-for-stm32.11.3.rel1.win32_1.1.100.202309141235/tools/bin/../lib/gcc/arm-none-eabi/11.3.1/thumb/v6-m/nofp\libgcc.a(_udivsi3.o)
                0x0000000008000108                __aeabi_uidiv
                0x0000000008000108                __udivsi3
                0x0000000008000214                __aeabi_uidivmod
 .text          0x000000000800021c      0x1d4 C:/ST/STM32CubeIDE_1.14.1/STM32CubeIDE/plugins/com.st.stm32cube.ide.mcu.externaltools.gnu-tools-for-stm32.11.3.rel1.win32_1.1.100.202309141235/tools/bin/../lib/gcc/arm-none-eabi/11.3.1/thumb/v6-m/nofp\libgcc.a(_divsi3.o)
                0x000000000800021c                __divsi3
                0x000000000800021c                __aeabi_idiv
                0x00000000080003e8                __aeabi_idivmod
 .text          0x00000000080003f0        0x4 C:/ST/STM32CubeIDE_1.14.1/STM32CubeIDE/plugins/com.st.stm32cube.ide.mcu.externaltools.gnu-tools-for-stm32.11.3.rel1.win32_1.1.100.202309141235/tools/bin/../lib/gcc/arm-none-eabi/11.3.1/thumb/v6-m/nofp\libgcc.a(_dvmd_tls.o)
                0x00000000080003f0                __aeabi_idiv0
                0x00000000080003f0                __aeabi_ldiv0
 *(.text*)
 .text.Reset_Handler
                0x00000000080003f4       0x50 ./Application/Startup/startup_stm32f031c6tx.o
                0x00000000080003f4                Reset_Handler
 .text.Default_Handler
                0x0000000008000444        0x2 ./Application/Startup/startup_stm32f031c6tx.o
                0x0000000008000444                TIM1_CC_IRQHandler
                0x0000000008000444                PVD_IRQHandler
                0x0000000008000444                PendSV_Handler
                0x0000000008000444                NMI_Handler
                0x0000000008000444                SPI1_IRQHandler
                0x0000000008000444                EXTI2_3_IRQHandler
                0x0000000008000444                ADC1_IRQHandler
                0x0000000008000444                TIM17_IRQHandler
                0x0000000008000444                RTC_IRQHandler
                0x0000000008000444                TIM16_IRQHandler
                0x0000000008000444                TIM3_IRQHandler
                0x0000000008000444                EXTI4_15_IRQHandler
                0x0000000008000444                RCC_IRQHandler
                0x0000000008000444                Default_Handler
                0x0000000008000444                TIM14_IRQHandler
                0x0000000008000444                DMA1_Channel4_5_IRQHandler
                0x0000000008000444                SVC_Handler
                0x0000000008000444                WWDG_IRQHandler
                0x0000000008000444                FLASH_IRQHandler
 *fill*         0x0000000008000446        0x2 
 .text.ASPEP_start
                0x0000000008000448       0x24 ./Application/User/aspep.o
                0x0000000008000448                ASPEP_start
 .text.ASPEP_sendBeacon
                0x000000000800046c       0x88 ./Application/User/aspep.o
                0x000000000800046c                ASPEP_sendBeacon
 .text.ASPEP_sendPing
                0x00000000080004f4       0x94 ./Application/User/aspep.o
                0x00000000080004f4                ASPEP_sendPing
 .text.ASPEP_getBuffer
                0x0000000008000588       0x24 ./Application/User/aspep.o
                0x0000000008000588                ASPEP_getBuffer
 .text.ASPEP_sendPacket
                0x00000000080005ac       0xf0 ./Application/User/aspep.o
                0x00000000080005ac                ASPEP_sendPacket
 .text.ASPEP_HWDataTransmittedIT
                0x000000000800069c       0x5c ./Application/User/aspep.o
                0x000000000800069c                ASPEP_HWDataTransmittedIT
 .text.ASPEP_RXframeProcess
                0x00000000080006f8      0x34c ./Application/User/aspep.o
                0x00000000080006f8                ASPEP_RXframeProcess
 .text.ASPEP_HWDataReceivedIT
                0x0000000008000a44       0x9c ./Application/User/aspep.o
                0x0000000008000a44                ASPEP_HWDataReceivedIT
 .text.ASPEP_HWDMAReset
                0x0000000008000ae0       0x18 ./Application/User/aspep.o
                0x0000000008000ae0                ASPEP_HWDMAReset
 .text.HAL_I2C_ListenCpltCallback
                0x0000000008000af8        0x8 ./Application/User/i2c_slave.o
                0x0000000008000af8                HAL_I2C_ListenCpltCallback
 .text.HAL_I2C_AddrCallback
                0x0000000008000b00       0x40 ./Application/User/i2c_slave.o
                0x0000000008000b00                HAL_I2C_AddrCallback
 .text.HAL_I2C_SlaveTxCpltCallback
                0x0000000008000b40       0x28 ./Application/User/i2c_slave.o
                0x0000000008000b40                HAL_I2C_SlaveTxCpltCallback
 .text.HAL_I2C_SlaveRxCpltCallback
                0x0000000008000b68       0x30 ./Application/User/i2c_slave.o
                0x0000000008000b68                HAL_I2C_SlaveRxCpltCallback
 .text.HAL_I2C_ErrorCallback
                0x0000000008000b98        0x8 ./Application/User/i2c_slave.o
                0x0000000008000b98                HAL_I2C_ErrorCallback
 .text.SystemClock_Config
                0x0000000008000ba0       0x80 ./Application/User/main.o
                0x0000000008000ba0                SystemClock_Config
 .text.startup.main
                0x0000000008000c20      0x37c ./Application/User/main.o
                0x0000000008000c20                main
 .text.Error_Handler
                0x0000000008000f9c        0x4 ./Application/User/main.o
                0x0000000008000f9c                Error_Handler
 .text.MC_StartMotor1
                0x0000000008000fa0       0x10 ./Application/User/mc_api.o
                0x0000000008000fa0                MC_StartMotor1
 .text.MC_StopMotor1
                0x0000000008000fb0       0x10 ./Application/User/mc_api.o
                0x0000000008000fb0                MC_StopMotor1
 .text.MC_GetMecSpeedReferenceMotor1
                0x0000000008000fc0       0x10 ./Application/User/mc_api.o
                0x0000000008000fc0                MC_GetMecSpeedReferenceMotor1
 .text.MC_GetSTMStateMotor1
                0x0000000008000fd0       0x10 ./Application/User/mc_api.o
                0x0000000008000fd0                MC_GetSTMStateMotor1
 .text.MC_APP_BootHook
                0x0000000008000fe0        0x4 ./Application/User/mc_app_hooks.o
                0x0000000008000fe0                MC_APP_BootHook
 .text.MC_APP_PostMediumFrequencyHook_M1
                0x0000000008000fe4        0x4 ./Application/User/mc_app_hooks.o
                0x0000000008000fe4                MC_APP_PostMediumFrequencyHook_M1
 .text.MCI_Init
                0x0000000008000fe8       0x18 ./Application/User/mc_interface.o
                0x0000000008000fe8                MCI_Init
 .text.MCI_ExecSpeedRamp
                0x0000000008001000       0x24 ./Application/User/mc_interface.o
                0x0000000008001000                MCI_ExecSpeedRamp
 .text.MCI_FaultProcessing
                0x0000000008001024       0x10 ./Application/User/mc_interface.o
                0x0000000008001024                MCI_FaultProcessing
 .text.MCI_ExecBufferedCommands
                0x0000000008001034       0x3c ./Application/User/mc_interface.o
                0x0000000008001034                MCI_ExecBufferedCommands
 .text.MCI_GetSTMState
                0x0000000008001070        0x4 ./Application/User/mc_interface.o
                0x0000000008001070                MCI_GetSTMState
 .text.MCI_GetOccurredFaults
                0x0000000008001074        0x4 ./Application/User/mc_interface.o
                0x0000000008001074                MCI_GetOccurredFaults
 .text.MCI_GetCurrentFaults
                0x0000000008001078        0x4 ./Application/User/mc_interface.o
                0x0000000008001078                MCI_GetCurrentFaults
 .text.MCI_StartMotor
                0x000000000800107c       0x30 ./Application/User/mc_interface.o
                0x000000000800107c                MCI_StartMotor
 .text.MCI_StopMotor
                0x00000000080010ac       0x3c ./Application/User/mc_interface.o
                0x00000000080010ac                MCI_StopMotor
 .text.MCI_FaultAcknowledged
                0x00000000080010e8       0x24 ./Application/User/mc_interface.o
                0x00000000080010e8                MCI_FaultAcknowledged
 .text.MCI_GetFaultState
                0x000000000800110c        0xc ./Application/User/mc_interface.o
                0x000000000800110c                MCI_GetFaultState
 .text.MCI_GetControlMode
                0x0000000008001118        0x4 ./Application/User/mc_interface.o
                0x0000000008001118                MCI_GetControlMode
 .text.MCI_GetImposedMotorDirection
                0x000000000800111c       0x1c ./Application/User/mc_interface.o
                0x000000000800111c                MCI_GetImposedMotorDirection
 .text.MCI_GetLastRampFinalSpeed
                0x0000000008001138        0x8 ./Application/User/mc_interface.o
                0x0000000008001138                MCI_GetLastRampFinalSpeed
 .text.MCI_GetLastRampFinalDuration
                0x0000000008001140        0x4 ./Application/User/mc_interface.o
                0x0000000008001140                MCI_GetLastRampFinalDuration
 .text.MCI_StopRamp
                0x0000000008001144        0xc ./Application/User/mc_interface.o
                0x0000000008001144                MCI_StopRamp
 .text.MCI_GetAvrgMecSpeedUnit
                0x0000000008001150       0x10 ./Application/User/mc_interface.o
                0x0000000008001150                MCI_GetAvrgMecSpeedUnit
 .text.MCI_GetMecSpeedRefUnit
                0x0000000008001160        0xc ./Application/User/mc_interface.o
                0x0000000008001160                MCI_GetMecSpeedRefUnit
 .text.SixStep_Clear
                0x000000000800116c       0x48 ./Application/User/mc_tasks.o
                0x000000000800116c                SixStep_Clear
 .text.MCboot   0x00000000080011b4       0xe0 ./Application/User/mc_tasks.o
                0x00000000080011b4                MCboot
 .text.SixStep_InitAdditionalMethods
                0x0000000008001294        0x4 ./Application/User/mc_tasks.o
                0x0000000008001294                SixStep_InitAdditionalMethods
 .text.SixStep_CalcSpeedRef
                0x0000000008001298       0x28 ./Application/User/mc_tasks.o
                0x0000000008001298                SixStep_CalcSpeedRef
 .text.TSK_SetChargeBootCapDelayM1
                0x00000000080012c0        0xc ./Application/User/mc_tasks.o
                0x00000000080012c0                TSK_SetChargeBootCapDelayM1
 .text.TSK_ChargeBootCapDelayHasElapsedM1
                0x00000000080012cc       0x10 ./Application/User/mc_tasks.o
                0x00000000080012cc                TSK_ChargeBootCapDelayHasElapsedM1
 .text.TSK_SetStopPermanencyTimeM1
                0x00000000080012dc        0xc ./Application/User/mc_tasks.o
                0x00000000080012dc                TSK_SetStopPermanencyTimeM1
 .text.TSK_StopPermanencyTimeHasElapsedM1
                0x00000000080012e8       0x10 ./Application/User/mc_tasks.o
                0x00000000080012e8                TSK_StopPermanencyTimeHasElapsedM1
 .text.TSK_MediumFrequencyTaskM1
                0x00000000080012f8      0x27c ./Application/User/mc_tasks.o
                0x00000000080012f8                TSK_MediumFrequencyTaskM1
 .text.MC_Scheduler
                0x0000000008001574       0x94 ./Application/User/mc_tasks.o
                0x0000000008001574                MC_Scheduler
 .text.TSK_HighFrequencyTask
                0x0000000008001608      0x154 ./Application/User/mc_tasks.o
                0x0000000008001608                TSK_HighFrequencyTask
 .text.TSK_SafetyTask_PWMOFF
                0x000000000800175c       0x7c ./Application/User/mc_tasks.o
                0x000000000800175c                TSK_SafetyTask_PWMOFF
 .text.TSK_SafetyTask
                0x00000000080017d8       0x1c ./Application/User/mc_tasks.o
                0x00000000080017d8                TSK_SafetyTask
 .text.MC_RunMotorControlTasks
                0x00000000080017f4       0x1c ./Application/User/mc_tasks.o
                0x00000000080017f4                MC_RunMotorControlTasks
 .text.TSK_HardwareFaultTask
                0x0000000008001810       0x20 ./Application/User/mc_tasks.o
                0x0000000008001810                TSK_HardwareFaultTask
 .text.UI_HandleStartStopButton_cb
                0x0000000008001830       0x18 ./Application/User/mc_tasks.o
                0x0000000008001830                UI_HandleStartStopButton_cb
 .text.mc_lock_pins
                0x0000000008001848       0xfc ./Application/User/mc_tasks.o
                0x0000000008001848                mc_lock_pins
 .text.RI_SetRegCommandParser
                0x0000000008001944       0xe8 ./Application/User/mcp.o
                0x0000000008001944                RI_SetRegCommandParser
 .text.RI_GetRegCommandParser
                0x0000000008001a2c       0x98 ./Application/User/mcp.o
                0x0000000008001a2c                RI_GetRegCommandParser
 .text.MCP_ReceivedPacket
                0x0000000008001ac4      0x130 ./Application/User/mcp.o
                0x0000000008001ac4                MCP_ReceivedPacket
 .text.MX_MotorControl_Init
                0x0000000008001bf4       0x34 ./Application/User/motorcontrol.o
                0x0000000008001bf4                MX_MotorControl_Init
 .text.RI_SetRegisterGlobal
                0x0000000008001c28       0xac ./Application/User/register_interface.o
                0x0000000008001c28                RI_SetRegisterGlobal
 .text.RI_SetRegisterMotor1
                0x0000000008001cd4      0x1a0 ./Application/User/register_interface.o
                0x0000000008001cd4                RI_SetRegisterMotor1
 .text.RI_GetRegisterGlobal
                0x0000000008001e74       0xac ./Application/User/register_interface.o
                0x0000000008001e74                RI_GetRegisterGlobal
 .text.RI_GetRegisterMotor1
                0x0000000008001f20      0x1fc ./Application/User/register_interface.o
                0x0000000008001f20                RI_GetRegisterMotor1
 .text.RCM_RegisterRegConv
                0x000000000800211c      0x170 ./Application/User/regular_conversion_manager.o
                0x000000000800211c                RCM_RegisterRegConv
 .text.RCM_ExecRegularConv
                0x000000000800228c      0x188 ./Application/User/regular_conversion_manager.o
                0x000000000800228c                RCM_ExecRegularConv
 .text.RCM_ExecUserConv
                0x0000000008002414       0x64 ./Application/User/regular_conversion_manager.o
                0x0000000008002414                RCM_ExecUserConv
 .text.RCM_ExecNextConv
                0x0000000008002478       0x70 ./Application/User/regular_conversion_manager.o
                0x0000000008002478                RCM_ExecNextConv
 .text.RCM_ReadOngoingConv
                0x00000000080024e8       0x5c ./Application/User/regular_conversion_manager.o
                0x00000000080024e8                RCM_ReadOngoingConv
 .text.HAL_MspInit
                0x0000000008002544       0x30 ./Application/User/stm32f0xx_hal_msp.o
                0x0000000008002544                HAL_MspInit
 .text.HAL_ADC_MspInit
                0x0000000008002574       0xc8 ./Application/User/stm32f0xx_hal_msp.o
                0x0000000008002574                HAL_ADC_MspInit
 .text.HAL_I2C_MspInit
                0x000000000800263c       0x78 ./Application/User/stm32f0xx_hal_msp.o
                0x000000000800263c                HAL_I2C_MspInit
 .text.HAL_TIM_PWM_MspInit
                0x00000000080026b4       0x68 ./Application/User/stm32f0xx_hal_msp.o
                0x00000000080026b4                HAL_TIM_PWM_MspInit
 .text.HAL_TIM_Base_MspInit
                0x000000000800271c       0x28 ./Application/User/stm32f0xx_hal_msp.o
                0x000000000800271c                HAL_TIM_Base_MspInit
 .text.HAL_TIM_MspPostInit
                0x0000000008002744       0x88 ./Application/User/stm32f0xx_hal_msp.o
                0x0000000008002744                HAL_TIM_MspPostInit
 .text.I2C1_IRQHandler
                0x00000000080027cc       0x20 ./Application/User/stm32f0xx_it.o
                0x00000000080027cc                I2C1_IRQHandler
 .text.TIM1_BRK_UP_TRG_COM_IRQHandler
                0x00000000080027ec       0x44 ./Application/User/stm32f0xx_mc_it.o
                0x00000000080027ec                TIM1_BRK_UP_TRG_COM_IRQHandler
 .text.DMA1_Channel1_IRQHandler
                0x0000000008002830       0x34 ./Application/User/stm32f0xx_mc_it.o
                0x0000000008002830                DMA1_Channel1_IRQHandler
 .text.TIM2_IRQHandler
                0x0000000008002864       0x30 ./Application/User/stm32f0xx_mc_it.o
                0x0000000008002864                TIM2_IRQHandler
 .text.DMA1_Channel2_3_IRQHandler
                0x0000000008002894       0x20 ./Application/User/stm32f0xx_mc_it.o
                0x0000000008002894                DMA1_Channel2_3_IRQHandler
 .text.USART1_IRQHandler
                0x00000000080028b4       0xa0 ./Application/User/stm32f0xx_mc_it.o
                0x00000000080028b4                USART1_IRQHandler
 .text.HardFault_Handler
                0x0000000008002954        0x8 ./Application/User/stm32f0xx_mc_it.o
                0x0000000008002954                HardFault_Handler
 .text.SysTick_Handler
                0x000000000800295c       0x44 ./Application/User/stm32f0xx_mc_it.o
                0x000000000800295c                SysTick_Handler
 .text.EXTI0_1_IRQHandler
                0x00000000080029a0       0x1c ./Application/User/stm32f0xx_mc_it.o
                0x00000000080029a0                EXTI0_1_IRQHandler
 .text.UASPEP_INIT
                0x00000000080029bc       0x8c ./Application/User/usart_aspep_driver.o
                0x00000000080029bc                UASPEP_INIT
 .text.UASPEP_SEND_PACKET
                0x0000000008002a48       0x38 ./Application/User/usart_aspep_driver.o
                0x0000000008002a48                UASPEP_SEND_PACKET
 .text.UASPEP_RECEIVE_BUFFER
                0x0000000008002a80       0x30 ./Application/User/usart_aspep_driver.o
                0x0000000008002a80                UASPEP_RECEIVE_BUFFER
 .text.UASPEP_IDLE_ENABLE
                0x0000000008002ab0       0x1c ./Application/User/usart_aspep_driver.o
                0x0000000008002ab0                UASPEP_IDLE_ENABLE
 .text.SystemInit
                0x0000000008002acc        0x4 ./Drivers/CMSIS/system_stm32f0xx.o
                0x0000000008002acc                SystemInit
 .text.HAL_InitTick
                0x0000000008002ad0       0x4c ./Drivers/STM32F0xx_HAL_Driver/stm32f0xx_hal.o
                0x0000000008002ad0                HAL_InitTick
 .text.HAL_Init
                0x0000000008002b1c       0x20 ./Drivers/STM32F0xx_HAL_Driver/stm32f0xx_hal.o
                0x0000000008002b1c                HAL_Init
 .text.HAL_IncTick
                0x0000000008002b3c       0x18 ./Drivers/STM32F0xx_HAL_Driver/stm32f0xx_hal.o
                0x0000000008002b3c                HAL_IncTick
 .text.HAL_GetTick
                0x0000000008002b54        0xc ./Drivers/STM32F0xx_HAL_Driver/stm32f0xx_hal.o
                0x0000000008002b54                HAL_GetTick
 .text.HAL_ADC_Init
                0x0000000008002b60      0x150 ./Drivers/STM32F0xx_HAL_Driver/stm32f0xx_hal_adc.o
                0x0000000008002b60                HAL_ADC_Init
 .text.HAL_ADC_ConfigChannel
                0x0000000008002cb0      0x128 ./Drivers/STM32F0xx_HAL_Driver/stm32f0xx_hal_adc.o
                0x0000000008002cb0                HAL_ADC_ConfigChannel
 .text.HAL_NVIC_SetPriority
                0x0000000008002dd8       0x64 ./Drivers/STM32F0xx_HAL_Driver/stm32f0xx_hal_cortex.o
                0x0000000008002dd8                HAL_NVIC_SetPriority
 .text.HAL_NVIC_EnableIRQ
                0x0000000008002e3c       0x18 ./Drivers/STM32F0xx_HAL_Driver/stm32f0xx_hal_cortex.o
                0x0000000008002e3c                HAL_NVIC_EnableIRQ
 .text.HAL_SYSTICK_Config
                0x0000000008002e54       0x34 ./Drivers/STM32F0xx_HAL_Driver/stm32f0xx_hal_cortex.o
                0x0000000008002e54                HAL_SYSTICK_Config
 .text.HAL_SYSTICK_Callback
                0x0000000008002e88        0x4 ./Drivers/STM32F0xx_HAL_Driver/stm32f0xx_hal_cortex.o
                0x0000000008002e88                HAL_SYSTICK_Callback
 .text.HAL_SYSTICK_IRQHandler
                0x0000000008002e8c        0x8 ./Drivers/STM32F0xx_HAL_Driver/stm32f0xx_hal_cortex.o
                0x0000000008002e8c                HAL_SYSTICK_IRQHandler
 .text.HAL_DMA_Init
                0x0000000008002e94       0x68 ./Drivers/STM32F0xx_HAL_Driver/stm32f0xx_hal_dma.o
                0x0000000008002e94                HAL_DMA_Init
 .text.HAL_DMA_Abort_IT
                0x0000000008002efc       0x48 ./Drivers/STM32F0xx_HAL_Driver/stm32f0xx_hal_dma.o
                0x0000000008002efc                HAL_DMA_Abort_IT
 .text.HAL_DMA_GetState
                0x0000000008002f44        0x8 ./Drivers/STM32F0xx_HAL_Driver/stm32f0xx_hal_dma.o
                0x0000000008002f44                HAL_DMA_GetState
 .text.HAL_GPIO_Init
                0x0000000008002f4c      0x1fc ./Drivers/STM32F0xx_HAL_Driver/stm32f0xx_hal_gpio.o
                0x0000000008002f4c                HAL_GPIO_Init
 .text.HAL_GPIO_WritePin
                0x0000000008003148        0xc ./Drivers/STM32F0xx_HAL_Driver/stm32f0xx_hal_gpio.o
                0x0000000008003148                HAL_GPIO_WritePin
 .text.HAL_I2C_Init
                0x0000000008003154       0xb4 ./Drivers/STM32F0xx_HAL_Driver/stm32f0xx_hal_i2c.o
                0x0000000008003154                HAL_I2C_Init
 .text.HAL_I2C_Slave_Seq_Transmit_IT
                0x0000000008003208       0xf8 ./Drivers/STM32F0xx_HAL_Driver/stm32f0xx_hal_i2c.o
                0x0000000008003208                HAL_I2C_Slave_Seq_Transmit_IT
 .text.HAL_I2C_Slave_Seq_Receive_IT
                0x0000000008003300       0xfc ./Drivers/STM32F0xx_HAL_Driver/stm32f0xx_hal_i2c.o
                0x0000000008003300                HAL_I2C_Slave_Seq_Receive_IT
 .text.HAL_I2C_EnableListen_IT
                0x00000000080033fc       0x28 ./Drivers/STM32F0xx_HAL_Driver/stm32f0xx_hal_i2c.o
                0x00000000080033fc                HAL_I2C_EnableListen_IT
 .text.HAL_I2C_EV_IRQHandler
                0x0000000008003424       0x14 ./Drivers/STM32F0xx_HAL_Driver/stm32f0xx_hal_i2c.o
                0x0000000008003424                HAL_I2C_EV_IRQHandler
 .text.I2C_ITSlaveSeqCplt
                0x0000000008003438       0x9c ./Drivers/STM32F0xx_HAL_Driver/stm32f0xx_hal_i2c.o
 .text.I2C_ITAddrCplt.part.0
                0x00000000080034d4       0x8c ./Drivers/STM32F0xx_HAL_Driver/stm32f0xx_hal_i2c.o
 .text.HAL_I2C_AbortCpltCallback
                0x0000000008003560        0x4 ./Drivers/STM32F0xx_HAL_Driver/stm32f0xx_hal_i2c.o
                0x0000000008003560                HAL_I2C_AbortCpltCallback
 .text.I2C_DMAAbort
                0x0000000008003564       0x40 ./Drivers/STM32F0xx_HAL_Driver/stm32f0xx_hal_i2c.o
 .text.I2C_ITError
                0x00000000080035a4      0x168 ./Drivers/STM32F0xx_HAL_Driver/stm32f0xx_hal_i2c.o
 .text.HAL_I2C_ER_IRQHandler
                0x000000000800370c       0x78 ./Drivers/STM32F0xx_HAL_Driver/stm32f0xx_hal_i2c.o
                0x000000000800370c                HAL_I2C_ER_IRQHandler
 .text.I2C_ITSlaveCplt.constprop.0
                0x0000000008003784      0x170 ./Drivers/STM32F0xx_HAL_Driver/stm32f0xx_hal_i2c.o
 .text.I2C_Slave_ISR_IT
                0x00000000080038f4      0x1b8 ./Drivers/STM32F0xx_HAL_Driver/stm32f0xx_hal_i2c.o
 .text.HAL_I2CEx_ConfigAnalogFilter
                0x0000000008003aac       0x4c ./Drivers/STM32F0xx_HAL_Driver/stm32f0xx_hal_i2c_ex.o
                0x0000000008003aac                HAL_I2CEx_ConfigAnalogFilter
 .text.HAL_I2CEx_ConfigDigitalFilter
                0x0000000008003af8       0x5c ./Drivers/STM32F0xx_HAL_Driver/stm32f0xx_hal_i2c_ex.o
                0x0000000008003af8                HAL_I2CEx_ConfigDigitalFilter
 .text.HAL_RCC_OscConfig
                0x0000000008003b54      0x4b4 ./Drivers/STM32F0xx_HAL_Driver/stm32f0xx_hal_rcc.o
                0x0000000008003b54                HAL_RCC_OscConfig
 .text.HAL_RCC_ClockConfig
                0x0000000008004008      0x160 ./Drivers/STM32F0xx_HAL_Driver/stm32f0xx_hal_rcc.o
                0x0000000008004008                HAL_RCC_ClockConfig
 .text.HAL_RCC_GetHCLKFreq
                0x0000000008004168        0xc ./Drivers/STM32F0xx_HAL_Driver/stm32f0xx_hal_rcc.o
                0x0000000008004168                HAL_RCC_GetHCLKFreq
 .text.HAL_RCCEx_PeriphCLKConfig
                0x0000000008004174      0x13c ./Drivers/STM32F0xx_HAL_Driver/stm32f0xx_hal_rcc_ex.o
                0x0000000008004174                HAL_RCCEx_PeriphCLKConfig
 .text.HAL_TIM_Base_Init
                0x00000000080042b0       0xf0 ./Drivers/STM32F0xx_HAL_Driver/stm32f0xx_hal_tim.o
                0x00000000080042b0                HAL_TIM_Base_Init
 .text.HAL_TIM_PWM_Init
                0x00000000080043a0       0xf0 ./Drivers/STM32F0xx_HAL_Driver/stm32f0xx_hal_tim.o
                0x00000000080043a0                HAL_TIM_PWM_Init
 .text.HAL_TIM_PWM_ConfigChannel
                0x0000000008004490      0x240 ./Drivers/STM32F0xx_HAL_Driver/stm32f0xx_hal_tim.o
                0x0000000008004490                HAL_TIM_PWM_ConfigChannel
 .text.HAL_TIM_ConfigClockSource
                0x00000000080046d0      0x170 ./Drivers/STM32F0xx_HAL_Driver/stm32f0xx_hal_tim.o
                0x00000000080046d0                HAL_TIM_ConfigClockSource
 .text.HAL_TIMEx_MasterConfigSynchronization
                0x0000000008004840       0x5c ./Drivers/STM32F0xx_HAL_Driver/stm32f0xx_hal_tim_ex.o
                0x0000000008004840                HAL_TIMEx_MasterConfigSynchronization
 .text.HAL_TIMEx_ConfigBreakDeadTime
                0x000000000800489c       0x64 ./Drivers/STM32F0xx_HAL_Driver/stm32f0xx_hal_tim_ex.o
                0x000000000800489c                HAL_TIMEx_ConfigBreakDeadTime
 .text.VBS_GetAvBusVoltage_V
                0x0000000008004900        0xc ./Middlewares/MotorControl/bus_voltage_sensor.o
                0x0000000008004900                VBS_GetAvBusVoltage_V
 .text.BADC_Init
                0x000000000800490c      0x16c ./Middlewares/MotorControl/f0xx_bemf_ADC_fdbk.o
                0x000000000800490c                BADC_Init
 .text.BADC_Clear
                0x0000000008004a78       0x60 ./Middlewares/MotorControl/f0xx_bemf_ADC_fdbk.o
                0x0000000008004a78                BADC_Clear
 .text.BADC_Start
                0x0000000008004ad8      0x120 ./Middlewares/MotorControl/f0xx_bemf_ADC_fdbk.o
                0x0000000008004ad8                BADC_Start
 .text.BADC_Stop
                0x0000000008004bf8       0x28 ./Middlewares/MotorControl/f0xx_bemf_ADC_fdbk.o
                0x0000000008004bf8                BADC_Stop
 .text.BADC_SpeedMeasureOn
                0x0000000008004c20       0x14 ./Middlewares/MotorControl/f0xx_bemf_ADC_fdbk.o
                0x0000000008004c20                BADC_SpeedMeasureOn
 .text.BADC_SpeedMeasureOff
                0x0000000008004c34       0x10 ./Middlewares/MotorControl/f0xx_bemf_ADC_fdbk.o
                0x0000000008004c34                BADC_SpeedMeasureOff
 .text.BADC_SetSamplingPoint
                0x0000000008004c44       0x64 ./Middlewares/MotorControl/f0xx_bemf_ADC_fdbk.o
                0x0000000008004c44                BADC_SetSamplingPoint
 .text.BADC_IsZcDetected
                0x0000000008004ca8      0x168 ./Middlewares/MotorControl/f0xx_bemf_ADC_fdbk.o
                0x0000000008004ca8                BADC_IsZcDetected
 .text.BADC_CalcAvrgMecSpeedUnit
                0x0000000008004e10      0x170 ./Middlewares/MotorControl/f0xx_bemf_ADC_fdbk.o
                0x0000000008004e10                BADC_CalcAvrgMecSpeedUnit
 .text.BADC_SetDirection
                0x0000000008004f80        0xc ./Middlewares/MotorControl/f0xx_bemf_ADC_fdbk.o
                0x0000000008004f80                BADC_SetDirection
 .text.BADC_IsObserverConverged
                0x0000000008004f8c        0x8 ./Middlewares/MotorControl/f0xx_bemf_ADC_fdbk.o
                0x0000000008004f8c                BADC_IsObserverConverged
 .text.BADC_CalcElAngle
                0x0000000008004f94       0x4c ./Middlewares/MotorControl/f0xx_bemf_ADC_fdbk.o
                0x0000000008004f94                BADC_CalcElAngle
 .text.BADC_StepChangeEvent
                0x0000000008004fe0       0xb8 ./Middlewares/MotorControl/f0xx_bemf_ADC_fdbk.o
                0x0000000008004fe0                BADC_StepChangeEvent
 .text.BADC_CalcRevUpDemagTime
                0x0000000008005098       0x44 ./Middlewares/MotorControl/f0xx_bemf_ADC_fdbk.o
                0x0000000008005098                BADC_CalcRevUpDemagTime
 .text.BADC_CalcRunDemagTime
                0x00000000080050dc       0x3c ./Middlewares/MotorControl/f0xx_bemf_ADC_fdbk.o
                0x00000000080050dc                BADC_CalcRunDemagTime
 .text.BADC_SetLoopClosed
                0x0000000008005118        0x8 ./Middlewares/MotorControl/f0xx_bemf_ADC_fdbk.o
                0x0000000008005118                BADC_SetLoopClosed
 .text.BADC_ClearStepUpdate
                0x0000000008005120       0x2c ./Middlewares/MotorControl/f0xx_bemf_ADC_fdbk.o
                0x0000000008005120                BADC_ClearStepUpdate
 .text.NTC_Clear
                0x000000000800514c        0x8 ./Middlewares/MotorControl/ntc_temperature_sensor.o
                0x000000000800514c                NTC_Clear
 .text.NTC_Init
                0x0000000008005154       0x18 ./Middlewares/MotorControl/ntc_temperature_sensor.o
                0x0000000008005154                NTC_Init
 .text.NTC_GetAvTemp_C
                0x000000000800516c       0x20 ./Middlewares/MotorControl/ntc_temperature_sensor.o
                0x000000000800516c                NTC_GetAvTemp_C
 .text.PID_HandleInit
                0x000000000800518c       0x10 ./Middlewares/MotorControl/pid_regulator.o
                0x000000000800518c                PID_HandleInit
 .text.PID_SetKP
                0x000000000800519c        0x4 ./Middlewares/MotorControl/pid_regulator.o
                0x000000000800519c                PID_SetKP
 .text.PID_SetKI
                0x00000000080051a0        0x4 ./Middlewares/MotorControl/pid_regulator.o
                0x00000000080051a0                PID_SetKI
 .text.PID_GetKP
                0x00000000080051a4        0x8 ./Middlewares/MotorControl/pid_regulator.o
                0x00000000080051a4                PID_GetKP
 .text.PID_GetKI
                0x00000000080051ac        0x8 ./Middlewares/MotorControl/pid_regulator.o
                0x00000000080051ac                PID_GetKI
 .text.PID_SetIntegralTerm
                0x00000000080051b4        0x4 ./Middlewares/MotorControl/pid_regulator.o
                0x00000000080051b4                PID_SetIntegralTerm
 .text.PID_GetKIDivisor
                0x00000000080051b8        0x4 ./Middlewares/MotorControl/pid_regulator.o
                0x00000000080051b8                PID_GetKIDivisor
 .text.PID_SetKD
                0x00000000080051bc        0x4 ./Middlewares/MotorControl/pid_regulator.o
                0x00000000080051bc                PID_SetKD
 .text.PID_GetKD
                0x00000000080051c0        0x8 ./Middlewares/MotorControl/pid_regulator.o
                0x00000000080051c0                PID_GetKD
 .text.PI_Controller
                0x00000000080051c8       0x80 ./Middlewares/MotorControl/pid_regulator.o
                0x00000000080051c8                PI_Controller
 .text.PWMC_SwitchOffPWM
                0x0000000008005248        0x8 ./Middlewares/MotorControl/pwm_common_sixstep.o
                0x0000000008005248                PWMC_SwitchOffPWM
 .text.PWMC_SwitchOnPWM
                0x0000000008005250        0x8 ./Middlewares/MotorControl/pwm_common_sixstep.o
                0x0000000008005250                PWMC_SwitchOnPWM
 .text.PWMC_SetADCTriggerChannel
                0x0000000008005258        0x8 ./Middlewares/MotorControl/pwm_common_sixstep.o
                0x0000000008005258                PWMC_SetADCTriggerChannel
 .text.PWMC_SetAlignFlag
                0x0000000008005260        0x4 ./Middlewares/MotorControl/pwm_common_sixstep.o
                0x0000000008005260                PWMC_SetAlignFlag
 .text.PWMC_ForceFastDemagTime
                0x0000000008005264        0x4 ./Middlewares/MotorControl/pwm_common_sixstep.o
                0x0000000008005264                PWMC_ForceFastDemagTime
 .text.PWMC_SetFastDemagState
                0x0000000008005268        0xc ./Middlewares/MotorControl/pwm_common_sixstep.o
                0x0000000008005268                PWMC_SetFastDemagState
 .text.PWMC_SetQuasiSynchState
                0x0000000008005274       0x10 ./Middlewares/MotorControl/pwm_common_sixstep.o
                0x0000000008005274                PWMC_SetQuasiSynchState
 .text.PWMC_GetFastDemagState
                0x0000000008005284       0x10 ./Middlewares/MotorControl/pwm_common_sixstep.o
                0x0000000008005284                PWMC_GetFastDemagState
 .text.PWMC_GetQuasiSynchState
                0x0000000008005294       0x10 ./Middlewares/MotorControl/pwm_common_sixstep.o
                0x0000000008005294                PWMC_GetQuasiSynchState
 .text.PWMC_ElAngleToStep
                0x00000000080052a4       0x68 ./Middlewares/MotorControl/pwm_common_sixstep.o
                0x00000000080052a4                PWMC_ElAngleToStep
 .text.PWMC_IsFaultOccurred
                0x000000000800530c       0x40 ./Middlewares/MotorControl/pwm_common_sixstep.o
                0x000000000800530c                PWMC_IsFaultOccurred
 .text.SixPwm_Init
                0x000000000800534c       0x6c ./Middlewares/MotorControl/pwmc_6pwm.o
                0x000000000800534c                SixPwm_Init
 .text.PWMC_SetPhaseVoltage
                0x00000000080053b8        0x4 ./Middlewares/MotorControl/pwmc_6pwm.o
                0x00000000080053b8                PWMC_SetPhaseVoltage
 .text.SixPwm_ApplyNextStep
                0x00000000080053bc       0x2c ./Middlewares/MotorControl/pwmc_6pwm.o
                0x00000000080053bc                SixPwm_ApplyNextStep
 .text.SixPwm_IsFastDemagUpdated
                0x00000000080053e8        0x8 ./Middlewares/MotorControl/pwmc_6pwm.o
                0x00000000080053e8                SixPwm_IsFastDemagUpdated
 .text.SixPwm_ResetOCPolarity
                0x00000000080053f0       0x5c ./Middlewares/MotorControl/pwmc_6pwm.o
                0x00000000080053f0                SixPwm_ResetOCPolarity
 .text.SixPwm_LoadNextStep
                0x000000000800544c      0x468 ./Middlewares/MotorControl/pwmc_6pwm.o
                0x000000000800544c                SixPwm_LoadNextStep
 .text.SixPwm_TurnOnLowSides
                0x00000000080058b4       0x30 ./Middlewares/MotorControl/pwmc_6pwm.o
                0x00000000080058b4                SixPwm_TurnOnLowSides
 .text.SixPwm_SwitchOnPWM
                0x00000000080058e4       0x94 ./Middlewares/MotorControl/pwmc_6pwm.o
                0x00000000080058e4                SixPwm_SwitchOnPWM
 .text.SixPwm_SetADCTriggerChannel
                0x0000000008005978        0xc ./Middlewares/MotorControl/pwmc_6pwm.o
                0x0000000008005978                SixPwm_SetADCTriggerChannel
 .text.SixPwm_SwitchOffPWM
                0x0000000008005984       0x34 ./Middlewares/MotorControl/pwmc_6pwm.o
                0x0000000008005984                SixPwm_SwitchOffPWM
 .text.SixPwm_BRK_IRQHandler
                0x00000000080059b8       0x1c ./Middlewares/MotorControl/pwmc_6pwm.o
                0x00000000080059b8                SixPwm_BRK_IRQHandler
 .text.SixPwm_FastDemagFlag
                0x00000000080059d4        0x8 ./Middlewares/MotorControl/pwmc_6pwm.o
                0x00000000080059d4                SixPwm_FastDemagFlag
 .text.SixPwm_QuasiSynchFlag
                0x00000000080059dc        0x8 ./Middlewares/MotorControl/pwmc_6pwm.o
                0x00000000080059dc                SixPwm_QuasiSynchFlag
 .text.SixPwm_UpdatePwmDemagCounter
                0x00000000080059e4       0x20 ./Middlewares/MotorControl/pwmc_6pwm.o
                0x00000000080059e4                SixPwm_UpdatePwmDemagCounter
 .text.SixPwm_DisablePwmDemagCounter
                0x0000000008005a04       0x10 ./Middlewares/MotorControl/pwmc_6pwm.o
                0x0000000008005a04                SixPwm_DisablePwmDemagCounter
 .text.RVBS_Clear
                0x0000000008005a14       0x30 ./Middlewares/MotorControl/r_divider_bus_voltage_sensor.o
                0x0000000008005a14                RVBS_Clear
 .text.RVBS_Init
                0x0000000008005a44        0x8 ./Middlewares/MotorControl/r_divider_bus_voltage_sensor.o
                0x0000000008005a44                RVBS_Init
 .text.RVBS_CheckFaultState
                0x0000000008005a4c       0x4c ./Middlewares/MotorControl/r_divider_bus_voltage_sensor.o
                0x0000000008005a4c                RVBS_CheckFaultState
 .text.RVBS_CalcAvVbus
                0x0000000008005a98       0x68 ./Middlewares/MotorControl/r_divider_bus_voltage_sensor.o
                0x0000000008005a98                RVBS_CalcAvVbus
 .text.RUC_Init
                0x0000000008005b00       0x64 ./Middlewares/MotorControl/revup_ctrl_sixstep.o
                0x0000000008005b00                RUC_Init
 .text.RUC_Clear
                0x0000000008005b64       0x88 ./Middlewares/MotorControl/revup_ctrl_sixstep.o
                0x0000000008005b64                RUC_Clear
 .text.RUC_UpdatePulse
                0x0000000008005bec       0x1c ./Middlewares/MotorControl/revup_ctrl_sixstep.o
                0x0000000008005bec                RUC_UpdatePulse
 .text.RUC_Exec
                0x0000000008005c08       0x74 ./Middlewares/MotorControl/revup_ctrl_sixstep.o
                0x0000000008005c08                RUC_Exec
 .text.RUC_IsAlignStageNow
                0x0000000008005c7c       0x20 ./Middlewares/MotorControl/revup_ctrl_sixstep.o
                0x0000000008005c7c                RUC_IsAlignStageNow
 .text.RUC_FirstAccelerationStageReached
                0x0000000008005c9c       0x1c ./Middlewares/MotorControl/revup_ctrl_sixstep.o
                0x0000000008005c9c                RUC_FirstAccelerationStageReached
 .text.RUC_GetDirection
                0x0000000008005cb8       0x10 ./Middlewares/MotorControl/revup_ctrl_sixstep.o
                0x0000000008005cb8                RUC_GetDirection
 .text.STC_Init
                0x0000000008005cc8       0x28 ./Middlewares/MotorControl/speed_ctrl.o
                0x0000000008005cc8                STC_Init
 .text.STC_SetSpeedSensor
                0x0000000008005cf0        0x8 ./Middlewares/MotorControl/speed_ctrl.o
                0x0000000008005cf0                STC_SetSpeedSensor
 .text.STC_GetSpeedSensor
                0x0000000008005cf8        0xc ./Middlewares/MotorControl/speed_ctrl.o
                0x0000000008005cf8                STC_GetSpeedSensor
 .text.STC_Clear
                0x0000000008005d04       0x20 ./Middlewares/MotorControl/speed_ctrl.o
                0x0000000008005d04                STC_Clear
 .text.STC_GetMecSpeedRefUnit
                0x0000000008005d24       0x18 ./Middlewares/MotorControl/speed_ctrl.o
                0x0000000008005d24                STC_GetMecSpeedRefUnit
 .text.STC_GetDutyCycleRef
                0x0000000008005d3c        0xc ./Middlewares/MotorControl/speed_ctrl.o
                0x0000000008005d3c                STC_GetDutyCycleRef
 .text.STC_SetControlMode
                0x0000000008005d48        0xc ./Middlewares/MotorControl/speed_ctrl.o
                0x0000000008005d48                STC_SetControlMode
 .text.STC_ExecRamp
                0x0000000008005d54       0x88 ./Middlewares/MotorControl/speed_ctrl.o
                0x0000000008005d54                STC_ExecRamp
 .text.STC_StopRamp
                0x0000000008005ddc        0xc ./Middlewares/MotorControl/speed_ctrl.o
                0x0000000008005ddc                STC_StopRamp
 .text.STC_CalcSpeedReference
                0x0000000008005de8       0x88 ./Middlewares/MotorControl/speed_ctrl.o
                0x0000000008005de8                STC_CalcSpeedReference
 .text.STC_GetMecSpeedRefUnitDefault
                0x0000000008005e70       0x10 ./Middlewares/MotorControl/speed_ctrl.o
                0x0000000008005e70                STC_GetMecSpeedRefUnitDefault
 .text.STC_ForceSpeedReferenceToCurrentSpeed
                0x0000000008005e80       0x14 ./Middlewares/MotorControl/speed_ctrl.o
                0x0000000008005e80                STC_ForceSpeedReferenceToCurrentSpeed
 .text.SPD_GetElAngle
                0x0000000008005e94        0x8 ./Middlewares/MotorControl/speed_pos_fdbk.o
                0x0000000008005e94                SPD_GetElAngle
 .text.SPD_GetAvrgMecSpeedUnit
                0x0000000008005e9c        0x8 ./Middlewares/MotorControl/speed_pos_fdbk.o
                0x0000000008005e9c                SPD_GetAvrgMecSpeedUnit
 .text.SPD_GetElSpeedDpp
                0x0000000008005ea4        0x8 ./Middlewares/MotorControl/speed_pos_fdbk.o
                0x0000000008005ea4                SPD_GetElSpeedDpp
 .text.SPD_IsMecSpeedReliable
                0x0000000008005eac       0x60 ./Middlewares/MotorControl/speed_pos_fdbk.o
                0x0000000008005eac                SPD_IsMecSpeedReliable
 .text.VSS_Clear
                0x0000000008005f0c       0x1c ./Middlewares/MotorControl/virtual_speed_sensor.o
                0x0000000008005f0c                VSS_Clear
 .text.VSS_Init
                0x0000000008005f28        0x8 ./Middlewares/MotorControl/virtual_speed_sensor.o
                0x0000000008005f28                VSS_Init
 .text.VSS_CalcElAngle
                0x0000000008005f30       0xb0 ./Middlewares/MotorControl/virtual_speed_sensor.o
                0x0000000008005f30                VSS_CalcElAngle
 .text.VSS_CalcAvrgMecSpeedUnit
                0x0000000008005fe0       0x88 ./Middlewares/MotorControl/virtual_speed_sensor.o
                0x0000000008005fe0                VSS_CalcAvrgMecSpeedUnit
 .text.VSS_SetMecAngle
                0x0000000008006068       0x18 ./Middlewares/MotorControl/virtual_speed_sensor.o
                0x0000000008006068                VSS_SetMecAngle
 .text.VSS_SetMecAcceleration
                0x0000000008006080       0x9c ./Middlewares/MotorControl/virtual_speed_sensor.o
                0x0000000008006080                VSS_SetMecAcceleration
 .text.VSS_SetStartTransition
                0x000000000800611c       0x20 ./Middlewares/MotorControl/virtual_speed_sensor.o
                0x000000000800611c                VSS_SetStartTransition
 .text.VSS_TransitionEnded
                0x000000000800613c        0x8 ./Middlewares/MotorControl/virtual_speed_sensor.o
                0x000000000800613c                VSS_TransitionEnded
 .text.memset   0x0000000008006144       0x10 C:/ST/STM32CubeIDE_1.14.1/STM32CubeIDE/plugins/com.st.stm32cube.ide.mcu.externaltools.gnu-tools-for-stm32.11.3.rel1.win32_1.1.100.202309141235/tools/bin/../lib/gcc/arm-none-eabi/11.3.1/../../../../arm-none-eabi/lib/thumb/v6-m/nofp\libc_nano.a(libc_a-memset.o)
                0x0000000008006144                memset
 .text.__libc_init_array
                0x0000000008006154       0x48 C:/ST/STM32CubeIDE_1.14.1/STM32CubeIDE/plugins/com.st.stm32cube.ide.mcu.externaltools.gnu-tools-for-stm32.11.3.rel1.win32_1.1.100.202309141235/tools/bin/../lib/gcc/arm-none-eabi/11.3.1/../../../../arm-none-eabi/lib/thumb/v6-m/nofp\libc_nano.a(libc_a-init.o)
                0x0000000008006154                __libc_init_array
 .text.memcpy   0x000000000800619c       0x12 C:/ST/STM32CubeIDE_1.14.1/STM32CubeIDE/plugins/com.st.stm32cube.ide.mcu.externaltools.gnu-tools-for-stm32.11.3.rel1.win32_1.1.100.202309141235/tools/bin/../lib/gcc/arm-none-eabi/11.3.1/../../../../arm-none-eabi/lib/thumb/v6-m/nofp\libc_nano.a(libc_a-memcpy-stub.o)
                0x000000000800619c                memcpy
 *(.glue_7)
 .glue_7        0x00000000080061ae        0x0 linker stubs
 *(.glue_7t)
 .glue_7t       0x00000000080061ae        0x0 linker stubs
 *(.eh_frame)
 *fill*         0x00000000080061ae        0x2 
 .eh_frame      0x00000000080061b0        0x0 C:/ST/STM32CubeIDE_1.14.1/STM32CubeIDE/plugins/com.st.stm32cube.ide.mcu.externaltools.gnu-tools-for-stm32.11.3.rel1.win32_1.1.100.202309141235/tools/bin/../lib/gcc/arm-none-eabi/11.3.1/thumb/v6-m/nofp/crtbegin.o
 *(.init)
 .init          0x00000000080061b0        0x4 C:/ST/STM32CubeIDE_1.14.1/STM32CubeIDE/plugins/com.st.stm32cube.ide.mcu.externaltools.gnu-tools-for-stm32.11.3.rel1.win32_1.1.100.202309141235/tools/bin/../lib/gcc/arm-none-eabi/11.3.1/thumb/v6-m/nofp/crti.o
                0x00000000080061b0                _init
 .init          0x00000000080061b4        0x8 C:/ST/STM32CubeIDE_1.14.1/STM32CubeIDE/plugins/com.st.stm32cube.ide.mcu.externaltools.gnu-tools-for-stm32.11.3.rel1.win32_1.1.100.202309141235/tools/bin/../lib/gcc/arm-none-eabi/11.3.1/thumb/v6-m/nofp/crtn.o
 *(.fini)
 .fini          0x00000000080061bc        0x4 C:/ST/STM32CubeIDE_1.14.1/STM32CubeIDE/plugins/com.st.stm32cube.ide.mcu.externaltools.gnu-tools-for-stm32.11.3.rel1.win32_1.1.100.202309141235/tools/bin/../lib/gcc/arm-none-eabi/11.3.1/thumb/v6-m/nofp/crti.o
                0x00000000080061bc                _fini
 .fini          0x00000000080061c0        0x8 C:/ST/STM32CubeIDE_1.14.1/STM32CubeIDE/plugins/com.st.stm32cube.ide.mcu.externaltools.gnu-tools-for-stm32.11.3.rel1.win32_1.1.100.202309141235/tools/bin/../lib/gcc/arm-none-eabi/11.3.1/thumb/v6-m/nofp/crtn.o
                0x00000000080061c8                . = ALIGN (0x4)
                0x00000000080061c8                _etext = .

.vfp11_veneer   0x00000000080061c8        0x0
 .vfp11_veneer  0x00000000080061c8        0x0 linker stubs

.v4_bx          0x00000000080061c8        0x0
 .v4_bx         0x00000000080061c8        0x0 linker stubs

.iplt           0x00000000080061c8        0x0
 .iplt          0x00000000080061c8        0x0 C:/ST/STM32CubeIDE_1.14.1/STM32CubeIDE/plugins/com.st.stm32cube.ide.mcu.externaltools.gnu-tools-for-stm32.11.3.rel1.win32_1.1.100.202309141235/tools/bin/../lib/gcc/arm-none-eabi/11.3.1/thumb/v6-m/nofp/crtbegin.o

.rodata         0x00000000080061c8      0x478
                0x00000000080061c8                . = ALIGN (0x4)
 *(.rodata)
 *(.rodata*)
 .rodata.CRC4_Lookup4
                0x00000000080061c8       0x10 ./Application/User/aspep.o
 .rodata.CRC4_Lookup8
                0x00000000080061d8      0x100 ./Application/User/aspep.o
 .rodata.M1_ApplicationConfig_reg
                0x00000000080062d8       0x10 ./Application/User/mc_configuration_registers.o
 .rodata.M1_SixStepConfig_reg
                0x00000000080062e8        0xb ./Application/User/mc_configuration_registers.o
 *fill*         0x00000000080062f3        0x1 
 .rodata.globalConfig_reg
                0x00000000080062f4        0xa ./Application/User/mc_configuration_registers.o
                0x00000000080062f4                globalConfig_reg
 *fill*         0x00000000080062fe        0x2 
 .rodata.Bemf_ADC_ParamsM1
                0x0000000008006300       0x2c ./Application/User/mc_parameters.o
                0x0000000008006300                Bemf_ADC_ParamsM1
 .rodata.SixPwm_ParamsM1
                0x000000000800632c       0x10 ./Application/User/mc_parameters.o
                0x000000000800632c                SixPwm_ParamsM1
 .rodata.TSK_MediumFrequencyTaskM1
                0x000000000800633c       0x50 ./Application/User/mc_tasks.o
 .rodata.MCP_ReceivedPacket
                0x000000000800638c       0xe4 ./Application/User/mcp.o
 .rodata.RI_GetRegisterGlobal
                0x0000000008006470       0x84 ./Application/User/register_interface.o
 .rodata.RI_GetRegisterMotor1
                0x00000000080064f4       0x84 ./Application/User/register_interface.o
 .rodata.CHANNEL_OFFSET_TAB
                0x0000000008006578        0x5 ./Application/User/usart_aspep_driver.o
 *fill*         0x000000000800657d        0x3 
 .rodata.AHBPrescTable
                0x0000000008006580       0x10 ./Drivers/CMSIS/system_stm32f0xx.o
                0x0000000008006580                AHBPrescTable
 .rodata.aPLLMULFactorTable.1
                0x0000000008006590       0x10 ./Drivers/STM32F0xx_HAL_Driver/stm32f0xx_hal_rcc.o
 .rodata.aPredivFactorTable.0
                0x00000000080065a0       0x10 ./Drivers/STM32F0xx_HAL_Driver/stm32f0xx_hal_rcc.o
 .rodata.BADC_IsZcDetected
                0x00000000080065b0       0x18 ./Middlewares/MotorControl/f0xx_bemf_ADC_fdbk.o
 .rodata.SixPwm_LoadNextStep
                0x00000000080065c8       0x78 ./Middlewares/MotorControl/pwmc_6pwm.o
                0x0000000008006640                . = ALIGN (0x4)

.rel.dyn        0x0000000008006640        0x0
 .rel.iplt      0x0000000008006640        0x0 C:/ST/STM32CubeIDE_1.14.1/STM32CubeIDE/plugins/com.st.stm32cube.ide.mcu.externaltools.gnu-tools-for-stm32.11.3.rel1.win32_1.1.100.202309141235/tools/bin/../lib/gcc/arm-none-eabi/11.3.1/thumb/v6-m/nofp/crtbegin.o

.ARM.extab      0x0000000008006640        0x0
                0x0000000008006640                . = ALIGN (0x4)
 *(.ARM.extab* .gnu.linkonce.armextab.*)
                0x0000000008006640                . = ALIGN (0x4)

.ARM            0x0000000008006640        0x0
                0x0000000008006640                . = ALIGN (0x4)
                0x0000000008006640                __exidx_start = .
 *(.ARM.exidx*)
                0x0000000008006640                __exidx_end = .
                0x0000000008006640                . = ALIGN (0x4)

.preinit_array  0x0000000008006640        0x0
                0x0000000008006640                . = ALIGN (0x4)
                0x0000000008006640                PROVIDE (__preinit_array_start = .)
 *(.preinit_array*)
                0x0000000008006640                PROVIDE (__preinit_array_end = .)
                0x0000000008006640                . = ALIGN (0x4)

.init_array     0x0000000008006640        0x4
                0x0000000008006640                . = ALIGN (0x4)
                0x0000000008006640                PROVIDE (__init_array_start = .)
 *(SORT_BY_NAME(.init_array.*))
 *(.init_array*)
 .init_array    0x0000000008006640        0x4 C:/ST/STM32CubeIDE_1.14.1/STM32CubeIDE/plugins/com.st.stm32cube.ide.mcu.externaltools.gnu-tools-for-stm32.11.3.rel1.win32_1.1.100.202309141235/tools/bin/../lib/gcc/arm-none-eabi/11.3.1/thumb/v6-m/nofp/crtbegin.o
                0x0000000008006644                PROVIDE (__init_array_end = .)
                0x0000000008006644                . = ALIGN (0x4)

.fini_array     0x0000000008006644        0x4
                0x0000000008006644                . = ALIGN (0x4)
                [!provide]                        PROVIDE (__fini_array_start = .)
 *(SORT_BY_NAME(.fini_array.*))
 *(.fini_array*)
 .fini_array    0x0000000008006644        0x4 C:/ST/STM32CubeIDE_1.14.1/STM32CubeIDE/plugins/com.st.stm32cube.ide.mcu.externaltools.gnu-tools-for-stm32.11.3.rel1.win32_1.1.100.202309141235/tools/bin/../lib/gcc/arm-none-eabi/11.3.1/thumb/v6-m/nofp/crtbegin.o
                [!provide]                        PROVIDE (__fini_array_end = .)
                0x0000000008006648                . = ALIGN (0x4)
                0x0000000008006648                _sidata = LOADADDR (.data)

.data           0x0000000020000000      0x320 load address 0x0000000008006648
                0x0000000020000000                . = ALIGN (0x4)
                0x0000000020000000                _sdata = .
 *(.data)
 *(.data*)
 .data.SendBuffer
                0x0000000020000000        0xc ./Application/User/i2c_slave.o
                0x0000000020000000                SendBuffer
 .data.Bemf_ADC_M1
                0x000000002000000c       0xf8 ./Application/User/mc_config.o
                0x000000002000000c                Bemf_ADC_M1
 .data.BusVoltageSensor_M1
                0x0000000020000104       0x1c ./Application/User/mc_config.o
                0x0000000020000104                BusVoltageSensor_M1
 .data.PIDSpeedHandle_M1
                0x0000000020000120       0x2c ./Application/User/mc_config.o
                0x0000000020000120                PIDSpeedHandle_M1
 .data.PWM_Handle_M1
                0x000000002000014c       0x4c ./Application/User/mc_config.o
                0x000000002000014c                PWM_Handle_M1
 .data.RevUpControlM1
                0x0000000020000198       0x58 ./Application/User/mc_config.o
                0x0000000020000198                RevUpControlM1
 .data.SpeednTorqCtrlM1
                0x00000000200001f0       0x30 ./Application/User/mc_config.o
                0x00000000200001f0                SpeednTorqCtrlM1
 .data.TempSensor_M1
                0x0000000020000220       0x1c ./Application/User/mc_config.o
                0x0000000020000220                TempSensor_M1
 .data.VbusRegConv_M1
                0x000000002000023c       0x10 ./Application/User/mc_config.o
                0x000000002000023c                VbusRegConv_M1
 .data.VirtualSpeedSensorM1
                0x000000002000024c       0x38 ./Application/User/mc_config.o
                0x000000002000024c                VirtualSpeedSensorM1
 .data.pSTC     0x0000000020000284        0x4 ./Application/User/mc_config.o
                0x0000000020000284                pSTC
 .data.ApplicationConfig_reg
                0x0000000020000288        0x4 ./Application/User/mc_configuration_registers.o
                0x0000000020000288                ApplicationConfig_reg
 .data.SixStepConfig_reg
                0x000000002000028c        0x4 ./Application/User/mc_configuration_registers.o
                0x000000002000028c                SixStepConfig_reg
 .data.MCP_Over_UartA
                0x0000000020000290       0x10 ./Application/User/mcp_config.o
                0x0000000020000290                MCP_Over_UartA
 .data.UASPEP_A
                0x00000000200002a0       0x14 ./Application/User/mcp_config.o
 .data.aspepOverUartA
                0x00000000200002b4       0x5c ./Application/User/mcp_config.o
                0x00000000200002b4                aspepOverUartA
 .data.SystickDividerCounter.0
                0x0000000020000310        0x1 ./Application/User/stm32f0xx_mc_it.o
 *fill*         0x0000000020000311        0x3 
 .data.SystemCoreClock
                0x0000000020000314        0x4 ./Drivers/CMSIS/system_stm32f0xx.o
                0x0000000020000314                SystemCoreClock
 .data.uwTickFreq
                0x0000000020000318        0x1 ./Drivers/STM32F0xx_HAL_Driver/stm32f0xx_hal.o
                0x0000000020000318                uwTickFreq
 *fill*         0x0000000020000319        0x3 
 .data.uwTickPrio
                0x000000002000031c        0x4 ./Drivers/STM32F0xx_HAL_Driver/stm32f0xx_hal.o
                0x000000002000031c                uwTickPrio
 *(.RamFunc)
 *(.RamFunc*)
                0x0000000020000320                . = ALIGN (0x4)
                0x0000000020000320                _edata = .

.igot.plt       0x0000000020000320        0x0 load address 0x0000000008006968
 .igot.plt      0x0000000020000320        0x0 C:/ST/STM32CubeIDE_1.14.1/STM32CubeIDE/plugins/com.st.stm32cube.ide.mcu.externaltools.gnu-tools-for-stm32.11.3.rel1.win32_1.1.100.202309141235/tools/bin/../lib/gcc/arm-none-eabi/11.3.1/thumb/v6-m/nofp/crtbegin.o
                0x0000000020000320                . = ALIGN (0x4)

.bss            0x0000000020000320      0x340 load address 0x0000000008006968
                0x0000000020000320                _sbss = .
                0x0000000020000320                __bss_start__ = _sbss
 *(.bss)
 .bss           0x0000000020000320       0x1c C:/ST/STM32CubeIDE_1.14.1/STM32CubeIDE/plugins/com.st.stm32cube.ide.mcu.externaltools.gnu-tools-for-stm32.11.3.rel1.win32_1.1.100.202309141235/tools/bin/../lib/gcc/arm-none-eabi/11.3.1/thumb/v6-m/nofp/crtbegin.o
 *(.bss*)
 .bss.RecieveBuffer
                0x000000002000033c        0x6 ./Application/User/i2c_slave.o
                0x000000002000033c                RecieveBuffer
 .bss.rxcounter
                0x0000000020000342        0x1 ./Application/User/i2c_slave.o
                0x0000000020000342                rxcounter
 .bss.txcounter
                0x0000000020000343        0x1 ./Application/User/i2c_slave.o
                0x0000000020000343                txcounter
 .bss.hadc      0x0000000020000344       0x40 ./Application/User/main.o
                0x0000000020000344                hadc
 .bss.hdma_adc  0x0000000020000384       0x44 ./Application/User/main.o
                0x0000000020000384                hdma_adc
 .bss.hi2c1     0x00000000200003c8       0x54 ./Application/User/main.o
                0x00000000200003c8                hi2c1
 .bss.htim1     0x000000002000041c       0x48 ./Application/User/main.o
                0x000000002000041c                htim1
 .bss.htim2     0x0000000020000464       0x48 ./Application/User/main.o
                0x0000000020000464                htim2
 .bss.Mci       0x00000000200004ac       0x1c ./Application/User/mc_config.o
                0x00000000200004ac                Mci
 .bss.RealBusVoltageSensorFilterBufferM1
                0x00000000200004c8       0x14 ./Application/User/mc_config.o
 .bss.SixStepVars
                0x00000000200004dc        0x8 ./Application/User/mc_tasks.o
 .bss.bMCBootCompleted
                0x00000000200004e4        0x1 ./Application/User/mc_tasks.o
 *fill*         0x00000000200004e5        0x1 
 .bss.hBootCapDelayCounterM1
                0x00000000200004e6        0x2 ./Application/User/mc_tasks.o
 .bss.hMFTaskCounterM1
                0x00000000200004e8        0x2 ./Application/User/mc_tasks.o
 .bss.hStopPermanencyCounterM1
                0x00000000200004ea        0x2 ./Application/User/mc_tasks.o
 .bss.pwmcHandle
                0x00000000200004ec        0x4 ./Application/User/mc_tasks.o
 .bss.MCPSyncRXBuff
                0x00000000200004f0       0x82 ./Application/User/mcp_config.o
 *fill*         0x0000000020000572        0x2 
 .bss.MCPSyncTxBuff
                0x0000000020000574       0x86 ./Application/User/mcp_config.o
 *fill*         0x00000000200005fa        0x2 
 .bss.MCP_UserCallBack
                0x00000000200005fc        0x8 ./Application/User/mcp_config.o
                0x00000000200005fc                MCP_UserCallBack
 .bss.pMCI      0x0000000020000604        0x4 ./Application/User/motorcontrol.o
                0x0000000020000604                pMCI
 .bss.RCM_CB_array
                0x0000000020000608       0x20 ./Application/User/regular_conversion_manager.o
 .bss.RCM_NoInj_array
                0x0000000020000628       0x18 ./Application/User/regular_conversion_manager.o
 .bss.RCM_UserConvHandle
                0x0000000020000640        0x4 ./Application/User/regular_conversion_manager.o
 .bss.RCM_UserConvState
                0x0000000020000644        0x1 ./Application/User/regular_conversion_manager.o
 *fill*         0x0000000020000645        0x1 
 .bss.RCM_UserConvValue
                0x0000000020000646        0x2 ./Application/User/regular_conversion_manager.o
 .bss.RCM_currentHandle
                0x0000000020000648        0x1 ./Application/User/regular_conversion_manager.o
 *fill*         0x0000000020000649        0x3 
 .bss.RCM_handle_array
                0x000000002000064c       0x10 ./Application/User/regular_conversion_manager.o
 .bss.uwTick    0x000000002000065c        0x4 ./Drivers/STM32F0xx_HAL_Driver/stm32f0xx_hal.o
                0x000000002000065c                uwTick
 *(COMMON)
                0x0000000020000660                . = ALIGN (0x4)
                0x0000000020000660                _ebss = .
                0x0000000020000660                __bss_end__ = _ebss

._user_heap_stack
                0x0000000020000660      0x480 load address 0x0000000008006968
                0x0000000020000660                . = ALIGN (0x8)
                [!provide]                        PROVIDE (end = .)
                0x0000000020000660                PROVIDE (_end = .)
                0x00000000200006e0                . = (. + _Min_Heap_Size)
 *fill*         0x0000000020000660       0x80 
                0x0000000020000ae0                . = (. + _Min_Stack_Size)
 *fill*         0x00000000200006e0      0x400 
                0x0000000020000ae0                . = ALIGN (0x8)

/DISCARD/
 libc.a(*)
 libm.a(*)
 libgcc.a(*)

.ARM.attributes
                0x0000000000000000       0x28
 *(.ARM.attributes)
 .ARM.attributes
                0x0000000000000000       0x1e C:/ST/STM32CubeIDE_1.14.1/STM32CubeIDE/plugins/com.st.stm32cube.ide.mcu.externaltools.gnu-tools-for-stm32.11.3.rel1.win32_1.1.100.202309141235/tools/bin/../lib/gcc/arm-none-eabi/11.3.1/thumb/v6-m/nofp/crti.o
 .ARM.attributes
                0x000000000000001e       0x2c C:/ST/STM32CubeIDE_1.14.1/STM32CubeIDE/plugins/com.st.stm32cube.ide.mcu.externaltools.gnu-tools-for-stm32.11.3.rel1.win32_1.1.100.202309141235/tools/bin/../lib/gcc/arm-none-eabi/11.3.1/thumb/v6-m/nofp/crtbegin.o
 .ARM.attributes
                0x000000000000004a       0x21 ./Application/Startup/startup_stm32f031c6tx.o
 .ARM.attributes
                0x000000000000006b       0x28 ./Application/User/aspep.o
 .ARM.attributes
                0x0000000000000093       0x28 ./Application/User/i2c_slave.o
 .ARM.attributes
                0x00000000000000bb       0x28 ./Application/User/main.o
 .ARM.attributes
                0x00000000000000e3       0x28 ./Application/User/mc_api.o
 .ARM.attributes
                0x000000000000010b       0x28 ./Application/User/mc_app_hooks.o
 .ARM.attributes
                0x0000000000000133       0x28 ./Application/User/mc_config.o
 .ARM.attributes
                0x000000000000015b       0x28 ./Application/User/mc_configuration_registers.o
 .ARM.attributes
                0x0000000000000183       0x28 ./Application/User/mc_interface.o
 .ARM.attributes
                0x00000000000001ab       0x28 ./Application/User/mc_parameters.o
 .ARM.attributes
                0x00000000000001d3       0x28 ./Application/User/mc_tasks.o
 .ARM.attributes
                0x00000000000001fb       0x28 ./Application/User/mcp.o
 .ARM.attributes
                0x0000000000000223       0x28 ./Application/User/mcp_config.o
 .ARM.attributes
                0x000000000000024b       0x28 ./Application/User/motorcontrol.o
 .ARM.attributes
                0x0000000000000273       0x28 ./Application/User/register_interface.o
 .ARM.attributes
                0x000000000000029b       0x28 ./Application/User/regular_conversion_manager.o
 .ARM.attributes
                0x00000000000002c3       0x28 ./Application/User/stm32f0xx_hal_msp.o
 .ARM.attributes
                0x00000000000002eb       0x28 ./Application/User/stm32f0xx_it.o
 .ARM.attributes
                0x0000000000000313       0x28 ./Application/User/stm32f0xx_mc_it.o
 .ARM.attributes
                0x000000000000033b       0x28 ./Application/User/usart_aspep_driver.o
 .ARM.attributes
                0x0000000000000363       0x28 ./Drivers/CMSIS/system_stm32f0xx.o
 .ARM.attributes
                0x000000000000038b       0x28 ./Drivers/STM32F0xx_HAL_Driver/stm32f0xx_hal.o
 .ARM.attributes
                0x00000000000003b3       0x28 ./Drivers/STM32F0xx_HAL_Driver/stm32f0xx_hal_adc.o
 .ARM.attributes
                0x00000000000003db       0x28 ./Drivers/STM32F0xx_HAL_Driver/stm32f0xx_hal_cortex.o
 .ARM.attributes
                0x0000000000000403       0x28 ./Drivers/STM32F0xx_HAL_Driver/stm32f0xx_hal_dma.o
 .ARM.attributes
                0x000000000000042b       0x28 ./Drivers/STM32F0xx_HAL_Driver/stm32f0xx_hal_gpio.o
 .ARM.attributes
                0x0000000000000453       0x28 ./Drivers/STM32F0xx_HAL_Driver/stm32f0xx_hal_i2c.o
 .ARM.attributes
                0x000000000000047b       0x28 ./Drivers/STM32F0xx_HAL_Driver/stm32f0xx_hal_i2c_ex.o
 .ARM.attributes
                0x00000000000004a3       0x28 ./Drivers/STM32F0xx_HAL_Driver/stm32f0xx_hal_rcc.o
 .ARM.attributes
                0x00000000000004cb       0x28 ./Drivers/STM32F0xx_HAL_Driver/stm32f0xx_hal_rcc_ex.o
 .ARM.attributes
                0x00000000000004f3       0x28 ./Drivers/STM32F0xx_HAL_Driver/stm32f0xx_hal_tim.o
 .ARM.attributes
                0x000000000000051b       0x28 ./Drivers/STM32F0xx_HAL_Driver/stm32f0xx_hal_tim_ex.o
 .ARM.attributes
                0x0000000000000543       0x28 ./Middlewares/MotorControl/bus_voltage_sensor.o
 .ARM.attributes
                0x000000000000056b       0x28 ./Middlewares/MotorControl/f0xx_bemf_ADC_fdbk.o
 .ARM.attributes
                0x0000000000000593       0x28 ./Middlewares/MotorControl/ntc_temperature_sensor.o
 .ARM.attributes
                0x00000000000005bb       0x28 ./Middlewares/MotorControl/pid_regulator.o
 .ARM.attributes
                0x00000000000005e3       0x28 ./Middlewares/MotorControl/pwm_common_sixstep.o
 .ARM.attributes
                0x000000000000060b       0x28 ./Middlewares/MotorControl/pwmc_6pwm.o
 .ARM.attributes
                0x0000000000000633       0x28 ./Middlewares/MotorControl/r_divider_bus_voltage_sensor.o
 .ARM.attributes
                0x000000000000065b       0x28 ./Middlewares/MotorControl/revup_ctrl_sixstep.o
 .ARM.attributes
                0x0000000000000683       0x28 ./Middlewares/MotorControl/speed_ctrl.o
 .ARM.attributes
                0x00000000000006ab       0x28 ./Middlewares/MotorControl/speed_pos_fdbk.o
 .ARM.attributes
                0x00000000000006d3       0x28 ./Middlewares/MotorControl/virtual_speed_sensor.o
 .ARM.attributes
                0x00000000000006fb       0x2c C:/ST/STM32CubeIDE_1.14.1/STM32CubeIDE/plugins/com.st.stm32cube.ide.mcu.externaltools.gnu-tools-for-stm32.11.3.rel1.win32_1.1.100.202309141235/tools/bin/../lib/gcc/arm-none-eabi/11.3.1/../../../../arm-none-eabi/lib/thumb/v6-m/nofp\libc_nano.a(libc_a-memset.o)
 .ARM.attributes
                0x0000000000000727       0x2c C:/ST/STM32CubeIDE_1.14.1/STM32CubeIDE/plugins/com.st.stm32cube.ide.mcu.externaltools.gnu-tools-for-stm32.11.3.rel1.win32_1.1.100.202309141235/tools/bin/../lib/gcc/arm-none-eabi/11.3.1/../../../../arm-none-eabi/lib/thumb/v6-m/nofp\libc_nano.a(libc_a-init.o)
 .ARM.attributes
                0x0000000000000753       0x2c C:/ST/STM32CubeIDE_1.14.1/STM32CubeIDE/plugins/com.st.stm32cube.ide.mcu.externaltools.gnu-tools-for-stm32.11.3.rel1.win32_1.1.100.202309141235/tools/bin/../lib/gcc/arm-none-eabi/11.3.1/../../../../arm-none-eabi/lib/thumb/v6-m/nofp\libc_nano.a(libc_a-memcpy-stub.o)
 .ARM.attributes
                0x000000000000077f       0x1e C:/ST/STM32CubeIDE_1.14.1/STM32CubeIDE/plugins/com.st.stm32cube.ide.mcu.externaltools.gnu-tools-for-stm32.11.3.rel1.win32_1.1.100.202309141235/tools/bin/../lib/gcc/arm-none-eabi/11.3.1/thumb/v6-m/nofp\libgcc.a(_udivsi3.o)
 .ARM.attributes
                0x000000000000079d       0x1e C:/ST/STM32CubeIDE_1.14.1/STM32CubeIDE/plugins/com.st.stm32cube.ide.mcu.externaltools.gnu-tools-for-stm32.11.3.rel1.win32_1.1.100.202309141235/tools/bin/../lib/gcc/arm-none-eabi/11.3.1/thumb/v6-m/nofp\libgcc.a(_divsi3.o)
 .ARM.attributes
                0x00000000000007bb       0x1e C:/ST/STM32CubeIDE_1.14.1/STM32CubeIDE/plugins/com.st.stm32cube.ide.mcu.externaltools.gnu-tools-for-stm32.11.3.rel1.win32_1.1.100.202309141235/tools/bin/../lib/gcc/arm-none-eabi/11.3.1/thumb/v6-m/nofp\libgcc.a(_dvmd_tls.o)
 .ARM.attributes
                0x00000000000007d9       0x1e C:/ST/STM32CubeIDE_1.14.1/STM32CubeIDE/plugins/com.st.stm32cube.ide.mcu.externaltools.gnu-tools-for-stm32.11.3.rel1.win32_1.1.100.202309141235/tools/bin/../lib/gcc/arm-none-eabi/11.3.1/thumb/v6-m/nofp/crtn.o
OUTPUT(workbench6Altenmotordrivercode.elf elf32-littlearm)
LOAD linker stubs
LOAD C:/ST/STM32CubeIDE_1.14.1/STM32CubeIDE/plugins/com.st.stm32cube.ide.mcu.externaltools.gnu-tools-for-stm32.11.3.rel1.win32_1.1.100.202309141235/tools/bin/../lib/gcc/arm-none-eabi/11.3.1/../../../../arm-none-eabi/lib/thumb/v6-m/nofp\libc.a
LOAD C:/ST/STM32CubeIDE_1.14.1/STM32CubeIDE/plugins/com.st.stm32cube.ide.mcu.externaltools.gnu-tools-for-stm32.11.3.rel1.win32_1.1.100.202309141235/tools/bin/../lib/gcc/arm-none-eabi/11.3.1/../../../../arm-none-eabi/lib/thumb/v6-m/nofp\libm.a
LOAD C:/ST/STM32CubeIDE_1.14.1/STM32CubeIDE/plugins/com.st.stm32cube.ide.mcu.externaltools.gnu-tools-for-stm32.11.3.rel1.win32_1.1.100.202309141235/tools/bin/../lib/gcc/arm-none-eabi/11.3.1/thumb/v6-m/nofp\libgcc.a

.comment        0x0000000000000000       0x43
 .comment       0x0000000000000000       0x43 C:/ST/STM32CubeIDE_1.14.1/STM32CubeIDE/plugins/com.st.stm32cube.ide.mcu.externaltools.gnu-tools-for-stm32.11.3.rel1.win32_1.1.100.202309141235/tools/bin/../lib/gcc/arm-none-eabi/11.3.1/thumb/v6-m/nofp/crtbegin.o
                                         0x44 (size before relaxing)
 .comment       0x0000000000000043       0x44 ./Application/User/aspep.o
 .comment       0x0000000000000043       0x44 ./Application/User/i2c_slave.o
 .comment       0x0000000000000043       0x44 ./Application/User/main.o
 .comment       0x0000000000000043       0x44 ./Application/User/mc_api.o
 .comment       0x0000000000000043       0x44 ./Application/User/mc_app_hooks.o
 .comment       0x0000000000000043       0x44 ./Application/User/mc_config.o
 .comment       0x0000000000000043       0x44 ./Application/User/mc_configuration_registers.o
 .comment       0x0000000000000043       0x44 ./Application/User/mc_interface.o
 .comment       0x0000000000000043       0x44 ./Application/User/mc_parameters.o
 .comment       0x0000000000000043       0x44 ./Application/User/mc_tasks.o
 .comment       0x0000000000000043       0x44 ./Application/User/mcp.o
 .comment       0x0000000000000043       0x44 ./Application/User/mcp_config.o
 .comment       0x0000000000000043       0x44 ./Application/User/motorcontrol.o
 .comment       0x0000000000000043       0x44 ./Application/User/register_interface.o
 .comment       0x0000000000000043       0x44 ./Application/User/regular_conversion_manager.o
 .comment       0x0000000000000043       0x44 ./Application/User/stm32f0xx_hal_msp.o
 .comment       0x0000000000000043       0x44 ./Application/User/stm32f0xx_it.o
 .comment       0x0000000000000043       0x44 ./Application/User/stm32f0xx_mc_it.o
 .comment       0x0000000000000043       0x44 ./Application/User/usart_aspep_driver.o
 .comment       0x0000000000000043       0x44 ./Drivers/CMSIS/system_stm32f0xx.o
 .comment       0x0000000000000043       0x44 ./Drivers/STM32F0xx_HAL_Driver/stm32f0xx_hal.o
 .comment       0x0000000000000043       0x44 ./Drivers/STM32F0xx_HAL_Driver/stm32f0xx_hal_adc.o
 .comment       0x0000000000000043       0x44 ./Drivers/STM32F0xx_HAL_Driver/stm32f0xx_hal_cortex.o
 .comment       0x0000000000000043       0x44 ./Drivers/STM32F0xx_HAL_Driver/stm32f0xx_hal_dma.o
 .comment       0x0000000000000043       0x44 ./Drivers/STM32F0xx_HAL_Driver/stm32f0xx_hal_gpio.o
 .comment       0x0000000000000043       0x44 ./Drivers/STM32F0xx_HAL_Driver/stm32f0xx_hal_i2c.o
 .comment       0x0000000000000043       0x44 ./Drivers/STM32F0xx_HAL_Driver/stm32f0xx_hal_i2c_ex.o
 .comment       0x0000000000000043       0x44 ./Drivers/STM32F0xx_HAL_Driver/stm32f0xx_hal_rcc.o
 .comment       0x0000000000000043       0x44 ./Drivers/STM32F0xx_HAL_Driver/stm32f0xx_hal_rcc_ex.o
 .comment       0x0000000000000043       0x44 ./Drivers/STM32F0xx_HAL_Driver/stm32f0xx_hal_tim.o
 .comment       0x0000000000000043       0x44 ./Drivers/STM32F0xx_HAL_Driver/stm32f0xx_hal_tim_ex.o
 .comment       0x0000000000000043       0x44 ./Middlewares/MotorControl/bus_voltage_sensor.o
 .comment       0x0000000000000043       0x44 ./Middlewares/MotorControl/f0xx_bemf_ADC_fdbk.o
 .comment       0x0000000000000043       0x44 ./Middlewares/MotorControl/ntc_temperature_sensor.o
 .comment       0x0000000000000043       0x44 ./Middlewares/MotorControl/pid_regulator.o
 .comment       0x0000000000000043       0x44 ./Middlewares/MotorControl/pwm_common_sixstep.o
 .comment       0x0000000000000043       0x44 ./Middlewares/MotorControl/pwmc_6pwm.o
 .comment       0x0000000000000043       0x44 ./Middlewares/MotorControl/r_divider_bus_voltage_sensor.o
 .comment       0x0000000000000043       0x44 ./Middlewares/MotorControl/revup_ctrl_sixstep.o
 .comment       0x0000000000000043       0x44 ./Middlewares/MotorControl/speed_ctrl.o
 .comment       0x0000000000000043       0x44 ./Middlewares/MotorControl/speed_pos_fdbk.o
 .comment       0x0000000000000043       0x44 ./Middlewares/MotorControl/virtual_speed_sensor.o

.debug_line     0x0000000000000000    0x350eb
 .debug_line    0x0000000000000000       0x7b ./Application/Startup/startup_stm32f031c6tx.o
 .debug_line    0x000000000000007b     0x15b9 ./Application/User/aspep.o
 .debug_line    0x0000000000001634      0xbfd ./Application/User/i2c_slave.o
 .debug_line    0x0000000000002231     0x153c ./Application/User/main.o
 .debug_line    0x000000000000376d      0xde2 ./Application/User/mc_api.o
 .debug_line    0x000000000000454f      0x8bc ./Application/User/mc_app_hooks.o
 .debug_line    0x0000000000004e0b      0xb55 ./Application/User/mc_config.o
 .debug_line    0x0000000000005960      0xa93 ./Application/User/mc_configuration_registers.o
 .debug_line    0x00000000000063f3     0x1172 ./Application/User/mc_interface.o
 .debug_line    0x0000000000007565      0xb46 ./Application/User/mc_parameters.o
 .debug_line    0x00000000000080ab     0x14ac ./Application/User/mc_tasks.o
 .debug_line    0x0000000000009557     0x1063 ./Application/User/mcp.o
 .debug_line    0x000000000000a5ba      0x9a9 ./Application/User/mcp_config.o
 .debug_line    0x000000000000af63      0xb93 ./Application/User/motorcontrol.o
 .debug_line    0x000000000000baf6     0x144b ./Application/User/register_interface.o
 .debug_line    0x000000000000cf41     0x1430 ./Application/User/regular_conversion_manager.o
 .debug_line    0x000000000000e371      0xf2d ./Application/User/stm32f0xx_hal_msp.o
 .debug_line    0x000000000000f29e      0xb8f ./Application/User/stm32f0xx_it.o
 .debug_line    0x000000000000fe2d     0x1165 ./Application/User/stm32f0xx_mc_it.o
 .debug_line    0x0000000000010f92      0xf90 ./Application/User/usart_aspep_driver.o
 .debug_line    0x0000000000011f22      0x83e ./Drivers/CMSIS/system_stm32f0xx.o
 .debug_line    0x0000000000012760      0xb27 ./Drivers/STM32F0xx_HAL_Driver/stm32f0xx_hal.o
 .debug_line    0x0000000000013287     0x168c ./Drivers/STM32F0xx_HAL_Driver/stm32f0xx_hal_adc.o
 .debug_line    0x0000000000014913      0xb96 ./Drivers/STM32F0xx_HAL_Driver/stm32f0xx_hal_cortex.o
 .debug_line    0x00000000000154a9     0x1142 ./Drivers/STM32F0xx_HAL_Driver/stm32f0xx_hal_dma.o
 .debug_line    0x00000000000165eb      0xd0b ./Drivers/STM32F0xx_HAL_Driver/stm32f0xx_hal_gpio.o
 .debug_line    0x00000000000172f6     0x81d2 ./Drivers/STM32F0xx_HAL_Driver/stm32f0xx_hal_i2c.o
 .debug_line    0x000000000001f4c8      0xb19 ./Drivers/STM32F0xx_HAL_Driver/stm32f0xx_hal_i2c_ex.o
 .debug_line    0x000000000001ffe1     0x138f ./Drivers/STM32F0xx_HAL_Driver/stm32f0xx_hal_rcc.o
 .debug_line    0x0000000000021370      0xaa4 ./Drivers/STM32F0xx_HAL_Driver/stm32f0xx_hal_rcc_ex.o
 .debug_line    0x0000000000021e14     0x650e ./Drivers/STM32F0xx_HAL_Driver/stm32f0xx_hal_tim.o
 .debug_line    0x0000000000028322     0x1e7b ./Drivers/STM32F0xx_HAL_Driver/stm32f0xx_hal_tim_ex.o
 .debug_line    0x000000000002a19d      0x9b6 ./Middlewares/MotorControl/bus_voltage_sensor.o
 .debug_line    0x000000000002ab53     0x1f47 ./Middlewares/MotorControl/f0xx_bemf_ADC_fdbk.o
 .debug_line    0x000000000002ca9a      0xaf0 ./Middlewares/MotorControl/ntc_temperature_sensor.o
 .debug_line    0x000000000002d58a      0xdea ./Middlewares/MotorControl/pid_regulator.o
 .debug_line    0x000000000002e374      0xc0f ./Middlewares/MotorControl/pwm_common_sixstep.o
 .debug_line    0x000000000002ef83     0x1de2 ./Middlewares/MotorControl/pwmc_6pwm.o
 .debug_line    0x0000000000030d65      0xba0 ./Middlewares/MotorControl/r_divider_bus_voltage_sensor.o
 .debug_line    0x0000000000031905      0xf74 ./Middlewares/MotorControl/revup_ctrl_sixstep.o
 .debug_line    0x0000000000032879      0xe5e ./Middlewares/MotorControl/speed_ctrl.o
 .debug_line    0x00000000000336d7      0xb3d ./Middlewares/MotorControl/speed_pos_fdbk.o
 .debug_line    0x0000000000034214      0xed7 ./Middlewares/MotorControl/virtual_speed_sensor.o

.debug_line_str
                0x0000000000000000       0x86
 .debug_line_str
                0x0000000000000000       0x86 ./Application/Startup/startup_stm32f031c6tx.o
                                         0x9e (size before relaxing)

.debug_info     0x0000000000000000    0x30053
 .debug_info    0x0000000000000000       0x23 ./Application/Startup/startup_stm32f031c6tx.o
 .debug_info    0x0000000000000023     0x1186 ./Application/User/aspep.o
 .debug_info    0x00000000000011a9      0x8d6 ./Application/User/i2c_slave.o
 .debug_info    0x0000000000001a7f     0x223e ./Application/User/main.o
 .debug_info    0x0000000000003cbd      0xe9a ./Application/User/mc_api.o
 .debug_info    0x0000000000004b57      0x156 ./Application/User/mc_app_hooks.o
 .debug_info    0x0000000000004cad     0x1739 ./Application/User/mc_config.o
 .debug_info    0x00000000000063e6      0x501 ./Application/User/mc_configuration_registers.o
 .debug_info    0x00000000000068e7     0x12c9 ./Application/User/mc_interface.o
 .debug_info    0x0000000000007bb0      0x4f5 ./Application/User/mc_parameters.o
 .debug_info    0x00000000000080a5     0x3147 ./Application/User/mc_tasks.o
 .debug_info    0x000000000000b1ec     0x106d ./Application/User/mcp.o
 .debug_info    0x000000000000c259      0x8ad ./Application/User/mcp_config.o
 .debug_info    0x000000000000cb06      0xb18 ./Application/User/motorcontrol.o
 .debug_info    0x000000000000d61e     0x1e57 ./Application/User/register_interface.o
 .debug_info    0x000000000000f475     0x1340 ./Application/User/regular_conversion_manager.o
 .debug_info    0x00000000000107b5     0x1455 ./Application/User/stm32f0xx_hal_msp.o
 .debug_info    0x0000000000011c0a      0x6e5 ./Application/User/stm32f0xx_it.o
 .debug_info    0x00000000000122ef     0x1e89 ./Application/User/stm32f0xx_mc_it.o
 .debug_info    0x0000000000014178     0x10f6 ./Application/User/usart_aspep_driver.o
 .debug_info    0x000000000001526e      0x268 ./Drivers/CMSIS/system_stm32f0xx.o
 .debug_info    0x00000000000154d6      0x73b ./Drivers/STM32F0xx_HAL_Driver/stm32f0xx_hal.o
 .debug_info    0x0000000000015c11      0xf8a ./Drivers/STM32F0xx_HAL_Driver/stm32f0xx_hal_adc.o
 .debug_info    0x0000000000016b9b      0x7f2 ./Drivers/STM32F0xx_HAL_Driver/stm32f0xx_hal_cortex.o
 .debug_info    0x000000000001738d      0x8a3 ./Drivers/STM32F0xx_HAL_Driver/stm32f0xx_hal_dma.o
 .debug_info    0x0000000000017c30      0x602 ./Drivers/STM32F0xx_HAL_Driver/stm32f0xx_hal_gpio.o
 .debug_info    0x0000000000018232     0x65fc ./Drivers/STM32F0xx_HAL_Driver/stm32f0xx_hal_i2c.o
 .debug_info    0x000000000001e82e      0x852 ./Drivers/STM32F0xx_HAL_Driver/stm32f0xx_hal_i2c_ex.o
 .debug_info    0x000000000001f080      0xace ./Drivers/STM32F0xx_HAL_Driver/stm32f0xx_hal_rcc.o
 .debug_info    0x000000000001fb4e      0x3b4 ./Drivers/STM32F0xx_HAL_Driver/stm32f0xx_hal_rcc_ex.o
 .debug_info    0x000000000001ff02     0x4bbc ./Drivers/STM32F0xx_HAL_Driver/stm32f0xx_hal_tim.o
 .debug_info    0x0000000000024abe     0x1b0b ./Drivers/STM32F0xx_HAL_Driver/stm32f0xx_hal_tim_ex.o
 .debug_info    0x00000000000265c9      0x2ac ./Middlewares/MotorControl/bus_voltage_sensor.o
 .debug_info    0x0000000000026875     0x26b0 ./Middlewares/MotorControl/f0xx_bemf_ADC_fdbk.o
 .debug_info    0x0000000000028f25      0x464 ./Middlewares/MotorControl/ntc_temperature_sensor.o
 .debug_info    0x0000000000029389      0x8ce ./Middlewares/MotorControl/pid_regulator.o
 .debug_info    0x0000000000029c57      0x785 ./Middlewares/MotorControl/pwm_common_sixstep.o
 .debug_info    0x000000000002a3dc     0x3221 ./Middlewares/MotorControl/pwmc_6pwm.o
 .debug_info    0x000000000002d5fd      0x3f7 ./Middlewares/MotorControl/r_divider_bus_voltage_sensor.o
 .debug_info    0x000000000002d9f4      0xfab ./Middlewares/MotorControl/revup_ctrl_sixstep.o
 .debug_info    0x000000000002e99f      0x997 ./Middlewares/MotorControl/speed_ctrl.o
 .debug_info    0x000000000002f336      0x538 ./Middlewares/MotorControl/speed_pos_fdbk.o
 .debug_info    0x000000000002f86e      0x7e5 ./Middlewares/MotorControl/virtual_speed_sensor.o

.debug_abbrev   0x0000000000000000     0x66a8
 .debug_abbrev  0x0000000000000000       0x12 ./Application/Startup/startup_stm32f031c6tx.o
 .debug_abbrev  0x0000000000000012      0x38c ./Application/User/aspep.o
 .debug_abbrev  0x000000000000039e      0x23c ./Application/User/i2c_slave.o
 .debug_abbrev  0x00000000000005da      0x420 ./Application/User/main.o
 .debug_abbrev  0x00000000000009fa      0x236 ./Application/User/mc_api.o
 .debug_abbrev  0x0000000000000c30       0x99 ./Application/User/mc_app_hooks.o
 .debug_abbrev  0x0000000000000cc9      0x1e0 ./Application/User/mc_config.o
 .debug_abbrev  0x0000000000000ea9      0x10b ./Application/User/mc_configuration_registers.o
 .debug_abbrev  0x0000000000000fb4      0x2b0 ./Application/User/mc_interface.o
 .debug_abbrev  0x0000000000001264       0xff ./Application/User/mc_parameters.o
 .debug_abbrev  0x0000000000001363      0x4ac ./Application/User/mc_tasks.o
 .debug_abbrev  0x000000000000180f      0x2a6 ./Application/User/mcp.o
 .debug_abbrev  0x0000000000001ab5      0x1c9 ./Application/User/mcp_config.o
 .debug_abbrev  0x0000000000001c7e      0x211 ./Application/User/motorcontrol.o
 .debug_abbrev  0x0000000000001e8f      0x332 ./Application/User/register_interface.o
 .debug_abbrev  0x00000000000021c1      0x352 ./Application/User/regular_conversion_manager.o
 .debug_abbrev  0x0000000000002513      0x2b5 ./Application/User/stm32f0xx_hal_msp.o
 .debug_abbrev  0x00000000000027c8      0x18f ./Application/User/stm32f0xx_it.o
 .debug_abbrev  0x0000000000002957      0x361 ./Application/User/stm32f0xx_mc_it.o
 .debug_abbrev  0x0000000000002cb8      0x2ae ./Application/User/usart_aspep_driver.o
 .debug_abbrev  0x0000000000002f66      0x138 ./Drivers/CMSIS/system_stm32f0xx.o
 .debug_abbrev  0x000000000000309e      0x2cb ./Drivers/STM32F0xx_HAL_Driver/stm32f0xx_hal.o
 .debug_abbrev  0x0000000000003369      0x2d6 ./Drivers/STM32F0xx_HAL_Driver/stm32f0xx_hal_adc.o
 .debug_abbrev  0x000000000000363f      0x2bf ./Drivers/STM32F0xx_HAL_Driver/stm32f0xx_hal_cortex.o
 .debug_abbrev  0x00000000000038fe      0x230 ./Drivers/STM32F0xx_HAL_Driver/stm32f0xx_hal_dma.o
 .debug_abbrev  0x0000000000003b2e      0x207 ./Drivers/STM32F0xx_HAL_Driver/stm32f0xx_hal_gpio.o
 .debug_abbrev  0x0000000000003d35      0x408 ./Drivers/STM32F0xx_HAL_Driver/stm32f0xx_hal_i2c.o
 .debug_abbrev  0x000000000000413d      0x1da ./Drivers/STM32F0xx_HAL_Driver/stm32f0xx_hal_i2c_ex.o
 .debug_abbrev  0x0000000000004317      0x31c ./Drivers/STM32F0xx_HAL_Driver/stm32f0xx_hal_rcc.o
 .debug_abbrev  0x0000000000004633      0x1ac ./Drivers/STM32F0xx_HAL_Driver/stm32f0xx_hal_rcc_ex.o
 .debug_abbrev  0x00000000000047df      0x3cb ./Drivers/STM32F0xx_HAL_Driver/stm32f0xx_hal_tim.o
 .debug_abbrev  0x0000000000004baa      0x3bc ./Drivers/STM32F0xx_HAL_Driver/stm32f0xx_hal_tim_ex.o
 .debug_abbrev  0x0000000000004f66      0x10f ./Middlewares/MotorControl/bus_voltage_sensor.o
 .debug_abbrev  0x0000000000005075      0x409 ./Middlewares/MotorControl/f0xx_bemf_ADC_fdbk.o
 .debug_abbrev  0x000000000000547e      0x1a1 ./Middlewares/MotorControl/ntc_temperature_sensor.o
 .debug_abbrev  0x000000000000561f      0x1b2 ./Middlewares/MotorControl/pid_regulator.o
 .debug_abbrev  0x00000000000057d1      0x1ad ./Middlewares/MotorControl/pwm_common_sixstep.o
 .debug_abbrev  0x000000000000597e      0x388 ./Middlewares/MotorControl/pwmc_6pwm.o
 .debug_abbrev  0x0000000000005d06      0x161 ./Middlewares/MotorControl/r_divider_bus_voltage_sensor.o
 .debug_abbrev  0x0000000000005e67      0x28b ./Middlewares/MotorControl/revup_ctrl_sixstep.o
 .debug_abbrev  0x00000000000060f2      0x21f ./Middlewares/MotorControl/speed_ctrl.o
 .debug_abbrev  0x0000000000006311      0x183 ./Middlewares/MotorControl/speed_pos_fdbk.o
 .debug_abbrev  0x0000000000006494      0x214 ./Middlewares/MotorControl/virtual_speed_sensor.o

.debug_aranges  0x0000000000000000     0x1580
 .debug_aranges
                0x0000000000000000       0x28 ./Application/Startup/startup_stm32f031c6tx.o
 .debug_aranges
                0x0000000000000028       0x60 ./Application/User/aspep.o
 .debug_aranges
                0x0000000000000088       0x38 ./Application/User/i2c_slave.o
 .debug_aranges
                0x00000000000000c0       0x38 ./Application/User/main.o
 .debug_aranges
                0x00000000000000f8       0xc8 ./Application/User/mc_api.o
 .debug_aranges
                0x00000000000001c0       0x20 ./Application/User/mc_app_hooks.o
 .debug_aranges
                0x00000000000001e0       0x18 ./Application/User/mc_config.o
 .debug_aranges
                0x00000000000001f8       0x18 ./Application/User/mc_configuration_registers.o
 .debug_aranges
                0x0000000000000210       0xf0 ./Application/User/mc_interface.o
 .debug_aranges
                0x0000000000000300       0x18 ./Application/User/mc_parameters.o
 .debug_aranges
                0x0000000000000318       0xa8 ./Application/User/mc_tasks.o
 .debug_aranges
                0x00000000000003c0       0x38 ./Application/User/mcp.o
 .debug_aranges
                0x00000000000003f8       0x18 ./Application/User/mcp_config.o
 .debug_aranges
                0x0000000000000410       0x20 ./Application/User/motorcontrol.o
 .debug_aranges
                0x0000000000000430       0x48 ./Application/User/register_interface.o
 .debug_aranges
                0x0000000000000478       0x68 ./Application/User/regular_conversion_manager.o
 .debug_aranges
                0x00000000000004e0       0x68 ./Application/User/stm32f0xx_hal_msp.o
 .debug_aranges
                0x0000000000000548       0x20 ./Application/User/stm32f0xx_it.o
 .debug_aranges
                0x0000000000000568       0x58 ./Application/User/stm32f0xx_mc_it.o
 .debug_aranges
                0x00000000000005c0       0x48 ./Application/User/usart_aspep_driver.o
 .debug_aranges
                0x0000000000000608       0x28 ./Drivers/CMSIS/system_stm32f0xx.o
 .debug_aranges
                0x0000000000000630       0xc8 ./Drivers/STM32F0xx_HAL_Driver/stm32f0xx_hal.o
 .debug_aranges
                0x00000000000006f8       0xd0 ./Drivers/STM32F0xx_HAL_Driver/stm32f0xx_hal_adc.o
 .debug_aranges
                0x00000000000007c8       0x78 ./Drivers/STM32F0xx_HAL_Driver/stm32f0xx_hal_cortex.o
 .debug_aranges