Archive member included to satisfy reference by file (symbol)

C:/ST/STM32CubeIDE_1.14.1/STM32CubeIDE/plugins/com.st.stm32cube.ide.mcu.externaltools.gnu-tools-for-stm32.11.3.rel1.win32_1.1.100.202309141235/tools/bin/../lib/gcc/arm-none-eabi/11.3.1/../../../../arm-none-eabi/lib/thumb/v6-m/nofp\libc_nano.a(libc_a-exit.o)
                              C:/ST/STM32CubeIDE_1.14.1/STM32CubeIDE/plugins/com.st.stm32cube.ide.mcu.externaltools.gnu-tools-for-stm32.11.3.rel1.win32_1.1.100.202309141235/tools/bin/../lib/gcc/arm-none-eabi/11.3.1/../../../../arm-none-eabi/lib/thumb/v6-m/nofp/crt0.o (exit)
C:/ST/STM32CubeIDE_1.14.1/STM32CubeIDE/plugins/com.st.stm32cube.ide.mcu.externaltools.gnu-tools-for-stm32.11.3.rel1.win32_1.1.100.202309141235/tools/bin/../lib/gcc/arm-none-eabi/11.3.1/../../../../arm-none-eabi/lib/thumb/v6-m/nofp\libc_nano.a(libc_a-findfp.o)
                              C:/ST/STM32CubeIDE_1.14.1/STM32CubeIDE/plugins/com.st.stm32cube.ide.mcu.externaltools.gnu-tools-for-stm32.11.3.rel1.win32_1.1.100.202309141235/tools/bin/../lib/gcc/arm-none-eabi/11.3.1/../../../../arm-none-eabi/lib/thumb/v6-m/nofp\libc_nano.a(libc_a-exit.o) (__stdio_exit_handler)
C:/ST/STM32CubeIDE_1.14.1/STM32CubeIDE/plugins/com.st.stm32cube.ide.mcu.externaltools.gnu-tools-for-stm32.11.3.rel1.win32_1.1.100.202309141235/tools/bin/../lib/gcc/arm-none-eabi/11.3.1/../../../../arm-none-eabi/lib/thumb/v6-m/nofp\libc_nano.a(libc_a-fwalk.o)
                              C:/ST/STM32CubeIDE_1.14.1/STM32CubeIDE/plugins/com.st.stm32cube.ide.mcu.externaltools.gnu-tools-for-stm32.11.3.rel1.win32_1.1.100.202309141235/tools/bin/../lib/gcc/arm-none-eabi/11.3.1/../../../../arm-none-eabi/lib/thumb/v6-m/nofp\libc_nano.a(libc_a-findfp.o) (_fwalk_sglue)
C:/ST/STM32CubeIDE_1.14.1/STM32CubeIDE/plugins/com.st.stm32cube.ide.mcu.externaltools.gnu-tools-for-stm32.11.3.rel1.win32_1.1.100.202309141235/tools/bin/../lib/gcc/arm-none-eabi/11.3.1/../../../../arm-none-eabi/lib/thumb/v6-m/nofp\libc_nano.a(libc_a-stdio.o)
                              C:/ST/STM32CubeIDE_1.14.1/STM32CubeIDE/plugins/com.st.stm32cube.ide.mcu.externaltools.gnu-tools-for-stm32.11.3.rel1.win32_1.1.100.202309141235/tools/bin/../lib/gcc/arm-none-eabi/11.3.1/../../../../arm-none-eabi/lib/thumb/v6-m/nofp\libc_nano.a(libc_a-findfp.o) (__sread)
C:/ST/STM32CubeIDE_1.14.1/STM32CubeIDE/plugins/com.st.stm32cube.ide.mcu.externaltools.gnu-tools-for-stm32.11.3.rel1.win32_1.1.100.202309141235/tools/bin/../lib/gcc/arm-none-eabi/11.3.1/../../../../arm-none-eabi/lib/thumb/v6-m/nofp\libc_nano.a(libc_a-memset.o)
                              C:/ST/STM32CubeIDE_1.14.1/STM32CubeIDE/plugins/com.st.stm32cube.ide.mcu.externaltools.gnu-tools-for-stm32.11.3.rel1.win32_1.1.100.202309141235/tools/bin/../lib/gcc/arm-none-eabi/11.3.1/../../../../arm-none-eabi/lib/thumb/v6-m/nofp/crt0.o (memset)
C:/ST/STM32CubeIDE_1.14.1/STM32CubeIDE/plugins/com.st.stm32cube.ide.mcu.externaltools.gnu-tools-for-stm32.11.3.rel1.win32_1.1.100.202309141235/tools/bin/../lib/gcc/arm-none-eabi/11.3.1/../../../../arm-none-eabi/lib/thumb/v6-m/nofp\libc_nano.a(libc_a-closer.o)
                              C:/ST/STM32CubeIDE_1.14.1/STM32CubeIDE/plugins/com.st.stm32cube.ide.mcu.externaltools.gnu-tools-for-stm32.11.3.rel1.win32_1.1.100.202309141235/tools/bin/../lib/gcc/arm-none-eabi/11.3.1/../../../../arm-none-eabi/lib/thumb/v6-m/nofp\libc_nano.a(libc_a-stdio.o) (_close_r)
C:/ST/STM32CubeIDE_1.14.1/STM32CubeIDE/plugins/com.st.stm32cube.ide.mcu.externaltools.gnu-tools-for-stm32.11.3.rel1.win32_1.1.100.202309141235/tools/bin/../lib/gcc/arm-none-eabi/11.3.1/../../../../arm-none-eabi/lib/thumb/v6-m/nofp\libc_nano.a(libc_a-reent.o)
                              C:/ST/STM32CubeIDE_1.14.1/STM32CubeIDE/plugins/com.st.stm32cube.ide.mcu.externaltools.gnu-tools-for-stm32.11.3.rel1.win32_1.1.100.202309141235/tools/bin/../lib/gcc/arm-none-eabi/11.3.1/../../../../arm-none-eabi/lib/thumb/v6-m/nofp\libc_nano.a(libc_a-closer.o) (errno)
C:/ST/STM32CubeIDE_1.14.1/STM32CubeIDE/plugins/com.st.stm32cube.ide.mcu.externaltools.gnu-tools-for-stm32.11.3.rel1.win32_1.1.100.202309141235/tools/bin/../lib/gcc/arm-none-eabi/11.3.1/../../../../arm-none-eabi/lib/thumb/v6-m/nofp\libc_nano.a(libc_a-impure.o)
                              C:/ST/STM32CubeIDE_1.14.1/STM32CubeIDE/plugins/com.st.stm32cube.ide.mcu.externaltools.gnu-tools-for-stm32.11.3.rel1.win32_1.1.100.202309141235/tools/bin/../lib/gcc/arm-none-eabi/11.3.1/../../../../arm-none-eabi/lib/thumb/v6-m/nofp\libc_nano.a(libc_a-reent.o) (_impure_ptr)
C:/ST/STM32CubeIDE_1.14.1/STM32CubeIDE/plugins/com.st.stm32cube.ide.mcu.externaltools.gnu-tools-for-stm32.11.3.rel1.win32_1.1.100.202309141235/tools/bin/../lib/gcc/arm-none-eabi/11.3.1/../../../../arm-none-eabi/lib/thumb/v6-m/nofp\libc_nano.a(libc_a-lseekr.o)
[...]
Memory Configuration

Name             Origin             Length             Attributes
RAM              0x0000000020000000 0x0000000000001000 xrw
FLASH            0x0000000008000000 0x0000000000008000 xr
*default*        0x0000000000000000 0xffffffffffffffff

Linker script and memory map

LOAD C:/ST/STM32CubeIDE_1.14.1/STM32CubeIDE/plugins/com.st.stm32cube.ide.mcu.externaltools.gnu-tools-for-stm32.11.3.rel1.win32_1.1.100.202309141235/tools/bin/../lib/gcc/arm-none-eabi/11.3.1/thumb/v6-m/nofp/crti.o
LOAD C:/ST/STM32CubeIDE_1.14.1/STM32CubeIDE/plugins/com.st.stm32cube.ide.mcu.externaltools.gnu-tools-for-stm32.11.3.rel1.win32_1.1.100.202309141235/tools/bin/../lib/gcc/arm-none-eabi/11.3.1/thumb/v6-m/nofp/crtbegin.o
LOAD C:/ST/STM32CubeIDE_1.14.1/STM32CubeIDE/plugins/com.st.stm32cube.ide.mcu.externaltools.gnu-tools-for-stm32.11.3.rel1.win32_1.1.100.202309141235/tools/bin/../lib/gcc/arm-none-eabi/11.3.1/../../../../arm-none-eabi/lib/thumb/v6-m/nofp/crt0.o
LOAD ./Application/Startup/startup_stm32f031c6tx.o
LOAD ./Application/User/aspep.o
LOAD ./Application/User/i2c_slave.o
LOAD ./Application/User/main.o
LOAD ./Application/User/mc_api.o
LOAD ./Application/User/mc_app_hooks.o
LOAD ./Application/User/mc_config.o
LOAD ./Application/User/mc_configuration_registers.o
LOAD ./Application/User/mc_interface.o
LOAD ./Application/User/mc_math.o
LOAD ./Application/User/mc_parameters.o
LOAD ./Application/User/mc_tasks.o
LOAD ./Application/User/mcp.o
LOAD ./Application/User/mcp_config.o
LOAD ./Application/User/motorcontrol.o
LOAD ./Application/User/register_interface.o
LOAD ./Application/User/regular_conversion_manager.o
LOAD ./Application/User/stm32f0xx_hal_msp.o
LOAD ./Application/User/stm32f0xx_it.o
LOAD ./Application/User/stm32f0xx_mc_it.o
LOAD ./Application/User/syscalls.o
LOAD ./Application/User/sysmem.o
LOAD ./Application/User/usart_aspep_driver.o
LOAD ./Drivers/CMSIS/system_stm32f0xx.o
LOAD ./Drivers/STM32F0xx_HAL_Driver/stm32f0xx_hal.o
LOAD ./Drivers/STM32F0xx_HAL_Driver/stm32f0xx_hal_adc.o
LOAD ./Drivers/STM32F0xx_HAL_Driver/stm32f0xx_hal_adc_ex.o
LOAD ./Drivers/STM32F0xx_HAL_Driver/stm32f0xx_hal_cortex.o
LOAD ./Drivers/STM32F0xx_HAL_Driver/stm32f0xx_hal_dma.o
LOAD ./Drivers/STM32F0xx_HAL_Driver/stm32f0xx_hal_exti.o
LOAD ./Drivers/STM32F0xx_HAL_Driver/stm32f0xx_hal_flash.o
LOAD ./Drivers/STM32F0xx_HAL_Driver/stm32f0xx_hal_flash_ex.o
LOAD ./Drivers/STM32F0xx_HAL_Driver/stm32f0xx_hal_gpio.o
LOAD ./Drivers/STM32F0xx_HAL_Driver/stm32f0xx_hal_i2c.o
LOAD ./Drivers/STM32F0xx_HAL_Driver/stm32f0xx_hal_i2c_ex.o
LOAD ./Drivers/STM32F0xx_HAL_Driver/stm32f0xx_hal_pwr.o
LOAD ./Drivers/STM32F0xx_HAL_Driver/stm32f0xx_hal_pwr_ex.o
LOAD ./Drivers/STM32F0xx_HAL_Driver/stm32f0xx_hal_rcc.o
LOAD ./Drivers/STM32F0xx_HAL_Driver/stm32f0xx_hal_rcc_ex.o
LOAD ./Drivers/STM32F0xx_HAL_Driver/stm32f0xx_hal_tim.o
LOAD ./Drivers/STM32F0xx_HAL_Driver/stm32f0xx_hal_tim_ex.o
LOAD ./Middlewares/MotorControl/bus_voltage_sensor.o
LOAD ./Middlewares/MotorControl/current_ref_ctrl.o
LOAD ./Middlewares/MotorControl/f0xx_bemf_ADC_fdbk.o
LOAD ./Middlewares/MotorControl/ntc_temperature_sensor.o
LOAD ./Middlewares/MotorControl/pid_regulator.o
LOAD ./Middlewares/MotorControl/pwm_common_sixstep.o
LOAD ./Middlewares/MotorControl/pwmc_6pwm.o
LOAD ./Middlewares/MotorControl/r_divider_bus_voltage_sensor.o
LOAD ./Middlewares/MotorControl/revup_ctrl_sixstep.o
LOAD ./Middlewares/MotorControl/speed_ctrl.o
LOAD ./Middlewares/MotorControl/speed_pos_fdbk.o
LOAD ./Middlewares/MotorControl/virtual_speed_sensor.o
START GROUP
LOAD C:/ST/STM32CubeIDE_1.14.1/STM32CubeIDE/plugins/com.st.stm32cube.ide.mcu.externaltools.gnu-tools-for-stm32.11.3.rel1.win32_1.1.100.202309141235/tools/bin/../lib/gcc/arm-none-eabi/11.3.1/../../../../arm-none-eabi/lib/thumb/v6-m/nofp\libc_nano.a
LOAD C:/ST/STM32CubeIDE_1.14.1/STM32CubeIDE/plugins/com.st.stm32cube.ide.mcu.externaltools.gnu-tools-for-stm32.11.3.rel1.win32_1.1.100.202309141235/tools/bin/../lib/gcc/arm-none-eabi/11.3.1/../../../../arm-none-eabi/lib/thumb/v6-m/nofp\libm.a
END GROUP
START GROUP
LOAD C:/ST/STM32CubeIDE_1.14.1/STM32CubeIDE/plugins/com.st.stm32cube.ide.mcu.externaltools.gnu-tools-for-stm32.11.3.rel1.win32_1.1.100.202309141235/tools/bin/../lib/gcc/arm-none-eabi/11.3.1/thumb/v6-m/nofp\libgcc.a
LOAD C:/ST/STM32CubeIDE_1.14.1/STM32CubeIDE/plugins/com.st.stm32cube.ide.mcu.externaltools.gnu-tools-for-stm32.11.3.rel1.win32_1.1.100.202309141235/tools/bin/../lib/gcc/arm-none-eabi/11.3.1/../../../../arm-none-eabi/lib/thumb/v6-m/nofp\libc_nano.a
END GROUP
START GROUP
LOAD C:/ST/STM32CubeIDE_1.14.1/STM32CubeIDE/plugins/com.st.stm32cube.ide.mcu.externaltools.gnu-tools-for-stm32.11.3.rel1.win32_1.1.100.202309141235/tools/bin/../lib/gcc/arm-none-eabi/11.3.1/thumb/v6-m/nofp\libgcc.a
LOAD C:/ST/STM32CubeIDE_1.14.1/STM32CubeIDE/plugins/com.st.stm32cube.ide.mcu.externaltools.gnu-tools-for-stm32.11.3.rel1.win32_1.1.100.202309141235/tools/bin/../lib/gcc/arm-none-eabi/11.3.1/../../../../arm-none-eabi/lib/thumb/v6-m/nofp\libc_nano.a
LOAD C:/ST/STM32CubeIDE_1.14.1/STM32CubeIDE/plugins/com.st.stm32cube.ide.mcu.externaltools.gnu-tools-for-stm32.11.3.rel1.win32_1.1.100.202309141235/tools/bin/../lib/gcc/arm-none-eabi/11.3.1/../../../../arm-none-eabi/lib/thumb/v6-m/nofp\libnosys.a
END GROUP
START GROUP
LOAD C:/ST/STM32CubeIDE_1.14.1/STM32CubeIDE/plugins/com.st.stm32cube.ide.mcu.externaltools.gnu-tools-for-stm32.11.3.rel1.win32_1.1.100.202309141235/tools/bin/../lib/gcc/arm-none-eabi/11.3.1/thumb/v6-m/nofp\libgcc.a
LOAD C:/ST/STM32CubeIDE_1.14.1/STM32CubeIDE/plugins/com.st.stm32cube.ide.mcu.externaltools.gnu-tools-for-stm32.11.3.rel1.win32_1.1.100.202309141235/tools/bin/../lib/gcc/arm-none-eabi/11.3.1/../../../../arm-none-eabi/lib/thumb/v6-m/nofp\libc_nano.a
LOAD C:/ST/STM32CubeIDE_1.14.1/STM32CubeIDE/plugins/com.st.stm32cube.ide.mcu.externaltools.gnu-tools-for-stm32.11.3.rel1.win32_1.1.100.202309141235/tools/bin/../lib/gcc/arm-none-eabi/11.3.1/../../../../arm-none-eabi/lib/thumb/v6-m/nofp\libnosys.a
END GROUP
LOAD C:/ST/STM32CubeIDE_1.14.1/STM32CubeIDE/plugins/com.st.stm32cube.ide.mcu.externaltools.gnu-tools-for-stm32.11.3.rel1.win32_1.1.100.202309141235/tools/bin/../lib/gcc/arm-none-eabi/11.3.1/thumb/v6-m/nofp/crtend.o
LOAD C:/ST/STM32CubeIDE_1.14.1/STM32CubeIDE/plugins/com.st.stm32cube.ide.mcu.externaltools.gnu-tools-for-stm32.11.3.rel1.win32_1.1.100.202309141235/tools/bin/../lib/gcc/arm-none-eabi/11.3.1/thumb/v6-m/nofp/crtn.o
                0x0000000020001000                _estack = (ORIGIN (RAM) + LENGTH (RAM))
                0x0000000000000080                _Min_Heap_Size = 0x80
                0x0000000000000400                _Min_Stack_Size = 0x400

.isr_vector     0x0000000008000000       0xc0
                0x0000000008000000                . = ALIGN (0x4)
 *(.isr_vector)
 .isr_vector    0x0000000008000000       0xc0 ./Application/Startup/startup_stm32f031c6tx.o
                0x0000000008000000                g_pfnVectors
                0x00000000080000c0                . = ALIGN (0x4)

.text           0x00000000080000c0     0x63cc
                0x00000000080000c0                . = ALIGN (0x4)
 *(.text)
 .text          0x00000000080000c0       0x48 C:/ST/STM32CubeIDE_1.14.1/STM32CubeIDE/plugins/com.st.stm32cube.ide.mcu.externaltools.gnu-tools-for-stm32.11.3.rel1.win32_1.1.100.202309141235/tools/bin/../lib/gcc/arm-none-eabi/11.3.1/thumb/v6-m/nofp/crtbegin.o
 .text          0x0000000008000108      0x114 C:/ST/STM32CubeIDE_1.14.1/STM32CubeIDE/plugins/com.st.stm32cube.ide.mcu.externaltools.gnu-tools-for-stm32.11.3.rel1.win32_1.1.100.202309141235/tools/bin/../lib/gcc/arm-none-eabi/11.3.1/thumb/v6-m/nofp\libgcc.a(_udivsi3.o)
                0x0000000008000108                __aeabi_uidiv
                0x0000000008000108                __udivsi3
                0x0000000008000214                __aeabi_uidivmod
 .text          0x000000000800021c      0x1d4 C:/ST/STM32CubeIDE_1.14.1/STM32CubeIDE/plugins/com.st.stm32cube.ide.mcu.externaltools.gnu-tools-for-stm32.11.3.rel1.win32_1.1.100.202309141235/tools/bin/../lib/gcc/arm-none-eabi/11.3.1/thumb/v6-m/nofp\libgcc.a(_divsi3.o)
                0x000000000800021c                __divsi3
                0x000000000800021c                __aeabi_idiv
                0x00000000080003e8                __aeabi_idivmod
 .text          0x00000000080003f0        0x4 C:/ST/STM32CubeIDE_1.14.1/STM32CubeIDE/plugins/com.st.stm32cube.ide.mcu.externaltools.gnu-tools-for-stm32.11.3.rel1.win32_1.1.100.202309141235/tools/bin/../lib/gcc/arm-none-eabi/11.3.1/thumb/v6-m/nofp\libgcc.a(_dvmd_tls.o)
                0x00000000080003f0                __aeabi_idiv0
                0x00000000080003f0                __aeabi_ldiv0
 *(.text*)
 .text.Reset_Handler
                0x00000000080003f4       0x50 ./Application/Startup/startup_stm32f031c6tx.o
                0x00000000080003f4                Reset_Handler
 .text.Default_Handler
                0x0000000008000444        0x2 ./Application/Startup/startup_stm32f031c6tx.o
                0x0000000008000444                TIM1_CC_IRQHandler
                0x0000000008000444                PVD_IRQHandler
                0x0000000008000444                PendSV_Handler
                0x0000000008000444                NMI_Handler
                0x0000000008000444                SPI1_IRQHandler
                0x0000000008000444                EXTI2_3_IRQHandler
                0x0000000008000444                ADC1_IRQHandler
                0x0000000008000444                TIM17_IRQHandler
                0x0000000008000444                RTC_IRQHandler
                0x0000000008000444                TIM16_IRQHandler
                0x0000000008000444                TIM3_IRQHandler
                0x0000000008000444                EXTI4_15_IRQHandler
                0x0000000008000444                RCC_IRQHandler
                0x0000000008000444                Default_Handler
                0x0000000008000444                TIM14_IRQHandler
                0x0000000008000444                DMA1_Channel4_5_IRQHandler
                0x0000000008000444                SVC_Handler
                0x0000000008000444                WWDG_IRQHandler
                0x0000000008000444                FLASH_IRQHandler
 *fill*         0x0000000008000446        0x2 
 .text.ASPEP_start
                0x0000000008000448       0x24 ./Application/User/aspep.o
                0x0000000008000448                ASPEP_start
 .text.ASPEP_sendBeacon
                0x000000000800046c       0x88 ./Application/User/aspep.o
                0x000000000800046c                ASPEP_sendBeacon
 .text.ASPEP_sendPing
                0x00000000080004f4       0x94 ./Application/User/aspep.o
                0x00000000080004f4                ASPEP_sendPing
 .text.ASPEP_getBuffer
                0x0000000008000588       0x24 ./Application/User/aspep.o
                0x0000000008000588                ASPEP_getBuffer
 .text.ASPEP_sendPacket
                0x00000000080005ac       0xf0 ./Application/User/aspep.o
                0x00000000080005ac                ASPEP_sendPacket
 .text.ASPEP_HWDataTransmittedIT
                0x000000000800069c       0x5c ./Application/User/aspep.o
                0x000000000800069c                ASPEP_HWDataTransmittedIT
 .text.ASPEP_RXframeProcess
                0x00000000080006f8      0x34c ./Application/User/aspep.o
                0x00000000080006f8                ASPEP_RXframeProcess
 .text.ASPEP_HWDataReceivedIT
                0x0000000008000a44       0x9c ./Application/User/aspep.o
                0x0000000008000a44                ASPEP_HWDataReceivedIT
 .text.ASPEP_HWDMAReset
                0x0000000008000ae0       0x18 ./Application/User/aspep.o
                0x0000000008000ae0                ASPEP_HWDMAReset
 .text.HAL_I2C_ListenCpltCallback
                0x0000000008000af8        0x8 ./Application/User/i2c_slave.o
                0x0000000008000af8                HAL_I2C_ListenCpltCallback
 .text.HAL_I2C_AddrCallback
                0x0000000008000b00       0x20 ./Application/User/i2c_slave.o
                0x0000000008000b00                HAL_I2C_AddrCallback
 .text.HAL_I2C_SlaveRxCpltCallback
                0x0000000008000b20       0x10 ./Application/User/i2c_slave.o
                0x0000000008000b20                HAL_I2C_SlaveRxCpltCallback
 .text.HAL_I2C_ErrorCallback
                0x0000000008000b30        0x8 ./Application/User/i2c_slave.o
                0x0000000008000b30                HAL_I2C_ErrorCallback
 .text.SystemClock_Config
                0x0000000008000b38       0x80 ./Application/User/main.o
                0x0000000008000b38                SystemClock_Config
 .text.startup.main
                0x0000000008000bb8      0x4bc ./Application/User/main.o
                0x0000000008000bb8                main
 .text.Error_Handler
                0x0000000008001074        0x4 ./Application/User/main.o
                0x0000000008001074                Error_Handler
 .text.MC_StartMotor1
                0x0000000008001078       0x10 ./Application/User/mc_api.o
                0x0000000008001078                MC_StartMotor1
 .text.MC_StopMotor1
                0x0000000008001088       0x10 ./Application/User/mc_api.o
                0x0000000008001088                MC_StopMotor1
 .text.MC_ProgramSpeedRampMotor1
                0x0000000008001098       0x18 ./Application/User/mc_api.o
                0x0000000008001098                MC_ProgramSpeedRampMotor1
 .text.MC_GetMecSpeedAverageMotor1
                0x00000000080010b0       0x10 ./Application/User/mc_api.o
                0x00000000080010b0                MC_GetMecSpeedAverageMotor1
 .text.MC_GetLastRampFinalSpeedMotor1
                0x00000000080010c0       0x10 ./Application/User/mc_api.o
                0x00000000080010c0                MC_GetLastRampFinalSpeedMotor1
 .text.MC_GetSpeedSensorReliabilityMotor1
                0x00000000080010d0       0x10 ./Application/User/mc_api.o
                0x00000000080010d0                MC_GetSpeedSensorReliabilityMotor1
 .text.MC_AcknowledgeFaultMotor1
                0x00000000080010e0       0x10 ./Application/User/mc_api.o
                0x00000000080010e0                MC_AcknowledgeFaultMotor1
 .text.MC_GetCurrentFaultsMotor1
                0x00000000080010f0       0x10 ./Application/User/mc_api.o
                0x00000000080010f0                MC_GetCurrentFaultsMotor1
 .text.MC_GetSTMStateMotor1
                0x0000000008001100       0x10 ./Application/User/mc_api.o
                0x0000000008001100                MC_GetSTMStateMotor1
 .text.MC_APP_BootHook
                0x0000000008001110        0x4 ./Application/User/mc_app_hooks.o
                0x0000000008001110                MC_APP_BootHook
 .text.MC_APP_PostMediumFrequencyHook_M1
                0x0000000008001114        0x4 ./Application/User/mc_app_hooks.o
                0x0000000008001114                MC_APP_PostMediumFrequencyHook_M1
 .text.MCI_Init
                0x0000000008001118       0x18 ./Application/User/mc_interface.o
                0x0000000008001118                MCI_Init
 .text.MCI_ExecSpeedRamp
                0x0000000008001130       0x24 ./Application/User/mc_interface.o
                0x0000000008001130                MCI_ExecSpeedRamp
 .text.MCI_FaultProcessing
                0x0000000008001154       0x10 ./Application/User/mc_interface.o
                0x0000000008001154                MCI_FaultProcessing
 .text.MCI_ExecBufferedCommands
                0x0000000008001164       0x3c ./Application/User/mc_interface.o
                0x0000000008001164                MCI_ExecBufferedCommands
 .text.MCI_GetSTMState
                0x00000000080011a0        0x4 ./Application/User/mc_interface.o
                0x00000000080011a0                MCI_GetSTMState
 .text.MCI_GetOccurredFaults
                0x00000000080011a4        0x4 ./Application/User/mc_interface.o
                0x00000000080011a4                MCI_GetOccurredFaults
 .text.MCI_GetCurrentFaults
                0x00000000080011a8        0x4 ./Application/User/mc_interface.o
                0x00000000080011a8                MCI_GetCurrentFaults
 .text.MCI_StartMotor
                0x00000000080011ac       0x30 ./Application/User/mc_interface.o
                0x00000000080011ac                MCI_StartMotor
 .text.MCI_StopMotor
                0x00000000080011dc       0x3c ./Application/User/mc_interface.o
                0x00000000080011dc                MCI_StopMotor
 .text.MCI_FaultAcknowledged
                0x0000000008001218       0x24 ./Application/User/mc_interface.o
                0x0000000008001218                MCI_FaultAcknowledged
 .text.MCI_GetFaultState
                0x000000000800123c        0xc ./Application/User/mc_interface.o
                0x000000000800123c                MCI_GetFaultState
 .text.MCI_GetControlMode
                0x0000000008001248        0x4 ./Application/User/mc_interface.o
                0x0000000008001248                MCI_GetControlMode
 .text.MCI_GetImposedMotorDirection
                0x000000000800124c       0x1c ./Application/User/mc_interface.o
                0x000000000800124c                MCI_GetImposedMotorDirection
 .text.MCI_GetLastRampFinalSpeed
                0x0000000008001268        0x8 ./Application/User/mc_interface.o
                0x0000000008001268                MCI_GetLastRampFinalSpeed
 .text.MCI_GetLastRampFinalDuration
                0x0000000008001270        0x4 ./Application/User/mc_interface.o
                0x0000000008001270                MCI_GetLastRampFinalDuration
 .text.MCI_StopRamp
                0x0000000008001274        0xc ./Application/User/mc_interface.o
                0x0000000008001274                MCI_StopRamp
 .text.MCI_GetSpdSensorReliability
                0x0000000008001280       0x10 ./Application/User/mc_interface.o
                0x0000000008001280                MCI_GetSpdSensorReliability
 .text.MCI_GetAvrgMecSpeedUnit
                0x0000000008001290       0x10 ./Application/User/mc_interface.o
                0x0000000008001290                MCI_GetAvrgMecSpeedUnit
 .text.MCI_GetMecSpeedRefUnit
                0x00000000080012a0        0xc ./Application/User/mc_interface.o
                0x00000000080012a0                MCI_GetMecSpeedRefUnit
 .text.SixStep_Clear
                0x00000000080012ac       0x60 ./Application/User/mc_tasks.o
                0x00000000080012ac                SixStep_Clear
 .text.MCboot   0x000000000800130c       0xe8 ./Application/User/mc_tasks.o
                0x000000000800130c                MCboot
 .text.SixStep_InitAdditionalMethods
                0x00000000080013f4        0x4 ./Application/User/mc_tasks.o
                0x00000000080013f4                SixStep_InitAdditionalMethods
 .text.SixStep_CalcSpeedRef
                0x00000000080013f8       0x28 ./Application/User/mc_tasks.o
                0x00000000080013f8                SixStep_CalcSpeedRef
 .text.TSK_SetChargeBootCapDelayM1
                0x0000000008001420        0xc ./Application/User/mc_tasks.o
                0x0000000008001420                TSK_SetChargeBootCapDelayM1
 .text.TSK_ChargeBootCapDelayHasElapsedM1
                0x000000000800142c       0x10 ./Application/User/mc_tasks.o
                0x000000000800142c                TSK_ChargeBootCapDelayHasElapsedM1
 .text.TSK_SetStopPermanencyTimeM1
                0x000000000800143c        0xc ./Application/User/mc_tasks.o
                0x000000000800143c                TSK_SetStopPermanencyTimeM1
 .text.TSK_StopPermanencyTimeHasElapsedM1
                0x0000000008001448       0x10 ./Application/User/mc_tasks.o
                0x0000000008001448                TSK_StopPermanencyTimeHasElapsedM1
 .text.TSK_MediumFrequencyTaskM1
                0x0000000008001458      0x27c ./Application/User/mc_tasks.o
                0x0000000008001458                TSK_MediumFrequencyTaskM1
 .text.MC_Scheduler
                0x00000000080016d4       0x94 ./Application/User/mc_tasks.o
                0x00000000080016d4                MC_Scheduler
 .text.TSK_HighFrequencyTask
                0x0000000008001768      0x148 ./Application/User/mc_tasks.o
                0x0000000008001768                TSK_HighFrequencyTask
 .text.TSK_SafetyTask_PWMOFF
                0x00000000080018b0       0x7c ./Application/User/mc_tasks.o
                0x00000000080018b0                TSK_SafetyTask_PWMOFF
 .text.TSK_SafetyTask
                0x000000000800192c       0x1c ./Application/User/mc_tasks.o
                0x000000000800192c                TSK_SafetyTask
 .text.MC_RunMotorControlTasks
                0x0000000008001948       0x1c ./Application/User/mc_tasks.o
                0x0000000008001948                MC_RunMotorControlTasks
 .text.TSK_HardwareFaultTask
                0x0000000008001964       0x20 ./Application/User/mc_tasks.o
                0x0000000008001964                TSK_HardwareFaultTask
 .text.UI_HandleStartStopButton_cb
                0x0000000008001984       0x18 ./Application/User/mc_tasks.o
                0x0000000008001984                UI_HandleStartStopButton_cb
 .text.mc_lock_pins
                0x000000000800199c       0xfc ./Application/User/mc_tasks.o
                0x000000000800199c                mc_lock_pins
 .text.RI_SetRegCommandParser
                0x0000000008001a98       0xe8 ./Application/User/mcp.o
                0x0000000008001a98                RI_SetRegCommandParser
 .text.RI_GetRegCommandParser
                0x0000000008001b80       0x98 ./Application/User/mcp.o
                0x0000000008001b80                RI_GetRegCommandParser
 .text.MCP_ReceivedPacket
                0x0000000008001c18      0x130 ./Application/User/mcp.o
                0x0000000008001c18                MCP_ReceivedPacket
 .text.MX_MotorControl_Init
                0x0000000008001d48       0x34 ./Application/User/motorcontrol.o
                0x0000000008001d48                MX_MotorControl_Init
 .text.RI_SetRegisterGlobal
                0x0000000008001d7c       0xac ./Application/User/register_interface.o
                0x0000000008001d7c                RI_SetRegisterGlobal
 .text.RI_SetRegisterMotor1
                0x0000000008001e28      0x1a0 ./Application/User/register_interface.o
                0x0000000008001e28                RI_SetRegisterMotor1
 .text.RI_GetRegisterGlobal
                0x0000000008001fc8       0xac ./Application/User/register_interface.o
                0x0000000008001fc8                RI_GetRegisterGlobal
 .text.RI_GetRegisterMotor1
                0x0000000008002074      0x1fc ./Application/User/register_interface.o
                0x0000000008002074                RI_GetRegisterMotor1
 .text.RCM_RegisterRegConv
                0x0000000008002270      0x170 ./Application/User/regular_conversion_manager.o
                0x0000000008002270                RCM_RegisterRegConv
 .text.RCM_ExecRegularConv
                0x00000000080023e0      0x188 ./Application/User/regular_conversion_manager.o
                0x00000000080023e0                RCM_ExecRegularConv
 .text.RCM_ExecUserConv
                0x0000000008002568       0x64 ./Application/User/regular_conversion_manager.o
                0x0000000008002568                RCM_ExecUserConv
 .text.RCM_ExecNextConv
                0x00000000080025cc       0x70 ./Application/User/regular_conversion_manager.o
                0x00000000080025cc                RCM_ExecNextConv
 .text.RCM_ReadOngoingConv
                0x000000000800263c       0x5c ./Application/User/regular_conversion_manager.o
                0x000000000800263c                RCM_ReadOngoingConv
 .text.HAL_MspInit
                0x0000000008002698       0x30 ./Application/User/stm32f0xx_hal_msp.o
                0x0000000008002698                HAL_MspInit
 .text.HAL_ADC_MspInit
                0x00000000080026c8       0xc8 ./Application/User/stm32f0xx_hal_msp.o
                0x00000000080026c8                HAL_ADC_MspInit
 .text.HAL_I2C_MspInit
                0x0000000008002790       0x78 ./Application/User/stm32f0xx_hal_msp.o
                0x0000000008002790                HAL_I2C_MspInit
 .text.HAL_TIM_PWM_MspInit
                0x0000000008002808       0x64 ./Application/User/stm32f0xx_hal_msp.o
                0x0000000008002808                HAL_TIM_PWM_MspInit
 .text.HAL_TIM_Base_MspInit
                0x000000000800286c       0x48 ./Application/User/stm32f0xx_hal_msp.o
                0x000000000800286c                HAL_TIM_Base_MspInit
 .text.HAL_TIM_MspPostInit
                0x00000000080028b4       0xb8 ./Application/User/stm32f0xx_hal_msp.o
                0x00000000080028b4                HAL_TIM_MspPostInit
 .text.I2C1_IRQHandler
                0x000000000800296c       0x20 ./Application/User/stm32f0xx_it.o
                0x000000000800296c                I2C1_IRQHandler
 .text.TIM1_BRK_UP_TRG_COM_IRQHandler
                0x000000000800298c       0x44 ./Application/User/stm32f0xx_mc_it.o
                0x000000000800298c                TIM1_BRK_UP_TRG_COM_IRQHandler
 .text.DMA1_Channel1_IRQHandler
                0x00000000080029d0       0x34 ./Application/User/stm32f0xx_mc_it.o
                0x00000000080029d0                DMA1_Channel1_IRQHandler
 .text.TIM2_IRQHandler
                0x0000000008002a04       0x30 ./Application/User/stm32f0xx_mc_it.o
                0x0000000008002a04                TIM2_IRQHandler
 .text.DMA1_Channel2_3_IRQHandler
                0x0000000008002a34       0x20 ./Application/User/stm32f0xx_mc_it.o
                0x0000000008002a34                DMA1_Channel2_3_IRQHandler
 .text.USART1_IRQHandler
                0x0000000008002a54       0xa0 ./Application/User/stm32f0xx_mc_it.o
                0x0000000008002a54                USART1_IRQHandler
 .text.HardFault_Handler
                0x0000000008002af4        0x8 ./Application/User/stm32f0xx_mc_it.o
                0x0000000008002af4                HardFault_Handler
 .text.SysTick_Handler
                0x0000000008002afc       0x44 ./Application/User/stm32f0xx_mc_it.o
                0x0000000008002afc                SysTick_Handler
 .text.EXTI0_1_IRQHandler
                0x0000000008002b40       0x1c ./Application/User/stm32f0xx_mc_it.o
                0x0000000008002b40                EXTI0_1_IRQHandler
 .text.UASPEP_INIT
                0x0000000008002b5c       0x8c ./Application/User/usart_aspep_driver.o
                0x0000000008002b5c                UASPEP_INIT
 .text.UASPEP_SEND_PACKET
                0x0000000008002be8       0x38 ./Application/User/usart_aspep_driver.o
                0x0000000008002be8                UASPEP_SEND_PACKET
 .text.UASPEP_RECEIVE_BUFFER
                0x0000000008002c20       0x30 ./Application/User/usart_aspep_driver.o
                0x0000000008002c20                UASPEP_RECEIVE_BUFFER
 .text.UASPEP_IDLE_ENABLE
                0x0000000008002c50       0x1c ./Application/User/usart_aspep_driver.o
                0x0000000008002c50                UASPEP_IDLE_ENABLE
 .text.SystemInit
                0x0000000008002c6c        0x4 ./Drivers/CMSIS/system_stm32f0xx.o
                0x0000000008002c6c                SystemInit
 .text.HAL_InitTick
                0x0000000008002c70       0x4c ./Drivers/STM32F0xx_HAL_Driver/stm32f0xx_hal.o
                0x0000000008002c70                HAL_InitTick
 .text.HAL_Init
                0x0000000008002cbc       0x20 ./Drivers/STM32F0xx_HAL_Driver/stm32f0xx_hal.o
                0x0000000008002cbc                HAL_Init
 .text.HAL_IncTick
                0x0000000008002cdc       0x18 ./Drivers/STM32F0xx_HAL_Driver/stm32f0xx_hal.o
                0x0000000008002cdc                HAL_IncTick
 .text.HAL_GetTick
                0x0000000008002cf4        0xc ./Drivers/STM32F0xx_HAL_Driver/stm32f0xx_hal.o
                0x0000000008002cf4                HAL_GetTick
 .text.HAL_ADC_Init
                0x0000000008002d00      0x150 ./Drivers/STM32F0xx_HAL_Driver/stm32f0xx_hal_adc.o
                0x0000000008002d00                HAL_ADC_Init
 .text.HAL_ADC_ConfigChannel
                0x0000000008002e50      0x128 ./Drivers/STM32F0xx_HAL_Driver/stm32f0xx_hal_adc.o
                0x0000000008002e50                HAL_ADC_ConfigChannel
 .text.HAL_NVIC_SetPriority
                0x0000000008002f78       0x64 ./Drivers/STM32F0xx_HAL_Driver/stm32f0xx_hal_cortex.o
                0x0000000008002f78                HAL_NVIC_SetPriority
 .text.HAL_NVIC_EnableIRQ
                0x0000000008002fdc       0x18 ./Drivers/STM32F0xx_HAL_Driver/stm32f0xx_hal_cortex.o
                0x0000000008002fdc                HAL_NVIC_EnableIRQ
 .text.HAL_SYSTICK_Config
                0x0000000008002ff4       0x34 ./Drivers/STM32F0xx_HAL_Driver/stm32f0xx_hal_cortex.o
                0x0000000008002ff4                HAL_SYSTICK_Config
 .text.HAL_SYSTICK_Callback
                0x0000000008003028        0x4 ./Drivers/STM32F0xx_HAL_Driver/stm32f0xx_hal_cortex.o
                0x0000000008003028                HAL_SYSTICK_Callback
 .text.HAL_SYSTICK_IRQHandler
                0x000000000800302c        0x8 ./Drivers/STM32F0xx_HAL_Driver/stm32f0xx_hal_cortex.o
                0x000000000800302c                HAL_SYSTICK_IRQHandler
 .text.HAL_DMA_Init
                0x0000000008003034       0x68 ./Drivers/STM32F0xx_HAL_Driver/stm32f0xx_hal_dma.o
                0x0000000008003034                HAL_DMA_Init
 .text.HAL_DMA_Abort_IT
                0x000000000800309c       0x48 ./Drivers/STM32F0xx_HAL_Driver/stm32f0xx_hal_dma.o
                0x000000000800309c                HAL_DMA_Abort_IT
 .text.HAL_DMA_GetState
                0x00000000080030e4        0x8 ./Drivers/STM32F0xx_HAL_Driver/stm32f0xx_hal_dma.o
                0x00000000080030e4                HAL_DMA_GetState
 .text.HAL_GPIO_Init
                0x00000000080030ec      0x1fc ./Drivers/STM32F0xx_HAL_Driver/stm32f0xx_hal_gpio.o
                0x00000000080030ec                HAL_GPIO_Init
 .text.HAL_GPIO_WritePin
                0x00000000080032e8        0xc ./Drivers/STM32F0xx_HAL_Driver/stm32f0xx_hal_gpio.o
                0x00000000080032e8                HAL_GPIO_WritePin
 .text.HAL_I2C_Init
                0x00000000080032f4       0xb4 ./Drivers/STM32F0xx_HAL_Driver/stm32f0xx_hal_i2c.o
                0x00000000080032f4                HAL_I2C_Init
 .text.HAL_I2C_Slave_Seq_Receive_IT
                0x00000000080033a8       0xfc ./Drivers/STM32F0xx_HAL_Driver/stm32f0xx_hal_i2c.o
                0x00000000080033a8                HAL_I2C_Slave_Seq_Receive_IT
 .text.HAL_I2C_EnableListen_IT
                0x00000000080034a4       0x28 ./Drivers/STM32F0xx_HAL_Driver/stm32f0xx_hal_i2c.o
                0x00000000080034a4                HAL_I2C_EnableListen_IT
 .text.HAL_I2C_EV_IRQHandler
                0x00000000080034cc       0x14 ./Drivers/STM32F0xx_HAL_Driver/stm32f0xx_hal_i2c.o
                0x00000000080034cc                HAL_I2C_EV_IRQHandler
 .text.HAL_I2C_SlaveTxCpltCallback
                0x00000000080034e0        0x4 ./Drivers/STM32F0xx_HAL_Driver/stm32f0xx_hal_i2c.o
                0x00000000080034e0                HAL_I2C_SlaveTxCpltCallback
 .text.I2C_ITSlaveSeqCplt
                0x00000000080034e4       0x9c ./Drivers/STM32F0xx_HAL_Driver/stm32f0xx_hal_i2c.o
 .text.I2C_ITAddrCplt.part.0
                0x0000000008003580       0x8c ./Drivers/STM32F0xx_HAL_Driver/stm32f0xx_hal_i2c.o
 .text.HAL_I2C_AbortCpltCallback
                0x000000000800360c        0x4 ./Drivers/STM32F0xx_HAL_Driver/stm32f0xx_hal_i2c.o
                0x000000000800360c                HAL_I2C_AbortCpltCallback
 .text.I2C_DMAAbort
                0x0000000008003610       0x40 ./Drivers/STM32F0xx_HAL_Driver/stm32f0xx_hal_i2c.o
 .text.I2C_ITError
                0x0000000008003650      0x168 ./Drivers/STM32F0xx_HAL_Driver/stm32f0xx_hal_i2c.o
 .text.HAL_I2C_ER_IRQHandler
                0x00000000080037b8       0x78 ./Drivers/STM32F0xx_HAL_Driver/stm32f0xx_hal_i2c.o
                0x00000000080037b8                HAL_I2C_ER_IRQHandler
 .text.I2C_ITSlaveCplt.constprop.0
                0x0000000008003830      0x170 ./Drivers/STM32F0xx_HAL_Driver/stm32f0xx_hal_i2c.o
 .text.I2C_Slave_ISR_IT
                0x00000000080039a0      0x1b8 ./Drivers/STM32F0xx_HAL_Driver/stm32f0xx_hal_i2c.o
 .text.HAL_I2CEx_ConfigAnalogFilter
                0x0000000008003b58       0x4c ./Drivers/STM32F0xx_HAL_Driver/stm32f0xx_hal_i2c_ex.o
                0x0000000008003b58                HAL_I2CEx_ConfigAnalogFilter
 .text.HAL_I2CEx_ConfigDigitalFilter
                0x0000000008003ba4       0x5c ./Drivers/STM32F0xx_HAL_Driver/stm32f0xx_hal_i2c_ex.o
                0x0000000008003ba4                HAL_I2CEx_ConfigDigitalFilter
 .text.HAL_RCC_OscConfig
                0x0000000008003c00      0x4b4 ./Drivers/STM32F0xx_HAL_Driver/stm32f0xx_hal_rcc.o
                0x0000000008003c00                HAL_RCC_OscConfig
 .text.HAL_RCC_ClockConfig
                0x00000000080040b4      0x160 ./Drivers/STM32F0xx_HAL_Driver/stm32f0xx_hal_rcc.o
                0x00000000080040b4                HAL_RCC_ClockConfig
 .text.HAL_RCC_GetHCLKFreq
                0x0000000008004214        0xc ./Drivers/STM32F0xx_HAL_Driver/stm32f0xx_hal_rcc.o
                0x0000000008004214                HAL_RCC_GetHCLKFreq
 .text.HAL_RCCEx_PeriphCLKConfig
                0x0000000008004220      0x13c ./Drivers/STM32F0xx_HAL_Driver/stm32f0xx_hal_rcc_ex.o
                0x0000000008004220                HAL_RCCEx_PeriphCLKConfig
 .text.HAL_TIM_Base_Init
                0x000000000800435c       0xf0 ./Drivers/STM32F0xx_HAL_Driver/stm32f0xx_hal_tim.o
                0x000000000800435c                HAL_TIM_Base_Init
 .text.HAL_TIM_Base_Start_IT
                0x000000000800444c       0x58 ./Drivers/STM32F0xx_HAL_Driver/stm32f0xx_hal_tim.o
                0x000000000800444c                HAL_TIM_Base_Start_IT
 .text.HAL_TIM_PWM_Init
                0x00000000080044a4       0xf0 ./Drivers/STM32F0xx_HAL_Driver/stm32f0xx_hal_tim.o
                0x00000000080044a4                HAL_TIM_PWM_Init
 .text.HAL_TIM_PWM_ConfigChannel
                0x0000000008004594      0x240 ./Drivers/STM32F0xx_HAL_Driver/stm32f0xx_hal_tim.o
                0x0000000008004594                HAL_TIM_PWM_ConfigChannel
 .text.HAL_TIM_ConfigOCrefClear
                0x00000000080047d4      0x11c ./Drivers/STM32F0xx_HAL_Driver/stm32f0xx_hal_tim.o
                0x00000000080047d4                HAL_TIM_ConfigOCrefClear
 .text.HAL_TIM_ConfigClockSource
                0x00000000080048f0      0x170 ./Drivers/STM32F0xx_HAL_Driver/stm32f0xx_hal_tim.o
                0x00000000080048f0                HAL_TIM_ConfigClockSource
 .text.HAL_TIMEx_MasterConfigSynchronization
                0x0000000008004a60       0x5c ./Drivers/STM32F0xx_HAL_Driver/stm32f0xx_hal_tim_ex.o
                0x0000000008004a60                HAL_TIMEx_MasterConfigSynchronization
 .text.HAL_TIMEx_ConfigBreakDeadTime
                0x0000000008004abc       0x64 ./Drivers/STM32F0xx_HAL_Driver/stm32f0xx_hal_tim_ex.o
                0x0000000008004abc                HAL_TIMEx_ConfigBreakDeadTime
 .text.VBS_GetBusVoltage_d
                0x0000000008004b20        0x4 ./Middlewares/MotorControl/bus_voltage_sensor.o
                0x0000000008004b20                VBS_GetBusVoltage_d
 .text.VBS_GetAvBusVoltage_V
                0x0000000008004b24        0xc ./Middlewares/MotorControl/bus_voltage_sensor.o
                0x0000000008004b24                VBS_GetAvBusVoltage_V
 .text.CRM_Init
                0x0000000008004b30       0x58 ./Middlewares/MotorControl/current_ref_ctrl.o
                0x0000000008004b30                CRM_Init
 .text.CRM_SetReference
                0x0000000008004b88       0x38 ./Middlewares/MotorControl/current_ref_ctrl.o
                0x0000000008004b88                CRM_SetReference
 .text.BADC_Init
                0x0000000008004bc0      0x16c ./Middlewares/MotorControl/f0xx_bemf_ADC_fdbk.o
                0x0000000008004bc0                BADC_Init
 .text.BADC_Clear
                0x0000000008004d2c       0x60 ./Middlewares/MotorControl/f0xx_bemf_ADC_fdbk.o
                0x0000000008004d2c                BADC_Clear
 .text.BADC_Start
                0x0000000008004d8c      0x120 ./Middlewares/MotorControl/f0xx_bemf_ADC_fdbk.o
                0x0000000008004d8c                BADC_Start
 .text.BADC_Stop
                0x0000000008004eac       0x28 ./Middlewares/MotorControl/f0xx_bemf_ADC_fdbk.o
                0x0000000008004eac                BADC_Stop
 .text.BADC_SpeedMeasureOn
                0x0000000008004ed4       0x14 ./Middlewares/MotorControl/f0xx_bemf_ADC_fdbk.o
                0x0000000008004ed4                BADC_SpeedMeasureOn
 .text.BADC_SpeedMeasureOff
                0x0000000008004ee8       0x10 ./Middlewares/MotorControl/f0xx_bemf_ADC_fdbk.o
                0x0000000008004ee8                BADC_SpeedMeasureOff
 .text.BADC_SetSamplingPoint
                0x0000000008004ef8       0x64 ./Middlewares/MotorControl/f0xx_bemf_ADC_fdbk.o
                0x0000000008004ef8                BADC_SetSamplingPoint
 .text.BADC_IsZcDetected
                0x0000000008004f5c      0x168 ./Middlewares/MotorControl/f0xx_bemf_ADC_fdbk.o
                0x0000000008004f5c                BADC_IsZcDetected
 .text.BADC_CalcAvrgMecSpeedUnit
                0x00000000080050c4      0x170 ./Middlewares/MotorControl/f0xx_bemf_ADC_fdbk.o
                0x00000000080050c4                BADC_CalcAvrgMecSpeedUnit
 .text.BADC_SetDirection
                0x0000000008005234        0xc ./Middlewares/MotorControl/f0xx_bemf_ADC_fdbk.o
                0x0000000008005234                BADC_SetDirection
 .text.BADC_IsObserverConverged
                0x0000000008005240        0x8 ./Middlewares/MotorControl/f0xx_bemf_ADC_fdbk.o
                0x0000000008005240                BADC_IsObserverConverged
 .text.BADC_CalcElAngle
                0x0000000008005248       0x4c ./Middlewares/MotorControl/f0xx_bemf_ADC_fdbk.o
                0x0000000008005248                BADC_CalcElAngle
 .text.BADC_StepChangeEvent
                0x0000000008005294       0xb8 ./Middlewares/MotorControl/f0xx_bemf_ADC_fdbk.o
                0x0000000008005294                BADC_StepChangeEvent
 .text.BADC_CalcRevUpDemagTime
                0x000000000800534c       0x44 ./Middlewares/MotorControl/f0xx_bemf_ADC_fdbk.o
                0x000000000800534c                BADC_CalcRevUpDemagTime
 .text.BADC_CalcRunDemagTime
                0x0000000008005390       0x3c ./Middlewares/MotorControl/f0xx_bemf_ADC_fdbk.o
                0x0000000008005390                BADC_CalcRunDemagTime
 .text.BADC_SetLoopClosed
                0x00000000080053cc        0x8 ./Middlewares/MotorControl/f0xx_bemf_ADC_fdbk.o
                0x00000000080053cc                BADC_SetLoopClosed
 .text.BADC_ClearStepUpdate
                0x00000000080053d4       0x2c ./Middlewares/MotorControl/f0xx_bemf_ADC_fdbk.o
                0x00000000080053d4                BADC_ClearStepUpdate
 .text.NTC_Clear
                0x0000000008005400        0x8 ./Middlewares/MotorControl/ntc_temperature_sensor.o
                0x0000000008005400                NTC_Clear
 .text.NTC_Init
                0x0000000008005408       0x18 ./Middlewares/MotorControl/ntc_temperature_sensor.o
                0x0000000008005408                NTC_Init
 .text.NTC_GetAvTemp_C
                0x0000000008005420       0x20 ./Middlewares/MotorControl/ntc_temperature_sensor.o
                0x0000000008005420                NTC_GetAvTemp_C
 .text.PID_HandleInit
                0x0000000008005440       0x10 ./Middlewares/MotorControl/pid_regulator.o
                0x0000000008005440                PID_HandleInit
 .text.PID_SetKP
                0x0000000008005450        0x4 ./Middlewares/MotorControl/pid_regulator.o
                0x0000000008005450                PID_SetKP
 .text.PID_SetKI
                0x0000000008005454        0x4 ./Middlewares/MotorControl/pid_regulator.o
                0x0000000008005454                PID_SetKI
 .text.PID_GetKP
                0x0000000008005458        0x8 ./Middlewares/MotorControl/pid_regulator.o
                0x0000000008005458                PID_GetKP
 .text.PID_GetKI
                0x0000000008005460        0x8 ./Middlewares/MotorControl/pid_regulator.o
                0x0000000008005460                PID_GetKI
 .text.PID_SetIntegralTerm
                0x0000000008005468        0x4 ./Middlewares/MotorControl/pid_regulator.o
                0x0000000008005468                PID_SetIntegralTerm
 .text.PID_GetKIDivisor
                0x000000000800546c        0x4 ./Middlewares/MotorControl/pid_regulator.o
                0x000000000800546c                PID_GetKIDivisor
 .text.PID_SetKD
                0x0000000008005470        0x4 ./Middlewares/MotorControl/pid_regulator.o
                0x0000000008005470                PID_SetKD
 .text.PID_GetKD
                0x0000000008005474        0x8 ./Middlewares/MotorControl/pid_regulator.o
                0x0000000008005474                PID_GetKD
 .text.PI_Controller
                0x000000000800547c       0x80 ./Middlewares/MotorControl/pid_regulator.o
                0x000000000800547c                PI_Controller
 .text.PWMC_SwitchOffPWM
                0x00000000080054fc        0x8 ./Middlewares/MotorControl/pwm_common_sixstep.o
                0x00000000080054fc                PWMC_SwitchOffPWM
 .text.PWMC_SwitchOnPWM
                0x0000000008005504        0x8 ./Middlewares/MotorControl/pwm_common_sixstep.o
                0x0000000008005504                PWMC_SwitchOnPWM
 .text.PWMC_SetADCTriggerChannel
                0x000000000800550c        0x8 ./Middlewares/MotorControl/pwm_common_sixstep.o
                0x000000000800550c                PWMC_SetADCTriggerChannel
 .text.PWMC_SetAlignFlag
                0x0000000008005514        0x4 ./Middlewares/MotorControl/pwm_common_sixstep.o
                0x0000000008005514                PWMC_SetAlignFlag
 .text.PWMC_ForceFastDemagTime
                0x0000000008005518        0x4 ./Middlewares/MotorControl/pwm_common_sixstep.o
                0x0000000008005518                PWMC_ForceFastDemagTime
 .text.PWMC_SetFastDemagState
                0x000000000800551c        0xc ./Middlewares/MotorControl/pwm_common_sixstep.o
                0x000000000800551c                PWMC_SetFastDemagState
 .text.PWMC_SetQuasiSynchState
                0x0000000008005528       0x10 ./Middlewares/MotorControl/pwm_common_sixstep.o
                0x0000000008005528                PWMC_SetQuasiSynchState
 .text.PWMC_GetFastDemagState
                0x0000000008005538       0x10 ./Middlewares/MotorControl/pwm_common_sixstep.o
                0x0000000008005538                PWMC_GetFastDemagState
 .text.PWMC_GetQuasiSynchState
                0x0000000008005548       0x10 ./Middlewares/MotorControl/pwm_common_sixstep.o
                0x0000000008005548                PWMC_GetQuasiSynchState
 .text.PWMC_ElAngleToStep
                0x0000000008005558       0x68 ./Middlewares/MotorControl/pwm_common_sixstep.o
                0x0000000008005558                PWMC_ElAngleToStep
 .text.PWMC_IsFaultOccurred
                0x00000000080055c0       0x40 ./Middlewares/MotorControl/pwm_common_sixstep.o
                0x00000000080055c0                PWMC_IsFaultOccurred
 .text.SixPwm_Init
                0x0000000008005600       0x6c ./Middlewares/MotorControl/pwmc_6pwm.o
                0x0000000008005600                SixPwm_Init
 .text.PWMC_SetPhaseVoltage
                0x000000000800566c        0x4 ./Middlewares/MotorControl/pwmc_6pwm.o
                0x000000000800566c                PWMC_SetPhaseVoltage
 .text.SixPwm_ApplyNextStep
                0x0000000008005670       0x2c ./Middlewares/MotorControl/pwmc_6pwm.o
                0x0000000008005670                SixPwm_ApplyNextStep
 .text.SixPwm_IsFastDemagUpdated
                0x000000000800569c        0x8 ./Middlewares/MotorControl/pwmc_6pwm.o
                0x000000000800569c                SixPwm_IsFastDemagUpdated
 .text.SixPwm_ResetOCPolarity
                0x00000000080056a4       0x5c ./Middlewares/MotorControl/pwmc_6pwm.o
                0x00000000080056a4                SixPwm_ResetOCPolarity
 .text.SixPwm_LoadNextStep
                0x0000000008005700      0x468 ./Middlewares/MotorControl/pwmc_6pwm.o
                0x0000000008005700                SixPwm_LoadNextStep
 .text.SixPwm_TurnOnLowSides
                0x0000000008005b68       0x30 ./Middlewares/MotorControl/pwmc_6pwm.o
                0x0000000008005b68                SixPwm_TurnOnLowSides
 .text.SixPwm_SwitchOnPWM
                0x0000000008005b98       0x94 ./Middlewares/MotorControl/pwmc_6pwm.o
                0x0000000008005b98                SixPwm_SwitchOnPWM
 .text.SixPwm_SetADCTriggerChannel
                0x0000000008005c2c        0xc ./Middlewares/MotorControl/pwmc_6pwm.o
                0x0000000008005c2c                SixPwm_SetADCTriggerChannel
 .text.SixPwm_SwitchOffPWM
                0x0000000008005c38       0x34 ./Middlewares/MotorControl/pwmc_6pwm.o
                0x0000000008005c38                SixPwm_SwitchOffPWM
 .text.SixPwm_BRK_IRQHandler
                0x0000000008005c6c       0x1c ./Middlewares/MotorControl/pwmc_6pwm.o
                0x0000000008005c6c                SixPwm_BRK_IRQHandler
 .text.SixPwm_FastDemagFlag
                0x0000000008005c88        0x8 ./Middlewares/MotorControl/pwmc_6pwm.o
                0x0000000008005c88                SixPwm_FastDemagFlag
 .text.SixPwm_QuasiSynchFlag
                0x0000000008005c90        0x8 ./Middlewares/MotorControl/pwmc_6pwm.o
                0x0000000008005c90                SixPwm_QuasiSynchFlag
 .text.SixPwm_UpdatePwmDemagCounter
                0x0000000008005c98       0x20 ./Middlewares/MotorControl/pwmc_6pwm.o
                0x0000000008005c98                SixPwm_UpdatePwmDemagCounter
 .text.SixPwm_DisablePwmDemagCounter
                0x0000000008005cb8       0x10 ./Middlewares/MotorControl/pwmc_6pwm.o
                0x0000000008005cb8                SixPwm_DisablePwmDemagCounter
 .text.RVBS_Clear
                0x0000000008005cc8       0x30 ./Middlewares/MotorControl/r_divider_bus_voltage_sensor.o
                0x0000000008005cc8                RVBS_Clear
 .text.RVBS_Init
                0x0000000008005cf8        0x8 ./Middlewares/MotorControl/r_divider_bus_voltage_sensor.o
                0x0000000008005cf8                RVBS_Init
 .text.RVBS_CheckFaultState
                0x0000000008005d00       0x4c ./Middlewares/MotorControl/r_divider_bus_voltage_sensor.o
                0x0000000008005d00                RVBS_CheckFaultState
 .text.RVBS_CalcAvVbus
                0x0000000008005d4c       0x68 ./Middlewares/MotorControl/r_divider_bus_voltage_sensor.o
                0x0000000008005d4c                RVBS_CalcAvVbus
 .text.RUC_Init
                0x0000000008005db4       0x64 ./Middlewares/MotorControl/revup_ctrl_sixstep.o
                0x0000000008005db4                RUC_Init
 .text.RUC_Clear
                0x0000000008005e18       0x88 ./Middlewares/MotorControl/revup_ctrl_sixstep.o
                0x0000000008005e18                RUC_Clear
 .text.RUC_UpdatePulse
                0x0000000008005ea0       0x1c ./Middlewares/MotorControl/revup_ctrl_sixstep.o
                0x0000000008005ea0                RUC_UpdatePulse
 .text.RUC_Exec
                0x0000000008005ebc       0x74 ./Middlewares/MotorControl/revup_ctrl_sixstep.o
                0x0000000008005ebc                RUC_Exec
 .text.RUC_IsAlignStageNow
                0x0000000008005f30       0x20 ./Middlewares/MotorControl/revup_ctrl_sixstep.o
                0x0000000008005f30                RUC_IsAlignStageNow
 .text.RUC_FirstAccelerationStageReached
                0x0000000008005f50       0x1c ./Middlewares/MotorControl/revup_ctrl_sixstep.o
                0x0000000008005f50                RUC_FirstAccelerationStageReached
 .text.RUC_GetDirection
                0x0000000008005f6c       0x10 ./Middlewares/MotorControl/revup_ctrl_sixstep.o
                0x0000000008005f6c                RUC_GetDirection
 .text.STC_Init
                0x0000000008005f7c       0x28 ./Middlewares/MotorControl/speed_ctrl.o
                0x0000000008005f7c                STC_Init
 .text.STC_SetSpeedSensor
                0x0000000008005fa4        0x8 ./Middlewares/MotorControl/speed_ctrl.o
                0x0000000008005fa4                STC_SetSpeedSensor
 .text.STC_GetSpeedSensor
                0x0000000008005fac        0xc ./Middlewares/MotorControl/speed_ctrl.o
                0x0000000008005fac                STC_GetSpeedSensor
 .text.STC_Clear
                0x0000000008005fb8       0x20 ./Middlewares/MotorControl/speed_ctrl.o
                0x0000000008005fb8                STC_Clear
 .text.STC_GetMecSpeedRefUnit
                0x0000000008005fd8       0x18 ./Middlewares/MotorControl/speed_ctrl.o
                0x0000000008005fd8                STC_GetMecSpeedRefUnit
 .text.STC_GetDutyCycleRef
                0x0000000008005ff0        0xc ./Middlewares/MotorControl/speed_ctrl.o
                0x0000000008005ff0                STC_GetDutyCycleRef
 .text.STC_SetControlMode
                0x0000000008005ffc        0xc ./Middlewares/MotorControl/speed_ctrl.o
                0x0000000008005ffc                STC_SetControlMode
 .text.STC_ExecRamp
                0x0000000008006008       0x88 ./Middlewares/MotorControl/speed_ctrl.o
                0x0000000008006008                STC_ExecRamp
 .text.STC_StopRamp
                0x0000000008006090        0xc ./Middlewares/MotorControl/speed_ctrl.o
                0x0000000008006090                STC_StopRamp
 .text.STC_CalcSpeedReference
                0x000000000800609c       0x88 ./Middlewares/MotorControl/speed_ctrl.o
                0x000000000800609c                STC_CalcSpeedReference
 .text.STC_GetMecSpeedRefUnitDefault
                0x0000000008006124       0x10 ./Middlewares/MotorControl/speed_ctrl.o
                0x0000000008006124                STC_GetMecSpeedRefUnitDefault
 .text.STC_ForceSpeedReferenceToCurrentSpeed
                0x0000000008006134       0x14 ./Middlewares/MotorControl/speed_ctrl.o
                0x0000000008006134                STC_ForceSpeedReferenceToCurrentSpeed
 .text.SPD_GetElAngle
                0x0000000008006148        0x8 ./Middlewares/MotorControl/speed_pos_fdbk.o
                0x0000000008006148                SPD_GetElAngle
 .text.SPD_GetAvrgMecSpeedUnit
                0x0000000008006150        0x8 ./Middlewares/MotorControl/speed_pos_fdbk.o
                0x0000000008006150                SPD_GetAvrgMecSpeedUnit
 .text.SPD_GetElSpeedDpp
                0x0000000008006158        0x8 ./Middlewares/MotorControl/speed_pos_fdbk.o
                0x0000000008006158                SPD_GetElSpeedDpp
 .text.SPD_Check
                0x0000000008006160       0x10 ./Middlewares/MotorControl/speed_pos_fdbk.o
                0x0000000008006160                SPD_Check
 .text.SPD_IsMecSpeedReliable
                0x0000000008006170       0x60 ./Middlewares/MotorControl/speed_pos_fdbk.o
                0x0000000008006170                SPD_IsMecSpeedReliable
 .text.VSS_Clear
                0x00000000080061d0       0x1c ./Middlewares/MotorControl/virtual_speed_sensor.o
                0x00000000080061d0                VSS_Clear
 .text.VSS_Init
                0x00000000080061ec        0x8 ./Middlewares/MotorControl/virtual_speed_sensor.o
                0x00000000080061ec                VSS_Init
 .text.VSS_CalcElAngle
                0x00000000080061f4       0xb0 ./Middlewares/MotorControl/virtual_speed_sensor.o
                0x00000000080061f4                VSS_CalcElAngle
 .text.VSS_CalcAvrgMecSpeedUnit
                0x00000000080062a4       0x88 ./Middlewares/MotorControl/virtual_speed_sensor.o
                0x00000000080062a4                VSS_CalcAvrgMecSpeedUnit
 .text.VSS_SetMecAngle
                0x000000000800632c       0x18 ./Middlewares/MotorControl/virtual_speed_sensor.o
                0x000000000800632c                VSS_SetMecAngle
 .text.VSS_SetMecAcceleration
                0x0000000008006344       0x9c ./Middlewares/MotorControl/virtual_speed_sensor.o
                0x0000000008006344                VSS_SetMecAcceleration
 .text.VSS_SetStartTransition
                0x00000000080063e0       0x20 ./Middlewares/MotorControl/virtual_speed_sensor.o
                0x00000000080063e0                VSS_SetStartTransition
 .text.VSS_TransitionEnded
                0x0000000008006400        0x8 ./Middlewares/MotorControl/virtual_speed_sensor.o
                0x0000000008006400                VSS_TransitionEnded
 .text.memset   0x0000000008006408       0x10 C:/ST/STM32CubeIDE_1.14.1/STM32CubeIDE/plugins/com.st.stm32cube.ide.mcu.externaltools.gnu-tools-for-stm32.11.3.rel1.win32_1.1.100.202309141235/tools/bin/../lib/gcc/arm-none-eabi/11.3.1/../../../../arm-none-eabi/lib/thumb/v6-m/nofp\libc_nano.a(libc_a-memset.o)
                0x0000000008006408                memset
 .text.__libc_init_array
                0x0000000008006418       0x48 C:/ST/STM32CubeIDE_1.14.1/STM32CubeIDE/plugins/com.st.stm32cube.ide.mcu.externaltools.gnu-tools-for-stm32.11.3.rel1.win32_1.1.100.202309141235/tools/bin/../lib/gcc/arm-none-eabi/11.3.1/../../../../arm-none-eabi/lib/thumb/v6-m/nofp\libc_nano.a(libc_a-init.o)
                0x0000000008006418                __libc_init_array
 .text.memcpy   0x0000000008006460       0x12 C:/ST/STM32CubeIDE_1.14.1/STM32CubeIDE/plugins/com.st.stm32cube.ide.mcu.externaltools.gnu-tools-for-stm32.11.3.rel1.win32_1.1.100.202309141235/tools/bin/../lib/gcc/arm-none-eabi/11.3.1/../../../../arm-none-eabi/lib/thumb/v6-m/nofp\libc_nano.a(libc_a-memcpy-stub.o)
                0x0000000008006460                memcpy
 *(.glue_7)
 .glue_7        0x0000000008006472        0x0 linker stubs
 *(.glue_7t)
 .glue_7t       0x0000000008006472        0x0 linker stubs
 *(.eh_frame)
 *fill*         0x0000000008006472        0x2 
 .eh_frame      0x0000000008006474        0x0 C:/ST/STM32CubeIDE_1.14.1/STM32CubeIDE/plugins/com.st.stm32cube.ide.mcu.externaltools.gnu-tools-for-stm32.11.3.rel1.win32_1.1.100.202309141235/tools/bin/../lib/gcc/arm-none-eabi/11.3.1/thumb/v6-m/nofp/crtbegin.o
 *(.init)
 .init          0x0000000008006474        0x4 C:/ST/STM32CubeIDE_1.14.1/STM32CubeIDE/plugins/com.st.stm32cube.ide.mcu.externaltools.gnu-tools-for-stm32.11.3.rel1.win32_1.1.100.202309141235/tools/bin/../lib/gcc/arm-none-eabi/11.3.1/thumb/v6-m/nofp/crti.o
                0x0000000008006474                _init
 .init          0x0000000008006478        0x8 C:/ST/STM32CubeIDE_1.14.1/STM32CubeIDE/plugins/com.st.stm32cube.ide.mcu.externaltools.gnu-tools-for-stm32.11.3.rel1.win32_1.1.100.202309141235/tools/bin/../lib/gcc/arm-none-eabi/11.3.1/thumb/v6-m/nofp/crtn.o
 *(.fini)
 .fini          0x0000000008006480        0x4 C:/ST/STM32CubeIDE_1.14.1/STM32CubeIDE/plugins/com.st.stm32cube.ide.mcu.externaltools.gnu-tools-for-stm32.11.3.rel1.win32_1.1.100.202309141235/tools/bin/../lib/gcc/arm-none-eabi/11.3.1/thumb/v6-m/nofp/crti.o
                0x0000000008006480                _fini
 .fini          0x0000000008006484        0x8 C:/ST/STM32CubeIDE_1.14.1/STM32CubeIDE/plugins/com.st.stm32cube.ide.mcu.externaltools.gnu-tools-for-stm32.11.3.rel1.win32_1.1.100.202309141235/tools/bin/../lib/gcc/arm-none-eabi/11.3.1/thumb/v6-m/nofp/crtn.o
                0x000000000800648c                . = ALIGN (0x4)
                0x000000000800648c                _etext = .

.vfp11_veneer   0x000000000800648c        0x0
 .vfp11_veneer  0x000000000800648c        0x0 linker stubs

.v4_bx          0x000000000800648c        0x0
 .v4_bx         0x000000000800648c        0x0 linker stubs

.iplt           0x000000000800648c        0x0
 .iplt          0x000000000800648c        0x0 C:/ST/STM32CubeIDE_1.14.1/STM32CubeIDE/plugins/com.st.stm32cube.ide.mcu.externaltools.gnu-tools-for-stm32.11.3.rel1.win32_1.1.100.202309141235/tools/bin/../lib/gcc/arm-none-eabi/11.3.1/thumb/v6-m/nofp/crtbegin.o

.rodata         0x000000000800648c      0x480
                0x000000000800648c                . = ALIGN (0x4)
 *(.rodata)
 *(.rodata*)
 .rodata.CRC4_Lookup4
                0x000000000800648c       0x10 ./Application/User/aspep.o
 .rodata.CRC4_Lookup8
                0x000000000800649c      0x100 ./Application/User/aspep.o
 .rodata.M1_ApplicationConfig_reg
                0x000000000800659c       0x10 ./Application/User/mc_configuration_registers.o
 .rodata.M1_SixStepConfig_reg
                0x00000000080065ac        0xb ./Application/User/mc_configuration_registers.o
 *fill*         0x00000000080065b7        0x1 
 .rodata.globalConfig_reg
                0x00000000080065b8        0xa ./Application/User/mc_configuration_registers.o
                0x00000000080065b8                globalConfig_reg
 *fill*         0x00000000080065c2        0x2 
 .rodata.Bemf_ADC_ParamsM1
                0x00000000080065c4       0x2c ./Application/User/mc_parameters.o
                0x00000000080065c4                Bemf_ADC_ParamsM1
 .rodata.CurrentRef_ParamsM1
                0x00000000080065f0        0x8 ./Application/User/mc_parameters.o
                0x00000000080065f0                CurrentRef_ParamsM1
 .rodata.SixPwm_ParamsM1
                0x00000000080065f8       0x10 ./Application/User/mc_parameters.o
                0x00000000080065f8                SixPwm_ParamsM1
 .rodata.TSK_MediumFrequencyTaskM1
                0x0000000008006608       0x50 ./Application/User/mc_tasks.o
 .rodata.MCP_ReceivedPacket
                0x0000000008006658       0xe4 ./Application/User/mcp.o
 .rodata.RI_GetRegisterGlobal
                0x000000000800673c       0x84 ./Application/User/register_interface.o
 .rodata.RI_GetRegisterMotor1
                0x00000000080067c0       0x84 ./Application/User/register_interface.o
 .rodata.CHANNEL_OFFSET_TAB
                0x0000000008006844        0x5 ./Application/User/usart_aspep_driver.o
 *fill*         0x0000000008006849        0x3 
 .rodata.AHBPrescTable
                0x000000000800684c       0x10 ./Drivers/CMSIS/system_stm32f0xx.o
                0x000000000800684c                AHBPrescTable
 .rodata.aPLLMULFactorTable.1
                0x000000000800685c       0x10 ./Drivers/STM32F0xx_HAL_Driver/stm32f0xx_hal_rcc.o
 .rodata.aPredivFactorTable.0
                0x000000000800686c       0x10 ./Drivers/STM32F0xx_HAL_Driver/stm32f0xx_hal_rcc.o
 .rodata.BADC_IsZcDetected
                0x000000000800687c       0x18 ./Middlewares/MotorControl/f0xx_bemf_ADC_fdbk.o
 .rodata.SixPwm_LoadNextStep
                0x0000000008006894       0x78 ./Middlewares/MotorControl/pwmc_6pwm.o
                0x000000000800690c                . = ALIGN (0x4)

.rel.dyn        0x000000000800690c        0x0
 .rel.iplt      0x000000000800690c        0x0 C:/ST/STM32CubeIDE_1.14.1/STM32CubeIDE/plugins/com.st.stm32cube.ide.mcu.externaltools.gnu-tools-for-stm32.11.3.rel1.win32_1.1.100.202309141235/tools/bin/../lib/gcc/arm-none-eabi/11.3.1/thumb/v6-m/nofp/crtbegin.o

.ARM.extab      0x000000000800690c        0x0
                0x000000000800690c                . = ALIGN (0x4)
 *(.ARM.extab* .gnu.linkonce.armextab.*)
                0x000000000800690c                . = ALIGN (0x4)

.ARM            0x000000000800690c        0x0
                0x000000000800690c                . = ALIGN (0x4)
                0x000000000800690c                __exidx_start = .
 *(.ARM.exidx*)
                0x000000000800690c                __exidx_end = .
                0x000000000800690c                . = ALIGN (0x4)

.preinit_array  0x000000000800690c        0x0
                0x000000000800690c                . = ALIGN (0x4)
                0x000000000800690c                PROVIDE (__preinit_array_start = .)
 *(.preinit_array*)
                0x000000000800690c                PROVIDE (__preinit_array_end = .)
                0x000000000800690c                . = ALIGN (0x4)

.init_array     0x000000000800690c        0x4
                0x000000000800690c                . = ALIGN (0x4)
                0x000000000800690c                PROVIDE (__init_array_start = .)
 *(SORT_BY_NAME(.init_array.*))
 *(.init_array*)
 .init_array    0x000000000800690c        0x4 C:/ST/STM32CubeIDE_1.14.1/STM32CubeIDE/plugins/com.st.stm32cube.ide.mcu.externaltools.gnu-tools-for-stm32.11.3.rel1.win32_1.1.100.202309141235/tools/bin/../lib/gcc/arm-none-eabi/11.3.1/thumb/v6-m/nofp/crtbegin.o
                0x0000000008006910                PROVIDE (__init_array_end = .)
                0x0000000008006910                . = ALIGN (0x4)

.fini_array     0x0000000008006910        0x4
                0x0000000008006910                . = ALIGN (0x4)
                [!provide]                        PROVIDE (__fini_array_start = .)
 *(SORT_BY_NAME(.fini_array.*))
 *(.fini_array*)
 .fini_array    0x0000000008006910        0x4 C:/ST/STM32CubeIDE_1.14.1/STM32CubeIDE/plugins/com.st.stm32cube.ide.mcu.externaltools.gnu-tools-for-stm32.11.3.rel1.win32_1.1.100.202309141235/tools/bin/../lib/gcc/arm-none-eabi/11.3.1/thumb/v6-m/nofp/crtbegin.o
                [!provide]                        PROVIDE (__fini_array_end = .)
                0x0000000008006914                . = ALIGN (0x4)
                0x0000000008006914                _sidata = LOADADDR (.data)

.data           0x0000000020000000      0x320 load address 0x0000000008006914
                0x0000000020000000                . = ALIGN (0x4)
                0x0000000020000000                _sdata = .
 *(.data)
 *(.data*)
 .data.Bemf_ADC_M1
                0x0000000020000000       0xf8 ./Application/User/mc_config.o
                0x0000000020000000                Bemf_ADC_M1
 .data.BusVoltageSensor_M1
                0x00000000200000f8       0x1c ./Application/User/mc_config.o
                0x00000000200000f8                BusVoltageSensor_M1
 .data.CurrentRef_M1
                0x0000000020000114        0xc ./Application/User/mc_config.o
                0x0000000020000114                CurrentRef_M1
 .data.PIDSpeedHandle_M1
                0x0000000020000120       0x2c ./Application/User/mc_config.o
                0x0000000020000120                PIDSpeedHandle_M1
 .data.PWM_Handle_M1
                0x000000002000014c       0x4c ./Application/User/mc_config.o
                0x000000002000014c                PWM_Handle_M1
 .data.RevUpControlM1
                0x0000000020000198       0x58 ./Application/User/mc_config.o
                0x0000000020000198                RevUpControlM1
 .data.SpeednTorqCtrlM1
                0x00000000200001f0       0x30 ./Application/User/mc_config.o
                0x00000000200001f0                SpeednTorqCtrlM1
 .data.TempSensor_M1
                0x0000000020000220       0x1c ./Application/User/mc_config.o
                0x0000000020000220                TempSensor_M1
 .data.VbusRegConv_M1
                0x000000002000023c       0x10 ./Application/User/mc_config.o
                0x000000002000023c                VbusRegConv_M1
 .data.VirtualSpeedSensorM1
                0x000000002000024c       0x38 ./Application/User/mc_config.o
                0x000000002000024c                VirtualSpeedSensorM1
 .data.pSTC     0x0000000020000284        0x4 ./Application/User/mc_config.o
                0x0000000020000284                pSTC
 .data.ApplicationConfig_reg
                0x0000000020000288        0x4 ./Application/User/mc_configuration_registers.o
                0x0000000020000288                ApplicationConfig_reg
 .data.SixStepConfig_reg
                0x000000002000028c        0x4 ./Application/User/mc_configuration_registers.o
                0x000000002000028c                SixStepConfig_reg
 .data.MCP_Over_UartA
                0x0000000020000290       0x10 ./Application/User/mcp_config.o
                0x0000000020000290                MCP_Over_UartA
 .data.UASPEP_A
                0x00000000200002a0       0x14 ./Application/User/mcp_config.o
 .data.aspepOverUartA
                0x00000000200002b4       0x5c ./Application/User/mcp_config.o
                0x00000000200002b4                aspepOverUartA
 .data.SystickDividerCounter.0
                0x0000000020000310        0x1 ./Application/User/stm32f0xx_mc_it.o
 *fill*         0x0000000020000311        0x3 
 .data.SystemCoreClock
                0x0000000020000314        0x4 ./Drivers/CMSIS/system_stm32f0xx.o
                0x0000000020000314                SystemCoreClock
 .data.uwTickFreq
                0x0000000020000318        0x1 ./Drivers/STM32F0xx_HAL_Driver/stm32f0xx_hal.o
                0x0000000020000318                uwTickFreq
 *fill*         0x0000000020000319        0x3 
 .data.uwTickPrio
                0x000000002000031c        0x4 ./Drivers/STM32F0xx_HAL_Driver/stm32f0xx_hal.o
                0x000000002000031c                uwTickPrio
 *(.RamFunc)
 *(.RamFunc*)
                0x0000000020000320                . = ALIGN (0x4)
                0x0000000020000320                _edata = .

.igot.plt       0x0000000020000320        0x0 load address 0x0000000008006c34
 .igot.plt      0x0000000020000320        0x0 C:/ST/STM32CubeIDE_1.14.1/STM32CubeIDE/plugins/com.st.stm32cube.ide.mcu.externaltools.gnu-tools-for-stm32.11.3.rel1.win32_1.1.100.202309141235/tools/bin/../lib/gcc/arm-none-eabi/11.3.1/thumb/v6-m/nofp/crtbegin.o
                0x0000000020000320                . = ALIGN (0x4)

.bss            0x0000000020000320      0x38c load address 0x0000000008006c34
                0x0000000020000320                _sbss = .
                0x0000000020000320                __bss_start__ = _sbss
 *(.bss)
 .bss           0x0000000020000320       0x1c C:/ST/STM32CubeIDE_1.14.1/STM32CubeIDE/plugins/com.st.stm32cube.ide.mcu.externaltools.gnu-tools-for-stm32.11.3.rel1.win32_1.1.100.202309141235/tools/bin/../lib/gcc/arm-none-eabi/11.3.1/thumb/v6-m/nofp/crtbegin.o
 *(.bss*)
 .bss.RxData    0x000000002000033c        0x6 ./Application/User/i2c_slave.o
                0x000000002000033c                RxData
 *fill*         0x0000000020000342        0x2 
 .bss.count     0x0000000020000344        0x4 ./Application/User/i2c_slave.o
                0x0000000020000344                count
 .bss.hadc      0x0000000020000348       0x40 ./Application/User/main.o
                0x0000000020000348                hadc
 .bss.hdma_adc  0x0000000020000388       0x44 ./Application/User/main.o
                0x0000000020000388                hdma_adc
 .bss.hi2c1     0x00000000200003cc       0x54 ./Application/User/main.o
                0x00000000200003cc                hi2c1
 .bss.htim1     0x0000000020000420       0x48 ./Application/User/main.o
                0x0000000020000420                htim1
 .bss.htim16    0x0000000020000468       0x48 ./Application/User/main.o
                0x0000000020000468                htim16
 .bss.htim2     0x00000000200004b0       0x48 ./Application/User/main.o
                0x00000000200004b0                htim2
 .bss.Mci       0x00000000200004f8       0x1c ./Application/User/mc_config.o
                0x00000000200004f8                Mci
 .bss.RealBusVoltageSensorFilterBufferM1
                0x0000000020000514       0x14 ./Application/User/mc_config.o
 .bss.SixStepVars
                0x0000000020000528        0x8 ./Application/User/mc_tasks.o
 .bss.bMCBootCompleted
                0x0000000020000530        0x1 ./Application/User/mc_tasks.o
 *fill*         0x0000000020000531        0x1 
 .bss.hBootCapDelayCounterM1
                0x0000000020000532        0x2 ./Application/User/mc_tasks.o
 .bss.hMFTaskCounterM1
                0x0000000020000534        0x2 ./Application/User/mc_tasks.o
 .bss.hStopPermanencyCounterM1
                0x0000000020000536        0x2 ./Application/User/mc_tasks.o
 .bss.pwmcHandle
                0x0000000020000538        0x4 ./Application/User/mc_tasks.o
 .bss.MCPSyncRXBuff
                0x000000002000053c       0x82 ./Application/User/mcp_config.o
 *fill*         0x00000000200005be        0x2 
 .bss.MCPSyncTxBuff
                0x00000000200005c0       0x86 ./Application/User/mcp_config.o
 *fill*         0x0000000020000646        0x2 
 .bss.MCP_UserCallBack
                0x0000000020000648        0x8 ./Application/User/mcp_config.o
                0x0000000020000648                MCP_UserCallBack
 .bss.pMCI      0x0000000020000650        0x4 ./Application/User/motorcontrol.o
                0x0000000020000650                pMCI
 .bss.RCM_CB_array
                0x0000000020000654       0x20 ./Application/User/regular_conversion_manager.o
 .bss.RCM_NoInj_array
                0x0000000020000674       0x18 ./Application/User/regular_conversion_manager.o
 .bss.RCM_UserConvHandle
                0x000000002000068c        0x4 ./Application/User/regular_conversion_manager.o
 .bss.RCM_UserConvState
                0x0000000020000690        0x1 ./Application/User/regular_conversion_manager.o
 *fill*         0x0000000020000691        0x1 
 .bss.RCM_UserConvValue
                0x0000000020000692        0x2 ./Application/User/regular_conversion_manager.o
 .bss.RCM_currentHandle
                0x0000000020000694        0x1 ./Application/User/regular_conversion_manager.o
 *fill*         0x0000000020000695        0x3 
 .bss.RCM_handle_array
                0x0000000020000698       0x10 ./Application/User/regular_conversion_manager.o
 .bss.uwTick    0x00000000200006a8        0x4 ./Drivers/STM32F0xx_HAL_Driver/stm32f0xx_hal.o
                0x00000000200006a8                uwTick
 *(COMMON)
                0x00000000200006ac                . = ALIGN (0x4)
                0x00000000200006ac                _ebss = .
                0x00000000200006ac                __bss_end__ = _ebss

._user_heap_stack
                0x00000000200006ac      0x484 load address 0x0000000008006c34
                0x00000000200006b0                . = ALIGN (0x8)
 *fill*         0x00000000200006ac        0x4 
                [!provide]                        PROVIDE (end = .)
                0x00000000200006b0                PROVIDE (_end = .)
                0x0000000020000730                . = (. + _Min_Heap_Size)
 *fill*         0x00000000200006b0       0x80 
                0x0000000020000b30                . = (. + _Min_Stack_Size)
 *fill*         0x0000000020000730      0x400 
                0x0000000020000b30                . = ALIGN (0x8)

/DISCARD/
 libc.a(*)
 libm.a(*)
 libgcc.a(*)

.ARM.attributes
                0x0000000000000000       0x28
 *(.ARM.attributes)
 .ARM.attributes
                0x0000000000000000       0x1e C:/ST/STM32CubeIDE_1.14.1/STM32CubeIDE/plugins/com.st.stm32cube.ide.mcu.externaltools.gnu-tools-for-stm32.11.3.rel1.win32_1.1.100.202309141235/tools/bin/../lib/gcc/arm-none-eabi/11.3.1/thumb/v6-m/nofp/crti.o
 .ARM.attributes
                0x000000000000001e       0x2c C:/ST/STM32CubeIDE_1.14.1/STM32CubeIDE/plugins/com.st.stm32cube.ide.mcu.externaltools.gnu-tools-for-stm32.11.3.rel1.win32_1.1.100.202309141235/tools/bin/../lib/gcc/arm-none-eabi/11.3.1/thumb/v6-m/nofp/crtbegin.o
 .ARM.attributes
                0x000000000000004a       0x21 ./Application/Startup/startup_stm32f031c6tx.o
 .ARM.attributes
                0x000000000000006b       0x28 ./Application/User/aspep.o
 .ARM.attributes
                0x0000000000000093       0x28 ./Application/User/i2c_slave.o
 .ARM.attributes
                0x00000000000000bb       0x28 ./Application/User/main.o
 .ARM.attributes
                0x00000000000000e3       0x28 ./Application/User/mc_api.o
 .ARM.attributes
                0x000000000000010b       0x28 ./Application/User/mc_app_hooks.o
 .ARM.attributes
                0x0000000000000133       0x28 ./Application/User/mc_config.o
 .ARM.attributes
                0x000000000000015b       0x28 ./Application/User/mc_configuration_registers.o
 .ARM.attributes
                0x0000000000000183       0x28 ./Application/User/mc_interface.o
 .ARM.attributes
                0x00000000000001ab       0x28 ./Application/User/mc_parameters.o
 .ARM.attributes
                0x00000000000001d3       0x28 ./Application/User/mc_tasks.o
 .ARM.attributes
                0x00000000000001fb       0x28 ./Application/User/mcp.o
 .ARM.attributes
                0x0000000000000223       0x28 ./Application/User/mcp_config.o
 .ARM.attributes
                0x000000000000024b       0x28 ./Application/User/motorcontrol.o
 .ARM.attributes
                0x0000000000000273       0x28 ./Application/User/register_interface.o
 .ARM.attributes
                0x000000000000029b       0x28 ./Application/User/regular_conversion_manager.o
 .ARM.attributes
                0x00000000000002c3       0x28 ./Application/User/stm32f0xx_hal_msp.o
 .ARM.attributes
                0x00000000000002eb       0x28 ./Application/User/stm32f0xx_it.o
 .ARM.attributes
                0x0000000000000313       0x28 ./Application/User/stm32f0xx_mc_it.o
 .ARM.attributes
                0x000000000000033b       0x28 ./Application/User/usart_aspep_driver.o
 .ARM.attributes
                0x0000000000000363       0x28 ./Drivers/CMSIS/system_stm32f0xx.o
 .ARM.attributes
                0x000000000000038b       0x28 ./Drivers/STM32F0xx_HAL_Driver/stm32f0xx_hal.o
 .ARM.attributes
                0x00000000000003b3       0x28 ./Drivers/STM32F0xx_HAL_Driver/stm32f0xx_hal_adc.o
 .ARM.attributes
                0x00000000000003db       0x28 ./Drivers/STM32F0xx_HAL_Driver/stm32f0xx_hal_cortex.o
 .ARM.attributes
                0x0000000000000403       0x28 ./Drivers/STM32F0xx_HAL_Driver/stm32f0xx_hal_dma.o
 .ARM.attributes
                0x000000000000042b       0x28 ./Drivers/STM32F0xx_HAL_Driver/stm32f0xx_hal_gpio.o
 .ARM.attributes
                0x0000000000000453       0x28 ./Drivers/STM32F0xx_HAL_Driver/stm32f0xx_hal_i2c.o
 .ARM.attributes
                0x000000000000047b       0x28 ./Drivers/STM32F0xx_HAL_Driver/stm32f0xx_hal_i2c_ex.o
 .ARM.attributes
                0x00000000000004a3       0x28 ./Drivers/STM32F0xx_HAL_Driver/stm32f0xx_hal_rcc.o
 .ARM.attributes
                0x00000000000004cb       0x28 ./Drivers/STM32F0xx_HAL_Driver/stm32f0xx_hal_rcc_ex.o
 .ARM.attributes
                0x00000000000004f3       0x28 ./Drivers/STM32F0xx_HAL_Driver/stm32f0xx_hal_tim.o
 .ARM.attributes
                0x000000000000051b       0x28 ./Drivers/STM32F0xx_HAL_Driver/stm32f0xx_hal_tim_ex.o
 .ARM.attributes
                0x0000000000000543       0x28 ./Middlewares/MotorControl/bus_voltage_sensor.o
 .ARM.attributes
                0x000000000000056b       0x28 ./Middlewares/MotorControl/current_ref_ctrl.o
 .ARM.attributes
                0x0000000000000593       0x28 ./Middlewares/MotorControl/f0xx_bemf_ADC_fdbk.o
 .ARM.attributes
                0x00000000000005bb       0x28 ./Middlewares/MotorControl/ntc_temperature_sensor.o
 .ARM.attributes
                0x00000000000005e3       0x28 ./Middlewares/MotorControl/pid_regulator.o
 .ARM.attributes
                0x000000000000060b       0x28 ./Middlewares/MotorControl/pwm_common_sixstep.o
 .ARM.attributes
                0x0000000000000633       0x28 ./Middlewares/MotorControl/pwmc_6pwm.o
 .ARM.attributes
                0x000000000000065b       0x28 ./Middlewares/MotorControl/r_divider_bus_voltage_sensor.o
 .ARM.attributes
                0x0000000000000683       0x28 ./Middlewares/MotorControl/revup_ctrl_sixstep.o
 .ARM.attributes
                0x00000000000006ab       0x28 ./Middlewares/MotorControl/speed_ctrl.o
 .ARM.attributes
                0x00000000000006d3       0x28 ./Middlewares/MotorControl/speed_pos_fdbk.o
 .ARM.attributes
                0x00000000000006fb       0x28 ./Middlewares/MotorControl/virtual_speed_sensor.o
 .ARM.attributes
                0x0000000000000723       0x2c C:/ST/STM32CubeIDE_1.14.1/STM32CubeIDE/plugins/com.st.stm32cube.ide.mcu.externaltools.gnu-tools-for-stm32.11.3.rel1.win32_1.1.100.202309141235/tools/bin/../lib/gcc/arm-none-eabi/11.3.1/../../../../arm-none-eabi/lib/thumb/v6-m/nofp\libc_nano.a(libc_a-memset.o)
 .ARM.attributes
                0x000000000000074f       0x2c C:/ST/STM32CubeIDE_1.14.1/STM32CubeIDE/plugins/com.st.stm32cube.ide.mcu.externaltools.gnu-tools-for-stm32.11.3.rel1.win32_1.1.100.202309141235/tools/bin/../lib/gcc/arm-none-eabi/11.3.1/../../../../arm-none-eabi/lib/thumb/v6-m/nofp\libc_nano.a(libc_a-init.o)
 .ARM.attributes
                0x000000000000077b       0x2c C:/ST/STM32CubeIDE_1.14.1/STM32CubeIDE/plugins/com.st.stm32cube.ide.mcu.externaltools.gnu-tools-for-stm32.11.3.rel1.win32_1.1.100.202309141235/tools/bin/../lib/gcc/arm-none-eabi/11.3.1/../../../../arm-none-eabi/lib/thumb/v6-m/nofp\libc_nano.a(libc_a-memcpy-stub.o)
 .ARM.attributes
                0x00000000000007a7       0x1e C:/ST/STM32CubeIDE_1.14.1/STM32CubeIDE/plugins/com.st.stm32cube.ide.mcu.externaltools.gnu-tools-for-stm32.11.3.rel1.win32_1.1.100.202309141235/tools/bin/../lib/gcc/arm-none-eabi/11.3.1/thumb/v6-m/nofp\libgcc.a(_udivsi3.o)
 .ARM.attributes
                0x00000000000007c5       0x1e C:/ST/STM32CubeIDE_1.14.1/STM32CubeIDE/plugins/com.st.stm32cube.ide.mcu.externaltools.gnu-tools-for-stm32.11.3.rel1.win32_1.1.100.202309141235/tools/bin/../lib/gcc/arm-none-eabi/11.3.1/thumb/v6-m/nofp\libgcc.a(_divsi3.o)
 .ARM.attributes
                0x00000000000007e3       0x1e C:/ST/STM32CubeIDE_1.14.1/STM32CubeIDE/plugins/com.st.stm32cube.ide.mcu.externaltools.gnu-tools-for-stm32.11.3.rel1.win32_1.1.100.202309141235/tools/bin/../lib/gcc/arm-none-eabi/11.3.1/thumb/v6-m/nofp\libgcc.a(_dvmd_tls.o)
 .ARM.attributes
                0x0000000000000801       0x1e C:/ST/STM32CubeIDE_1.14.1/STM32CubeIDE/plugins/com.st.stm32cube.ide.mcu.externaltools.gnu-tools-for-stm32.11.3.rel1.win32_1.1.100.202309141235/tools/bin/../lib/gcc/arm-none-eabi/11.3.1/thumb/v6-m/nofp/crtn.o
OUTPUT(workbench6Altenmotordrivercode.elf elf32-littlearm)
LOAD linker stubs
LOAD C:/ST/STM32CubeIDE_1.14.1/STM32CubeIDE/plugins/com.st.stm32cube.ide.mcu.externaltools.gnu-tools-for-stm32.11.3.rel1.win32_1.1.100.202309141235/tools/bin/../lib/gcc/arm-none-eabi/11.3.1/../../../../arm-none-eabi/lib/thumb/v6-m/nofp\libc.a
LOAD C:/ST/STM32CubeIDE_1.14.1/STM32CubeIDE/plugins/com.st.stm32cube.ide.mcu.externaltools.gnu-tools-for-stm32.11.3.rel1.win32_1.1.100.202309141235/tools/bin/../lib/gcc/arm-none-eabi/11.3.1/../../../../arm-none-eabi/lib/thumb/v6-m/nofp\libm.a
LOAD C:/ST/STM32CubeIDE_1.14.1/STM32CubeIDE/plugins/com.st.stm32cube.ide.mcu.externaltools.gnu-tools-for-stm32.11.3.rel1.win32_1.1.100.202309141235/tools/bin/../lib/gcc/arm-none-eabi/11.3.1/thumb/v6-m/nofp\libgcc.a

.comment        0x0000000000000000       0x43
 .comment       0x0000000000000000       0x43 C:/ST/STM32CubeIDE_1.14.1/STM32CubeIDE/plugins/com.st.stm32cube.ide.mcu.externaltools.gnu-tools-for-stm32.11.3.rel1.win32_1.1.100.202309141235/tools/bin/../lib/gcc/arm-none-eabi/11.3.1/thumb/v6-m/nofp/crtbegin.o
                                         0x44 (size before relaxing)
 .comment       0x0000000000000043       0x44 ./Application/User/aspep.o
 .comment       0x0000000000000043       0x44 ./Application/User/i2c_slave.o
 .comment       0x0000000000000043       0x44 ./Application/User/main.o
 .comment       0x0000000000000043       0x44 ./Application/User/mc_api.o
 .comment       0x0000000000000043       0x44 ./Application/User/mc_app_hooks.o
 .comment       0x0000000000000043       0x44 ./Application/User/mc_config.o
 .comment       0x0000000000000043       0x44 ./Application/User/mc_configuration_registers.o
 .comment       0x0000000000000043       0x44 ./Application/User/mc_interface.o
 .comment       0x0000000000000043       0x44 ./Application/User/mc_parameters.o
 .comment       0x0000000000000043       0x44 ./Application/User/mc_tasks.o
 .comment       0x0000000000000043       0x44 ./Application/User/mcp.o
 .comment       0x0000000000000043       0x44 ./Application/User/mcp_config.o
 .comment       0x0000000000000043       0x44 ./Application/User/motorcontrol.o
 .comment       0x0000000000000043       0x44 ./Application/User/register_interface.o
 .comment       0x0000000000000043       0x44 ./Application/User/regular_conversion_manager.o
 .comment       0x0000000000000043       0x44 ./Application/User/stm32f0xx_hal_msp.o
 .comment       0x0000000000000043       0x44 ./Application/User/stm32f0xx_it.o
 .comment       0x0000000000000043       0x44 ./Application/User/stm32f0xx_mc_it.o
 .comment       0x0000000000000043       0x44 ./Application/User/usart_aspep_driver.o
 .comment       0x0000000000000043       0x44 ./Drivers/CMSIS/system_stm32f0xx.o
 .comment       0x0000000000000043       0x44 ./Drivers/STM32F0xx_HAL_Driver/stm32f0xx_hal.o
 .comment       0x0000000000000043       0x44 ./Drivers/STM32F0xx_HAL_Driver/stm32f0xx_hal_adc.o
 .comment       0x0000000000000043       0x44 ./Drivers/STM32F0xx_HAL_Driver/stm32f0xx_hal_cortex.o
 .comment       0x0000000000000043       0x44 ./Drivers/STM32F0xx_HAL_Driver/stm32f0xx_hal_dma.o
 .comment       0x0000000000000043       0x44 ./Drivers/STM32F0xx_HAL_Driver/stm32f0xx_hal_gpio.o
 .comment       0x0000000000000043       0x44 ./Drivers/STM32F0xx_HAL_Driver/stm32f0xx_hal_i2c.o
 .comment       0x0000000000000043       0x44 ./Drivers/STM32F0xx_HAL_Driver/stm32f0xx_hal_i2c_ex.o
 .comment       0x0000000000000043       0x44 ./Drivers/STM32F0xx_HAL_Driver/stm32f0xx_hal_rcc.o
 .comment       0x0000000000000043       0x44 ./Drivers/STM32F0xx_HAL_Driver/stm32f0xx_hal_rcc_ex.o
 .comment       0x0000000000000043       0x44 ./Drivers/STM32F0xx_HAL_Driver/stm32f0xx_hal_tim.o
 .comment       0x0000000000000043       0x44 ./Drivers/STM32F0xx_HAL_Driver/stm32f0xx_hal_tim_ex.o
 .comment       0x0000000000000043       0x44 ./Middlewares/MotorControl/bus_voltage_sensor.o
 .comment       0x0000000000000043       0x44 ./Middlewares/MotorControl/current_ref_ctrl.o
 .comment       0x0000000000000043       0x44 ./Middlewares/MotorControl/f0xx_bemf_ADC_fdbk.o
 .comment       0x0000000000000043       0x44 ./Middlewares/MotorControl/ntc_temperature_sensor.o
 .comment       0x0000000000000043       0x44 ./Middlewares/MotorControl/pid_regulator.o
 .comment       0x0000000000000043       0x44 ./Middlewares/MotorControl/pwm_common_sixstep.o
 .comment       0x0000000000000043       0x44 ./Middlewares/MotorControl/pwmc_6pwm.o
 .comment       0x0000000000000043       0x44 ./Middlewares/MotorControl/r_divider_bus_voltage_sensor.o
 .comment       0x0000000000000043       0x44 ./Middlewares/MotorControl/revup_ctrl_sixstep.o
 .comment       0x0000000000000043       0x44 ./Middlewares/MotorControl/speed_ctrl.o
 .comment       0x0000000000000043       0x44 ./Middlewares/MotorControl/speed_pos_fdbk.o
 .comment       0x0000000000000043       0x44 ./Middlewares/MotorControl/virtual_speed_sensor.o

.debug_line     0x0000000000000000    0x36093
 .debug_line    0x0000000000000000       0x7b ./Application/Startup/startup_stm32f031c6tx.o
 .debug_line    0x000000000000007b     0x15b9 ./Application/User/aspep.o
 .debug_line    0x0000000000001634      0xb9f ./Application/User/i2c_slave.o
 .debug_line    0x00000000000021d3     0x1832 ./Application/User/main.o
 .debug_line    0x0000000000003a05      0xdf8 ./Application/User/mc_api.o
 .debug_line    0x00000000000047fd      0x8bc ./Application/User/mc_app_hooks.o
 .debug_line    0x00000000000050b9      0xb6b ./Application/User/mc_config.o
 .debug_line    0x0000000000005c24      0xaa9 ./Application/User/mc_configuration_registers.o
 .debug_line    0x00000000000066cd     0x1188 ./Application/User/mc_interface.o
 .debug_line    0x0000000000007855      0xb5c ./Application/User/mc_parameters.o
 .debug_line    0x00000000000083b1     0x14bd ./Application/User/mc_tasks.o
 .debug_line    0x000000000000986e     0x1079 ./Application/User/mcp.o
 .debug_line    0x000000000000a8e7      0x9a9 ./Application/User/mcp_config.o
 .debug_line    0x000000000000b290      0xba9 ./Application/User/motorcontrol.o
 .debug_line    0x000000000000be39     0x1461 ./Application/User/register_interface.o
 .debug_line    0x000000000000d29a     0x1446 ./Application/User/regular_conversion_manager.o
 .debug_line    0x000000000000e6e0      0xfc6 ./Application/User/stm32f0xx_hal_msp.o
 .debug_line    0x000000000000f6a6      0xba5 ./Application/User/stm32f0xx_it.o
 .debug_line    0x000000000001024b     0x117b ./Application/User/stm32f0xx_mc_it.o
 .debug_line    0x00000000000113c6      0xf90 ./Application/User/usart_aspep_driver.o
 .debug_line    0x0000000000012356      0x83e ./Drivers/CMSIS/system_stm32f0xx.o
 .debug_line    0x0000000000012b94      0xb27 ./Drivers/STM32F0xx_HAL_Driver/stm32f0xx_hal.o
 .debug_line    0x00000000000136bb     0x168c ./Drivers/STM32F0xx_HAL_Driver/stm32f0xx_hal_adc.o
 .debug_line    0x0000000000014d47      0xb96 ./Drivers/STM32F0xx_HAL_Driver/stm32f0xx_hal_cortex.o
 .debug_line    0x00000000000158dd     0x1142 ./Drivers/STM32F0xx_HAL_Driver/stm32f0xx_hal_dma.o
 .debug_line    0x0000000000016a1f      0xd0b ./Drivers/STM32F0xx_HAL_Driver/stm32f0xx_hal_gpio.o
 .debug_line    0x000000000001772a     0x81d2 ./Drivers/STM32F0xx_HAL_Driver/stm32f0xx_hal_i2c.o
 .debug_line    0x000000000001f8fc      0xb19 ./Drivers/STM32F0xx_HAL_Driver/stm32f0xx_hal_i2c_ex.o
 .debug_line    0x0000000000020415     0x138f ./Drivers/STM32F0xx_HAL_Driver/stm32f0xx_hal_rcc.o
 .debug_line    0x00000000000217a4      0xaa4 ./Drivers/STM32F0xx_HAL_Driver/stm32f0xx_hal_rcc_ex.o
 .debug_line    0x0000000000022248     0x650e ./Drivers/STM32F0xx_HAL_Driver/stm32f0xx_hal_tim.o
 .debug_line    0x0000000000028756     0x1e7b ./Drivers/STM32F0xx_HAL_Driver/stm32f0xx_hal_tim_ex.o
 .debug_line    0x000000000002a5d1      0x9b6 ./Middlewares/MotorControl/bus_voltage_sensor.o
 .debug_line    0x000000000002af87      0xb74 ./Middlewares/MotorControl/current_ref_ctrl.o
 .debug_line    0x000000000002bafb     0x1f47 ./Middlewares/MotorControl/f0xx_bemf_ADC_fdbk.o
 .debug_line    0x000000000002da42      0xaf0 ./Middlewares/MotorControl/ntc_temperature_sensor.o
 .debug_line    0x000000000002e532      0xdea ./Middlewares/MotorControl/pid_regulator.o
 .debug_line    0x000000000002f31c      0xc0f ./Middlewares/MotorControl/pwm_common_sixstep.o
 .debug_line    0x000000000002ff2b     0x1de2 ./Middlewares/MotorControl/pwmc_6pwm.o
 .debug_line    0x0000000000031d0d      0xba0 ./Middlewares/MotorControl/r_divider_bus_voltage_sensor.o
 .debug_line    0x00000000000328ad      0xf74 ./Middlewares/MotorControl/revup_ctrl_sixstep.o
 .debug_line    0x0000000000033821      0xe5e ./Middlewares/MotorControl/speed_ctrl.o
 .debug_line    0x000000000003467f      0xb3d ./Middlewares/MotorControl/speed_pos_fdbk.o
 .debug_line    0x00000000000351bc      0xed7 ./Middlewares/MotorControl/virtual_speed_sensor.o

.debug_line_str
                0x0000000000000000       0x86
 .debug_line_str
                0x0000000000000000       0x86 ./Application/Startup/startup_stm32f031c6tx.o
                                         0x9e (size before relaxing)

.debug_info     0x0000000000000000    0x30efd
 .debug_info    0x0000000000000000       0x23 ./Application/Startup/startup_stm32f031c6tx.o
 .debug_info    0x0000000000000023     0x1186 ./Application/User/aspep.o
 .debug_info    0x00000000000011a9      0x805 ./Application/User/i2c_slave.o
 .debug_info    0x00000000000019ae     0x2794 ./Application/User/main.o
 .debug_info    0x0000000000004142      0xe9a ./Application/User/mc_api.o
 .debug_info    0x0000000000004fdc      0x156 ./Application/User/mc_app_hooks.o
 .debug_info    0x0000000000005132     0x1810 ./Application/User/mc_config.o
 .debug_info    0x0000000000006942      0x501 ./Application/User/mc_configuration_registers.o
 .debug_info    0x0000000000006e43     0x12c9 ./Application/User/mc_interface.o
 .debug_info    0x000000000000810c      0x53a ./Application/User/mc_parameters.o
 .debug_info    0x0000000000008646     0x3243 ./Application/User/mc_tasks.o
 .debug_info    0x000000000000b889     0x106d ./Application/User/mcp.o
 .debug_info    0x000000000000c8f6      0x8ad ./Application/User/mcp_config.o
 .debug_info    0x000000000000d1a3      0xb18 ./Application/User/motorcontrol.o
 .debug_info    0x000000000000dcbb     0x1e57 ./Application/User/register_interface.o
 .debug_info    0x000000000000fb12     0x1340 ./Application/User/regular_conversion_manager.o
 .debug_info    0x0000000000010e52     0x14a4 ./Application/User/stm32f0xx_hal_msp.o
 .debug_info    0x00000000000122f6      0x6e5 ./Application/User/stm32f0xx_it.o
 .debug_info    0x00000000000129db     0x1e89 ./Application/User/stm32f0xx_mc_it.o
 .debug_info    0x0000000000014864     0x10f6 ./Application/User/usart_aspep_driver.o
 .debug_info    0x000000000001595a      0x268 ./Drivers/CMSIS/system_stm32f0xx.o
 .debug_info    0x0000000000015bc2      0x73b ./Drivers/STM32F0xx_HAL_Driver/stm32f0xx_hal.o
 .debug_info    0x00000000000162fd      0xf8a ./Drivers/STM32F0xx_HAL_Driver/stm32f0xx_hal_adc.o
 .debug_info    0x0000000000017287      0x7f2 ./Drivers/STM32F0xx_HAL_Driver/stm32f0xx_hal_cortex.o
 .debug_info    0x0000000000017a79      0x8a3 ./Drivers/STM32F0xx_HAL_Driver/stm32f0xx_hal_dma.o
 .debug_info    0x000000000001831c      0x602 ./Drivers/STM32F0xx_HAL_Driver/stm32f0xx_hal_gpio.o
 .debug_info    0x000000000001891e     0x65fc ./Drivers/STM32F0xx_HAL_Driver/stm32f0xx_hal_i2c.o
 .debug_info    0x000000000001ef1a      0x852 ./Drivers/STM32F0xx_HAL_Driver/stm32f0xx_hal_i2c_ex.o
 .debug_info    0x000000000001f76c      0xace ./Drivers/STM32F0xx_HAL_Driver/stm32f0xx_hal_rcc.o
 .debug_info    0x000000000002023a      0x3b4 ./Drivers/STM32F0xx_HAL_Driver/stm32f0xx_hal_rcc_ex.o
 .debug_info    0x00000000000205ee     0x4bbc ./Drivers/STM32F0xx_HAL_Driver/stm32f0xx_hal_tim.o
 .debug_info    0x00000000000251aa     0x1b0b ./Drivers/STM32F0xx_HAL_Driver/stm32f0xx_hal_tim_ex.o
 .debug_info    0x0000000000026cb5      0x2ac ./Middlewares/MotorControl/bus_voltage_sensor.o
 .debug_info    0x0000000000026f61      0x7be ./Middlewares/MotorControl/current_ref_ctrl.o
 .debug_info    0x000000000002771f     0x26b0 ./Middlewares/MotorControl/f0xx_bemf_ADC_fdbk.o
 .debug_info    0x0000000000029dcf      0x464 ./Middlewares/MotorControl/ntc_temperature_sensor.o
 .debug_info    0x000000000002a233      0x8ce ./Middlewares/MotorControl/pid_regulator.o
 .debug_info    0x000000000002ab01      0x785 ./Middlewares/MotorControl/pwm_common_sixstep.o
 .debug_info    0x000000000002b286     0x3221 ./Middlewares/MotorControl/pwmc_6pwm.o
 .debug_info    0x000000000002e4a7      0x3f7 ./Middlewares/MotorControl/r_divider_bus_voltage_sensor.o
 .debug_info    0x000000000002e89e      0xfab ./Middlewares/MotorControl/revup_ctrl_sixstep.o
 .debug_info    0x000000000002f849      0x997 ./Middlewares/MotorControl/speed_ctrl.o
 .debug_info    0x00000000000301e0      0x538 ./Middlewares/MotorControl/speed_pos_fdbk.o
 .debug_info    0x0000000000030718      0x7e5 ./Middlewares/MotorControl/virtual_speed_sensor.o

.debug_abbrev   0x0000000000000000     0x68a1
 .debug_abbrev  0x0000000000000000       0x12 ./Application/Startup/startup_stm32f031c6tx.o
 .debug_abbrev  0x0000000000000012      0x38c ./Application/User/aspep.o
 .debug_abbrev  0x000000000000039e      0x240 ./Application/User/i2c_slave.o
 .debug_abbrev  0x00000000000005de      0x427 ./Application/User/main.o
 .debug_abbrev  0x0000000000000a05      0x236 ./Application/User/mc_api.o
 .debug_abbrev  0x0000000000000c3b       0x99 ./Application/User/mc_app_hooks.o
 .debug_abbrev  0x0000000000000cd4      0x1e0 ./Application/User/mc_config.o
 .debug_abbrev  0x0000000000000eb4      0x10b ./Application/User/mc_configuration_registers.o
 .debug_abbrev  0x0000000000000fbf      0x2b0 ./Application/User/mc_interface.o
 .debug_abbrev  0x000000000000126f       0xff ./Application/User/mc_parameters.o
 .debug_abbrev  0x000000000000136e      0x4ac ./Application/User/mc_tasks.o
 .debug_abbrev  0x000000000000181a      0x2a6 ./Application/User/mcp.o
 .debug_abbrev  0x0000000000001ac0      0x1c9 ./Application/User/mcp_config.o
 .debug_abbrev  0x0000000000001c89      0x211 ./Application/User/motorcontrol.o
 .debug_abbrev  0x0000000000001e9a      0x332 ./Application/User/register_interface.o
 .debug_abbrev  0x00000000000021cc      0x352 ./Application/User/regular_conversion_manager.o
 .debug_abbrev  0x000000000000251e      0x2c0 ./Application/User/stm32f0xx_hal_msp.o
 .debug_abbrev  0x00000000000027de      0x18f ./Application/User/stm32f0xx_it.o
 .debug_abbrev  0x000000000000296d      0x361 ./Application/User/stm32f0xx_mc_it.o
 .debug_abbrev  0x0000000000002cce      0x2ae ./Application/User/usart_aspep_driver.o
 .debug_abbrev  0x0000000000002f7c      0x138 ./Drivers/CMSIS/system_stm32f0xx.o
 .debug_abbrev  0x00000000000030b4      0x2cb ./Drivers/STM32F0xx_HAL_Driver/stm32f0xx_hal.o
 .debug_abbrev  0x000000000000337f      0x2d6 ./Drivers/STM32F0xx_HAL_Driver/stm32f0xx_hal_adc.o
 .debug_abbrev  0x0000000000003655      0x2bf ./Drivers/STM32F0xx_HAL_Driver/stm32f0xx_hal_cortex.o
 .debug_abbrev  0x0000000000003914      0x230 ./Drivers/STM32F0xx_HAL_Driver/stm32f0xx_hal_dma.o
 .debug_abbrev  0x0000000000003b44      0x207 ./Drivers/STM32F0xx_HAL_Driver/stm32f0xx_hal_gpio.o
 .debug_abbrev  0x0000000000003d4b      0x408 ./Drivers/STM32F0xx_HAL_Driver/stm32f0xx_hal_i2c.o
 .debug_abbrev  0x0000000000004153      0x1da ./Drivers/STM32F0xx_HAL_Driver/stm32f0xx_hal_i2c_ex.o
 .debug_abbrev  0x000000000000432d      0x31c ./Drivers/STM32F0xx_HAL_Driver/stm32f0xx_hal_rcc.o
 .debug_abbrev  0x0000000000004649      0x1ac ./Drivers/STM32F0xx_HAL_Driver/stm32f0xx_hal_rcc_ex.o
 .debug_abbrev  0x00000000000047f5      0x3cb ./Drivers/STM32F0xx_HAL_Driver/stm32f0xx_hal_tim.o
 .debug_abbrev  0x0000000000004bc0      0x3bc ./Drivers/STM32F0xx_HAL_Driver/stm32f0xx_hal_tim_ex.o
 .debug_abbrev  0x0000000000004f7c      0x10f ./Middlewares/MotorControl/bus_voltage_sensor.o
 .debug_abbrev  0x000000000000508b      0x1e3 ./Middlewares/MotorControl/current_ref_ctrl.o
 .debug_abbrev  0x000000000000526e      0x409 ./Middlewares/MotorControl/f0xx_bemf_ADC_fdbk.o
 .debug_abbrev  0x0000000000005677      0x1a1 ./Middlewares/MotorControl/ntc_temperature_sensor.o
 .debug_abbrev  0x0000000000005818      0x1b2 ./Middlewares/MotorControl/pid_regulator.o
 .debug_abbrev  0x00000000000059ca      0x1ad ./Middlewares/MotorControl/pwm_common_sixstep.o
 .debug_abbrev  0x0000000000005b77      0x388 ./Middlewares/MotorControl/pwmc_6pwm.o
 .debug_abbrev  0x0000000000005eff      0x161 ./Middlewares/MotorControl/r_divider_bus_voltage_sensor.o