C:/Users/Asus/.st_workbench/projects/STEVAL_SPIN3201/MCSDK_v6.2.1-Full/MotorControl/MCSDK/MCLib/Any/Src/sto_pll_speed_pos_fdbk.c:114:13:STO_PLL_Return	0	static
C:/Users/Asus/.st_workbench/projects/STEVAL_SPIN3201/MCSDK_v6.2.1-Full/MotorControl/MCSDK/MCLib/Any/Src/sto_pll_speed_pos_fdbk.c:148:16:STO_PLL_CalcElAngle	96	static
C:/Users/Asus/.st_workbench/projects/STEVAL_SPIN3201/MCSDK_v6.2.1-Full/MotorControl/MCSDK/MCLib/Any/Src/sto_pll_speed_pos_fdbk.c:395:13:STO_PLL_CalcAvrgMecSpeedUnit	32	static
C:/Users/Asus/.st_workbench/projects/STEVAL_SPIN3201/MCSDK_v6.2.1-Full/MotorControl/MCSDK/MCLib/Any/Src/sto_pll_speed_pos_fdbk.c:558:13:STO_PLL_CalcAvrgElSpeedDpp	16	static
C:/Users/Asus/.st_workbench/projects/STEVAL_SPIN3201/MCSDK_v6.2.1-Full/MotorControl/MCSDK/MCLib/Any/Src/sto_pll_speed_pos_fdbk.c:624:13:STO_PLL_Clear	8	static
C:/Users/Asus/.st_workbench/projects/STEVAL_SPIN3201/MCSDK_v6.2.1-Full/MotorControl/MCSDK/MCLib/Any/Src/sto_pll_speed_pos_fdbk.c:63:13:STO_PLL_Init	16	static
C:/Users/Asus/.st_workbench/projects/STEVAL_SPIN3201/MCSDK_v6.2.1-Full/MotorControl/MCSDK/MCLib/Any/Src/sto_pll_speed_pos_fdbk.c:751:13:STO_PLL_IsObserverConverged	20	static
C:/Users/Asus/.st_workbench/projects/STEVAL_SPIN3201/MCSDK_v6.2.1-Full/MotorControl/MCSDK/MCLib/Any/Src/sto_pll_speed_pos_fdbk.c:865:20:STO_PLL_GetEstimatedBemf	8	static
C:/Users/Asus/.st_workbench/projects/STEVAL_SPIN3201/MCSDK_v6.2.1-Full/MotorControl/MCSDK/MCLib/Any/Src/sto_pll_speed_pos_fdbk.c:892:20:STO_PLL_GetEstimatedCurrent	8	static
C:/Users/Asus/.st_workbench/projects/STEVAL_SPIN3201/MCSDK_v6.2.1-Full/MotorControl/MCSDK/MCLib/Any/Src/sto_pll_speed_pos_fdbk.c:928:13:STO_PLL_GetObserverGains	8	static
C:/Users/Asus/.st_workbench/projects/STEVAL_SPIN3201/MCSDK_v6.2.1-Full/MotorControl/MCSDK/MCLib/Any/Src/sto_pll_speed_pos_fdbk.c:950:13:STO_PLL_SetObserverGains	0	static
C:/Users/Asus/.st_workbench/projects/STEVAL_SPIN3201/MCSDK_v6.2.1-Full/MotorControl/MCSDK/MCLib/Any/Src/sto_pll_speed_pos_fdbk.c:972:13:STO_GetPLLGains	16	static
C:/Users/Asus/.st_workbench/projects/STEVAL_SPIN3201/MCSDK_v6.2.1-Full/MotorControl/MCSDK/MCLib/Any/Src/sto_pll_speed_pos_fdbk.c:994:13:STO_SetPLLGains	16	static
C:/Users/Asus/.st_workbench/projects/STEVAL_SPIN3201/MCSDK_v6.2.1-Full/MotorControl/MCSDK/MCLib/Any/Src/sto_pll_speed_pos_fdbk.c:1022:13:STO_PLL_SetMecAngle	0	static
C:/Users/Asus/.st_workbench/projects/STEVAL_SPIN3201/MCSDK_v6.2.1-Full/MotorControl/MCSDK/MCLib/Any/Src/sto_pll_speed_pos_fdbk.c:1041:13:STO_OTF_ResetPLL	8	static
C:/Users/Asus/.st_workbench/projects/STEVAL_SPIN3201/MCSDK_v6.2.1-Full/MotorControl/MCSDK/MCLib/Any/Src/sto_pll_speed_pos_fdbk.c:1070:13:STO_ResetPLL	8	static
C:/Users/Asus/.st_workbench/projects/STEVAL_SPIN3201/MCSDK_v6.2.1-Full/MotorControl/MCSDK/MCLib/Any/Src/sto_pll_speed_pos_fdbk.c:1093:13:STO_SetPLL	24	static
C:/Users/Asus/.st_workbench/projects/STEVAL_SPIN3201/MCSDK_v6.2.1-Full/MotorControl/MCSDK/MCLib/Any/Src/sto_pll_speed_pos_fdbk.c:1117:16:STO_PLL_GetEstimatedBemfLevel	0	static
C:/Users/Asus/.st_workbench/projects/STEVAL_SPIN3201/MCSDK_v6.2.1-Full/MotorControl/MCSDK/MCLib/Any/Src/sto_pll_speed_pos_fdbk.c:1132:16:STO_PLL_GetObservedBemfLevel	0	static
C:/Users/Asus/.st_workbench/projects/STEVAL_SPIN3201/MCSDK_v6.2.1-Full/MotorControl/MCSDK/MCLib/Any/Src/sto_pll_speed_pos_fdbk.c:1147:13:STO_PLL_BemfConsistencyCheckSwitch	0	static
C:/Users/Asus/.st_workbench/projects/STEVAL_SPIN3201/MCSDK_v6.2.1-Full/MotorControl/MCSDK/MCLib/Any/Src/sto_pll_speed_pos_fdbk.c:1170:13:STO_PLL_IsBemfConsistent	0	static
C:/Users/Asus/.st_workbench/projects/STEVAL_SPIN3201/MCSDK_v6.2.1-Full/MotorControl/MCSDK/MCLib/Any/Src/sto_pll_speed_pos_fdbk.c:1185:13:STO_PLL_IsVarianceTight	0	static
C:/Users/Asus/.st_workbench/projects/STEVAL_SPIN3201/MCSDK_v6.2.1-Full/MotorControl/MCSDK/MCLib/Any/Src/sto_pll_speed_pos_fdbk.c:1209:13:STO_PLL_ForceConvergency1	0	static
C:/Users/Asus/.st_workbench/projects/STEVAL_SPIN3201/MCSDK_v6.2.1-Full/MotorControl/MCSDK/MCLib/Any/Src/sto_pll_speed_pos_fdbk.c:1231:13:STO_PLL_ForceConvergency2	0	static
C:/Users/Asus/.st_workbench/projects/STEVAL_SPIN3201/MCSDK_v6.2.1-Full/MotorControl/MCSDK/MCLib/Any/Src/sto_pll_speed_pos_fdbk.c:1255:13:STO_SetMinStartUpValidSpeedUnit	0	static
C:/Users/Asus/.st_workbench/projects/STEVAL_SPIN3201/MCSDK_v6.2.1-Full/MotorControl/MCSDK/MCLib/Any/Src/sto_pll_speed_pos_fdbk.c:1274:13:STO_SetDirection	0	static
