C:/Users/Asus/.st_workbench/projects/B-G431B-ESC1/Src/mc_api.c:84:13:MC_StartMotor1	0	static
C:/Users/Asus/.st_workbench/projects/B-G431B-ESC1/Src/mc_api.c:104:13:MC_StopMotor1	0	static
C:/Users/Asus/.st_workbench/projects/B-G431B-ESC1/Src/mc_api.c:139:13:MC_ProgramSpeedRampMotor1	4	static
C:/Users/Asus/.st_workbench/projects/B-G431B-ESC1/Src/mc_api.c:174:13:MC_ProgramSpeedRampMotor1_F	0	static
C:/Users/Asus/.st_workbench/projects/B-G431B-ESC1/Src/mc_api.c:209:13:MC_ProgramTorqueRampMotor1	4	static
C:/Users/Asus/.st_workbench/projects/B-G431B-ESC1/Src/mc_api.c:244:13:MC_ProgramTorqueRampMotor1_F	0	static
C:/Users/Asus/.st_workbench/projects/B-G431B-ESC1/Src/mc_api.c:268:13:MC_SetCurrentReferenceMotor1	8	static
C:/Users/Asus/.st_workbench/projects/B-G431B-ESC1/Src/mc_api.c:292:13:MC_SetCurrentReferenceMotor1_F	8	static
C:/Users/Asus/.st_workbench/projects/B-G431B-ESC1/Src/mc_api.c:309:28:MC_GetCommandStateMotor1	0	static
C:/Users/Asus/.st_workbench/projects/B-G431B-ESC1/Src/mc_api.c:324:13:MC_StopSpeedRampMotor1	0	static
C:/Users/Asus/.st_workbench/projects/B-G431B-ESC1/Src/mc_api.c:335:13:MC_StopRampMotor1	0	static
C:/Users/Asus/.st_workbench/projects/B-G431B-ESC1/Src/mc_api.c:343:13:MC_HasRampCompletedMotor1	0	static
C:/Users/Asus/.st_workbench/projects/B-G431B-ESC1/Src/mc_api.c:351:16:MC_GetMecSpeedReferenceMotor1	0	static
C:/Users/Asus/.st_workbench/projects/B-G431B-ESC1/Src/mc_api.c:359:16:MC_GetMecSpeedReferenceMotor1_F	0	static
C:/Users/Asus/.st_workbench/projects/B-G431B-ESC1/Src/mc_api.c:367:16:MC_GetMecSpeedAverageMotor1	0	static
C:/Users/Asus/.st_workbench/projects/B-G431B-ESC1/Src/mc_api.c:375:16:MC_GetAverageMecSpeedMotor1_F	0	static
C:/Users/Asus/.st_workbench/projects/B-G431B-ESC1/Src/mc_api.c:383:16:MC_GetLastRampFinalSpeedMotor1	0	static
C:/Users/Asus/.st_workbench/projects/B-G431B-ESC1/Src/mc_api.c:391:16:MC_GetLastRampFinalSpeedM1_F	0	static
C:/Users/Asus/.st_workbench/projects/B-G431B-ESC1/Src/mc_api.c:399:25:MC_GetControlModeMotor1	0	static
C:/Users/Asus/.st_workbench/projects/B-G431B-ESC1/Src/mc_api.c:415:16:MC_GetImposedDirectionMotor1	0	static
C:/Users/Asus/.st_workbench/projects/B-G431B-ESC1/Src/mc_api.c:423:13:MC_GetSpeedSensorReliabilityMotor1	0	static
C:/Users/Asus/.st_workbench/projects/B-G431B-ESC1/Src/mc_api.c:438:16:MC_GetPhaseCurrentAmplitudeMotor1	0	static
C:/Users/Asus/.st_workbench/projects/B-G431B-ESC1/Src/mc_api.c:453:16:MC_GetPhaseVoltageAmplitudeMotor1	0	static
C:/Users/Asus/.st_workbench/projects/B-G431B-ESC1/Src/mc_api.c:461:13:MC_GetIabMotor1	8	static
C:/Users/Asus/.st_workbench/projects/B-G431B-ESC1/Src/mc_api.c:469:15:MC_GetIabMotor1_F	8	static
C:/Users/Asus/.st_workbench/projects/B-G431B-ESC1/Src/mc_api.c:477:20:MC_GetIalphabetaMotor1	8	static
C:/Users/Asus/.st_workbench/projects/B-G431B-ESC1/Src/mc_api.c:485:13:MC_GetIqdMotor1	8	static
C:/Users/Asus/.st_workbench/projects/B-G431B-ESC1/Src/mc_api.c:493:15:MC_GetIqdMotor1_F	8	static
C:/Users/Asus/.st_workbench/projects/B-G431B-ESC1/Src/mc_api.c:501:13:MC_GetIqdrefMotor1	8	static
C:/Users/Asus/.st_workbench/projects/B-G431B-ESC1/Src/mc_api.c:509:15:MC_GetIqdrefMotor1_F	8	static
C:/Users/Asus/.st_workbench/projects/B-G431B-ESC1/Src/mc_api.c:517:13:MC_GetVqdMotor1	8	static
C:/Users/Asus/.st_workbench/projects/B-G431B-ESC1/Src/mc_api.c:525:20:MC_GetValphabetaMotor1	8	static
C:/Users/Asus/.st_workbench/projects/B-G431B-ESC1/Src/mc_api.c:533:16:MC_GetElAngledppMotor1	0	static
C:/Users/Asus/.st_workbench/projects/B-G431B-ESC1/Src/mc_api.c:541:16:MC_GetTerefMotor1	0	static
C:/Users/Asus/.st_workbench/projects/B-G431B-ESC1/Src/mc_api.c:549:16:MC_GetTerefMotor1_F	0	static
C:/Users/Asus/.st_workbench/projects/B-G431B-ESC1/Src/mc_api.c:562:13:MC_Clear_IqdrefMotor1	0	static
C:/Users/Asus/.st_workbench/projects/B-G431B-ESC1/Src/mc_api.c:575:13:MC_AcknowledgeFaultMotor1	0	static
C:/Users/Asus/.st_workbench/projects/B-G431B-ESC1/Src/mc_api.c:589:17:MC_GetOccurredFaultsMotor1	0	static
C:/Users/Asus/.st_workbench/projects/B-G431B-ESC1/Src/mc_api.c:603:17:MC_GetCurrentFaultsMotor1	0	static
C:/Users/Asus/.st_workbench/projects/B-G431B-ESC1/Src/mc_api.c:611:20:MC_GetSTMStateMotor1	0	static
C:/Users/Asus/.st_workbench/projects/B-G431B-ESC1/Src/mc_api.c:649:6:MC_SetPolarizationOffsetsMotor1	0	static
C:/Users/Asus/.st_workbench/projects/B-G431B-ESC1/Src/mc_api.c:668:6:MC_GetPolarizationOffsetsMotor1	0	static
C:/Users/Asus/.st_workbench/projects/B-G431B-ESC1/Src/mc_api.c:688:6:MC_StartPolarizationOffsetsMeasurementMotor1	0	static
C:/Users/Asus/.st_workbench/projects/B-G431B-ESC1/Src/mc_api.c:699:16:MC_GetAveragePowerMotor1_F	0	static
C:/Users/Asus/.st_workbench/projects/B-G431B-ESC1/Src/mc_api.c:707:16:MC_ProfilerCommand	0	static
