C:/Users/Asus/.st_workbench/projects/B-G431B-ESC1/Src/mc_interface.c:70:13:MCI_Init	4	static
C:/Users/Asus/.st_workbench/projects/B-G431B-ESC1/Src/mc_interface.c:119:13:MCI_ExecSpeedRamp	0	static
C:/Users/Asus/.st_workbench/projects/B-G431B-ESC1/Src/mc_interface.c:159:13:MCI_ExecSpeedRamp_F	8	static
C:/Users/Asus/.st_workbench/projects/B-G431B-ESC1/Src/mc_interface.c:199:13:MCI_ExecTorqueRamp	0	static
C:/Users/Asus/.st_workbench/projects/B-G431B-ESC1/Src/mc_interface.c:241:13:MCI_ExecTorqueRamp_F	8	static
C:/Users/Asus/.st_workbench/projects/B-G431B-ESC1/Src/mc_interface.c:273:13:MCI_SetCurrentReferences	8	static
C:/Users/Asus/.st_workbench/projects/B-G431B-ESC1/Src/mc_interface.c:309:13:MCI_SetCurrentReferences_F	24	static
C:/Users/Asus/.st_workbench/projects/B-G431B-ESC1/Src/mc_interface.c:510:13:MCI_GetCalibratedOffsetsMotor	8	static
C:/Users/Asus/.st_workbench/projects/B-G431B-ESC1/Src/mc_interface.c:691:13:MCI_FaultProcessing	0	static
C:/Users/Asus/.st_workbench/projects/B-G431B-ESC1/Src/mc_interface.c:716:13:MCI_ExecBufferedCommands	8	static
C:/Users/Asus/.st_workbench/projects/B-G431B-ESC1/Src/mc_interface.c:789:27:MCI_IsCommandAcknowledged	0	static
C:/Users/Asus/.st_workbench/projects/B-G431B-ESC1/Src/mc_interface.c:821:20:MCI_GetSTMState	0	static
C:/Users/Asus/.st_workbench/projects/B-G431B-ESC1/Src/mc_interface.c:842:17:MCI_GetOccurredFaults	0	static
C:/Users/Asus/.st_workbench/projects/B-G431B-ESC1/Src/mc_interface.c:862:17:MCI_GetCurrentFaults	0	static
C:/Users/Asus/.st_workbench/projects/B-G431B-ESC1/Src/mc_interface.c:360:13:MCI_StartMotor	8	static
C:/Users/Asus/.st_workbench/projects/B-G431B-ESC1/Src/mc_interface.c:422:13:MCI_StartWithPolarizationMotor	8	static
C:/Users/Asus/.st_workbench/projects/B-G431B-ESC1/Src/mc_interface.c:467:13:MCI_StartOffsetMeasurments	8	static
C:/Users/Asus/.st_workbench/projects/B-G431B-ESC1/Src/mc_interface.c:556:13:MCI_SetCalibratedOffsetsMotor	16	static
C:/Users/Asus/.st_workbench/projects/B-G431B-ESC1/Src/mc_interface.c:601:13:MCI_StopMotor	16	static
C:/Users/Asus/.st_workbench/projects/B-G431B-ESC1/Src/mc_interface.c:656:13:MCI_FaultAcknowledged	8	static
C:/Users/Asus/.st_workbench/projects/B-G431B-ESC1/Src/mc_interface.c:886:17:MCI_GetFaultState	0	static
C:/Users/Asus/.st_workbench/projects/B-G431B-ESC1/Src/mc_interface.c:911:25:MCI_GetControlMode	0	static
C:/Users/Asus/.st_workbench/projects/B-G431B-ESC1/Src/mc_interface.c:927:16:MCI_GetImposedMotorDirection	0	static
C:/Users/Asus/.st_workbench/projects/B-G431B-ESC1/Src/mc_interface.c:995:16:MCI_GetLastRampFinalSpeed	0	static
C:/Users/Asus/.st_workbench/projects/B-G431B-ESC1/Src/mc_interface.c:1021:16:MCI_GetLastRampFinalTorque	0	static
C:/Users/Asus/.st_workbench/projects/B-G431B-ESC1/Src/mc_interface.c:1046:17:MCI_GetLastRampFinalDuration	0	static
C:/Users/Asus/.st_workbench/projects/B-G431B-ESC1/Src/mc_interface.c:1070:16:MCI_GetLastRampFinalSpeed_F	0	static
C:/Users/Asus/.st_workbench/projects/B-G431B-ESC1/Src/mc_interface.c:1090:13:MCI_RampCompleted	8	static
C:/Users/Asus/.st_workbench/projects/B-G431B-ESC1/Src/mc_interface.c:1123:13:MCI_StopSpeedRamp	0	static
C:/Users/Asus/.st_workbench/projects/B-G431B-ESC1/Src/mc_interface.c:1136:13:MCI_StopRamp	0	static
C:/Users/Asus/.st_workbench/projects/B-G431B-ESC1/Src/mc_interface.c:1160:13:MCI_GetSpdSensorReliability	8	static
C:/Users/Asus/.st_workbench/projects/B-G431B-ESC1/Src/mc_interface.c:1186:16:MCI_GetAvrgMecSpeedUnit	8	static
C:/Users/Asus/.st_workbench/projects/B-G431B-ESC1/Src/mc_interface.c:1210:16:MCI_GetAvrgMecSpeed_F	8	static
C:/Users/Asus/.st_workbench/projects/B-G431B-ESC1/Src/mc_interface.c:1235:16:MCI_GetMecSpeedRefUnit	0	static
C:/Users/Asus/.st_workbench/projects/B-G431B-ESC1/Src/mc_interface.c:1250:16:MCI_GetMecSpeedRef_F	8	static
C:/Users/Asus/.st_workbench/projects/B-G431B-ESC1/Src/mc_interface.c:1265:13:MCI_GetIab	8	static
C:/Users/Asus/.st_workbench/projects/B-G431B-ESC1/Src/mc_interface.c:1285:15:MCI_GetIab_F	16	static
C:/Users/Asus/.st_workbench/projects/B-G431B-ESC1/Src/mc_interface.c:1312:20:MCI_GetIalphabeta	8	static
C:/Users/Asus/.st_workbench/projects/B-G431B-ESC1/Src/mc_interface.c:1337:13:MCI_GetIqd	8	static
C:/Users/Asus/.st_workbench/projects/B-G431B-ESC1/Src/mc_interface.c:1362:15:MCI_GetIqd_F	16	static
C:/Users/Asus/.st_workbench/projects/B-G431B-ESC1/Src/mc_interface.c:1388:13:MCI_GetIqdHF	8	static
C:/Users/Asus/.st_workbench/projects/B-G431B-ESC1/Src/mc_interface.c:1413:13:MCI_GetIqdref	8	static
C:/Users/Asus/.st_workbench/projects/B-G431B-ESC1/Src/mc_interface.c:1438:15:MCI_GetIqdref_F	16	static
C:/Users/Asus/.st_workbench/projects/B-G431B-ESC1/Src/mc_interface.c:1463:13:MCI_GetVqd	8	static
C:/Users/Asus/.st_workbench/projects/B-G431B-ESC1/Src/mc_interface.c:1488:20:MCI_GetValphabeta	8	static
C:/Users/Asus/.st_workbench/projects/B-G431B-ESC1/Src/mc_interface.c:1514:16:MCI_GetElAngledpp	0	static
C:/Users/Asus/.st_workbench/projects/B-G431B-ESC1/Src/mc_interface.c:1529:16:MCI_GetTeref	0	static
C:/Users/Asus/.st_workbench/projects/B-G431B-ESC1/Src/mc_interface.c:1543:16:MCI_GetTeref_F	0	static
C:/Users/Asus/.st_workbench/projects/B-G431B-ESC1/Src/mc_interface.c:1559:16:MCI_GetPhaseCurrentAmplitude	0	static,ignoring_inline_asm
C:/Users/Asus/.st_workbench/projects/B-G431B-ESC1/Src/mc_interface.c:1588:16:MCI_GetPhaseVoltageAmplitude	8	static
C:/Users/Asus/.st_workbench/projects/B-G431B-ESC1/Src/mc_interface.c:1625:13:MCI_Clear_Iqdref	8	static
