C:/Users/Asus/.st_workbench/projects/B-G431B-ESC1/Src/mc_tasks.c:648:13:FOC_Clear	16	static
C:/Users/Asus/.st_workbench/projects/B-G431B-ESC1/Src/mc_tasks.c:105:13:MCboot	56	static
C:/Users/Asus/.st_workbench/projects/B-G431B-ESC1/Src/mc_tasks.c:684:13:FOC_InitAdditionalMethods	0	static
C:/Users/Asus/.st_workbench/projects/B-G431B-ESC1/Src/mc_tasks.c:707:13:FOC_CalcCurrRef	8	static
C:/Users/Asus/.st_workbench/projects/B-G431B-ESC1/Src/mc_tasks.c:734:13:TSK_SetChargeBootCapDelayM1	0	static
C:/Users/Asus/.st_workbench/projects/B-G431B-ESC1/Src/mc_tasks.c:745:13:TSK_ChargeBootCapDelayHasElapsedM1	0	static
C:/Users/Asus/.st_workbench/projects/B-G431B-ESC1/Src/mc_tasks.c:761:13:TSK_SetStopPermanencyTimeM1	0	static
C:/Users/Asus/.st_workbench/projects/B-G431B-ESC1/Src/mc_tasks.c:246:6:TSK_MF_StopProcessing	8	static
C:/Users/Asus/.st_workbench/projects/B-G431B-ESC1/Src/mc_tasks.c:772:13:TSK_StopPermanencyTimeHasElapsedM1	0	static
C:/Users/Asus/.st_workbench/projects/B-G431B-ESC1/Src/mc_tasks.c:343:13:TSK_MediumFrequencyTaskM1	24	static
C:/Users/Asus/.st_workbench/projects/B-G431B-ESC1/Src/mc_tasks.c:261:13:MC_Scheduler	16	static
C:/Users/Asus/.st_workbench/projects/B-G431B-ESC1/Src/mc_tasks.c:798:16:TSK_HighFrequencyTask	64	static
C:/Users/Asus/.st_workbench/projects/B-G431B-ESC1/Src/mc_tasks.c:958:13:TSK_SafetyTask_PWMOFF	32	static
C:/Users/Asus/.st_workbench/projects/B-G431B-ESC1/Src/mc_tasks.c:933:13:TSK_SafetyTask	8	static
C:/Users/Asus/.st_workbench/projects/B-G431B-ESC1/Src/mc_tasks.c:224:13:MC_RunMotorControlTasks	8	static
C:/Users/Asus/.st_workbench/projects/B-G431B-ESC1/Src/mc_tasks.c:1023:22:GetMCI	0	static
C:/Users/Asus/.st_workbench/projects/B-G431B-ESC1/Src/mc_tasks.c:1043:13:TSK_HardwareFaultTask	8	static
C:/Users/Asus/.st_workbench/projects/B-G431B-ESC1/Src/mc_tasks.c:1056:13:UI_HandleStartStopButton_cb	8	static
C:/Users/Asus/.st_workbench/projects/B-G431B-ESC1/Src/mc_tasks.c:1074:13:mc_lock_pins	88	static
