C:/Users/Asus/.st_workbench/projects/B-G431B-ESC1/Src/stm32g4xx_hal_msp.c:68:6:HAL_MspInit	16	static
C:/Users/Asus/.st_workbench/projects/B-G431B-ESC1/Src/stm32g4xx_hal_msp.c:98:6:HAL_ADC_MspInit	120	static
C:/Users/Asus/.st_workbench/projects/B-G431B-ESC1/Src/stm32g4xx_hal_msp.c:187:6:HAL_ADC_MspDeInit	8	static
C:/Users/Asus/.st_workbench/projects/B-G431B-ESC1/Src/stm32g4xx_hal_msp.c:261:6:HAL_COMP_MspInit	48	static
C:/Users/Asus/.st_workbench/projects/B-G431B-ESC1/Src/stm32g4xx_hal_msp.c:330:6:HAL_COMP_MspDeInit	0	static
C:/Users/Asus/.st_workbench/projects/B-G431B-ESC1/Src/stm32g4xx_hal_msp.c:386:6:HAL_CORDIC_MspInit	8	static
C:/Users/Asus/.st_workbench/projects/B-G431B-ESC1/Src/stm32g4xx_hal_msp.c:408:6:HAL_CORDIC_MspDeInit	0	static
C:/Users/Asus/.st_workbench/projects/B-G431B-ESC1/Src/stm32g4xx_hal_msp.c:430:6:HAL_DAC_MspInit	8	static
C:/Users/Asus/.st_workbench/projects/B-G431B-ESC1/Src/stm32g4xx_hal_msp.c:452:6:HAL_DAC_MspDeInit	0	static
C:/Users/Asus/.st_workbench/projects/B-G431B-ESC1/Src/stm32g4xx_hal_msp.c:474:6:HAL_OPAMP_MspInit	48	static
C:/Users/Asus/.st_workbench/projects/B-G431B-ESC1/Src/stm32g4xx_hal_msp.c:549:6:HAL_OPAMP_MspDeInit	0	static
C:/Users/Asus/.st_workbench/projects/B-G431B-ESC1/Src/stm32g4xx_hal_msp.c:611:6:HAL_TIM_Base_MspInit	8	static
C:/Users/Asus/.st_workbench/projects/B-G431B-ESC1/Src/stm32g4xx_hal_msp.c:627:6:HAL_TIM_MspPostInit	56	static
C:/Users/Asus/.st_workbench/projects/B-G431B-ESC1/Src/stm32g4xx_hal_msp.c:680:6:HAL_TIM_Base_MspDeInit	8	static
C:/Users/Asus/.st_workbench/projects/B-G431B-ESC1/Src/stm32g4xx_hal_msp.c:706:6:HAL_UART_MspInit	112	static
C:/Users/Asus/.st_workbench/projects/B-G431B-ESC1/Src/stm32g4xx_hal_msp.c:787:6:HAL_UART_MspDeInit	8	static
