C:/Users/Asus/.st_workbench/projects/STEVAL_SPIN3201/Src/mc_tasks.c:642:13:FOC_Clear	8	static
C:/Users/Asus/.st_workbench/projects/STEVAL_SPIN3201/Src/mc_tasks.c:105:13:MCboot	48	static
C:/Users/Asus/.st_workbench/projects/STEVAL_SPIN3201/Src/mc_tasks.c:678:13:FOC_InitAdditionalMethods	0	static
C:/Users/Asus/.st_workbench/projects/STEVAL_SPIN3201/Src/mc_tasks.c:701:13:FOC_CalcCurrRef	8	static
C:/Users/Asus/.st_workbench/projects/STEVAL_SPIN3201/Src/mc_tasks.c:728:13:TSK_SetChargeBootCapDelayM1	0	static
C:/Users/Asus/.st_workbench/projects/STEVAL_SPIN3201/Src/mc_tasks.c:739:13:TSK_ChargeBootCapDelayHasElapsedM1	0	static
C:/Users/Asus/.st_workbench/projects/STEVAL_SPIN3201/Src/mc_tasks.c:755:13:TSK_SetStopPermanencyTimeM1	0	static
C:/Users/Asus/.st_workbench/projects/STEVAL_SPIN3201/Src/mc_tasks.c:240:6:TSK_MF_StopProcessing	16	static
C:/Users/Asus/.st_workbench/projects/STEVAL_SPIN3201/Src/mc_tasks.c:766:13:TSK_StopPermanencyTimeHasElapsedM1	0	static
C:/Users/Asus/.st_workbench/projects/STEVAL_SPIN3201/Src/mc_tasks.c:337:13:TSK_MediumFrequencyTaskM1	32	static
C:/Users/Asus/.st_workbench/projects/STEVAL_SPIN3201/Src/mc_tasks.c:255:13:MC_Scheduler	16	static
C:/Users/Asus/.st_workbench/projects/STEVAL_SPIN3201/Src/mc_tasks.c:792:16:TSK_HighFrequencyTask	64	static
C:/Users/Asus/.st_workbench/projects/STEVAL_SPIN3201/Src/mc_tasks.c:942:13:TSK_SafetyTask_PWMOFF	24	static
C:/Users/Asus/.st_workbench/projects/STEVAL_SPIN3201/Src/mc_tasks.c:917:13:TSK_SafetyTask	8	static
C:/Users/Asus/.st_workbench/projects/STEVAL_SPIN3201/Src/mc_tasks.c:218:13:MC_RunMotorControlTasks	8	static
C:/Users/Asus/.st_workbench/projects/STEVAL_SPIN3201/Src/mc_tasks.c:990:22:GetMCI	0	static
C:/Users/Asus/.st_workbench/projects/STEVAL_SPIN3201/Src/mc_tasks.c:1010:13:TSK_HardwareFaultTask	8	static
C:/Users/Asus/.st_workbench/projects/STEVAL_SPIN3201/Src/mc_tasks.c:1023:13:UI_HandleStartStopButton_cb	8	static
C:/Users/Asus/.st_workbench/projects/STEVAL_SPIN3201/Src/mc_tasks.c:1041:13:mc_lock_pins	48	static
