C:/Users/Asus/.st_workbench/projects/STEVAL_SPIN3201/Src/stm32f0xx_hal_msp.c:70:6:HAL_MspInit	8	static
C:/Users/Asus/.st_workbench/projects/STEVAL_SPIN3201/Src/stm32f0xx_hal_msp.c:92:6:HAL_ADC_MspInit	56	static
C:/Users/Asus/.st_workbench/projects/STEVAL_SPIN3201/Src/stm32f0xx_hal_msp.c:151:6:HAL_ADC_MspDeInit	8	static
C:/Users/Asus/.st_workbench/projects/STEVAL_SPIN3201/Src/stm32f0xx_hal_msp.c:186:6:HAL_TIM_PWM_MspInit	40	static
C:/Users/Asus/.st_workbench/projects/STEVAL_SPIN3201/Src/stm32f0xx_hal_msp.c:215:6:HAL_TIM_MspPostInit	48	static
C:/Users/Asus/.st_workbench/projects/STEVAL_SPIN3201/Src/stm32f0xx_hal_msp.c:260:6:HAL_TIM_PWM_MspDeInit	8	static
C:/Users/Asus/.st_workbench/projects/STEVAL_SPIN3201/Src/stm32f0xx_hal_msp.c:298:6:HAL_UART_MspInit	48	static
C:/Users/Asus/.st_workbench/projects/STEVAL_SPIN3201/Src/stm32f0xx_hal_msp.c:367:6:HAL_UART_MspDeInit	8	static
