C:/Users/Asus/.st_workbench/projects/workbench6Altenmotordrivercode/Src/mc_tasks.c:569:13:SixStep_Clear	16	static
C:/Users/Asus/.st_workbench/projects/workbench6Altenmotordrivercode/Src/mc_tasks.c:103:13:MCboot	32	static
C:/Users/Asus/.st_workbench/projects/workbench6Altenmotordrivercode/Src/mc_tasks.c:599:13:SixStep_InitAdditionalMethods	0	static
C:/Users/Asus/.st_workbench/projects/workbench6Altenmotordrivercode/Src/mc_tasks.c:615:13:SixStep_CalcSpeedRef	16	static
C:/Users/Asus/.st_workbench/projects/workbench6Altenmotordrivercode/Src/mc_tasks.c:640:13:TSK_SetChargeBootCapDelayM1	0	static
C:/Users/Asus/.st_workbench/projects/workbench6Altenmotordrivercode/Src/mc_tasks.c:651:13:TSK_ChargeBootCapDelayHasElapsedM1	0	static
C:/Users/Asus/.st_workbench/projects/workbench6Altenmotordrivercode/Src/mc_tasks.c:667:13:TSK_SetStopPermanencyTimeM1	0	static
C:/Users/Asus/.st_workbench/projects/workbench6Altenmotordrivercode/Src/mc_tasks.c:220:6:TSK_MF_StopProcessing	8	static
C:/Users/Asus/.st_workbench/projects/workbench6Altenmotordrivercode/Src/mc_tasks.c:678:13:TSK_StopPermanencyTimeHasElapsedM1	0	static
C:/Users/Asus/.st_workbench/projects/workbench6Altenmotordrivercode/Src/mc_tasks.c:316:13:TSK_MediumFrequencyTaskM1	32	static
C:/Users/Asus/.st_workbench/projects/workbench6Altenmotordrivercode/Src/mc_tasks.c:234:13:MC_Scheduler	16	static
C:/Users/Asus/.st_workbench/projects/workbench6Altenmotordrivercode/Src/mc_tasks.c:704:16:TSK_HighFrequencyTask	40	static
C:/Users/Asus/.st_workbench/projects/workbench6Altenmotordrivercode/Src/mc_tasks.c:837:13:TSK_SafetyTask_PWMOFF	24	static
C:/Users/Asus/.st_workbench/projects/workbench6Altenmotordrivercode/Src/mc_tasks.c:812:13:TSK_SafetyTask	8	static
C:/Users/Asus/.st_workbench/projects/workbench6Altenmotordrivercode/Src/mc_tasks.c:198:13:MC_RunMotorControlTasks	8	static
C:/Users/Asus/.st_workbench/projects/workbench6Altenmotordrivercode/Src/mc_tasks.c:881:13:TSK_HardwareFaultTask	8	static
C:/Users/Asus/.st_workbench/projects/workbench6Altenmotordrivercode/Src/mc_tasks.c:894:13:UI_HandleStartStopButton_cb	8	static
C:/Users/Asus/.st_workbench/projects/workbench6Altenmotordrivercode/Src/mc_tasks.c:912:13:mc_lock_pins	56	static
