C:/Users/Asus/.st_workbench/projects/workbench6Altenmotordrivercode/Src/mc_tasks.c:568:13:SixStep_Clear	16	static
C:/Users/Asus/.st_workbench/projects/workbench6Altenmotordrivercode/Src/mc_tasks.c:103:13:MCboot	32	static
C:/Users/Asus/.st_workbench/projects/workbench6Altenmotordrivercode/Src/mc_tasks.c:591:13:SixStep_InitAdditionalMethods	0	static
C:/Users/Asus/.st_workbench/projects/workbench6Altenmotordrivercode/Src/mc_tasks.c:607:13:SixStep_CalcSpeedRef	16	static
C:/Users/Asus/.st_workbench/projects/workbench6Altenmotordrivercode/Src/mc_tasks.c:632:13:TSK_SetChargeBootCapDelayM1	0	static
C:/Users/Asus/.st_workbench/projects/workbench6Altenmotordrivercode/Src/mc_tasks.c:643:13:TSK_ChargeBootCapDelayHasElapsedM1	0	static
C:/Users/Asus/.st_workbench/projects/workbench6Altenmotordrivercode/Src/mc_tasks.c:659:13:TSK_SetStopPermanencyTimeM1	0	static
C:/Users/Asus/.st_workbench/projects/workbench6Altenmotordrivercode/Src/mc_tasks.c:219:6:TSK_MF_StopProcessing	8	static
C:/Users/Asus/.st_workbench/projects/workbench6Altenmotordrivercode/Src/mc_tasks.c:670:13:TSK_StopPermanencyTimeHasElapsedM1	0	static
C:/Users/Asus/.st_workbench/projects/workbench6Altenmotordrivercode/Src/mc_tasks.c:315:13:TSK_MediumFrequencyTaskM1	32	static
C:/Users/Asus/.st_workbench/projects/workbench6Altenmotordrivercode/Src/mc_tasks.c:233:13:MC_Scheduler	16	static
C:/Users/Asus/.st_workbench/projects/workbench6Altenmotordrivercode/Src/mc_tasks.c:696:16:TSK_HighFrequencyTask	40	static
C:/Users/Asus/.st_workbench/projects/workbench6Altenmotordrivercode/Src/mc_tasks.c:835:13:TSK_SafetyTask_PWMOFF	24	static
C:/Users/Asus/.st_workbench/projects/workbench6Altenmotordrivercode/Src/mc_tasks.c:810:13:TSK_SafetyTask	8	static
C:/Users/Asus/.st_workbench/projects/workbench6Altenmotordrivercode/Src/mc_tasks.c:197:13:MC_RunMotorControlTasks	8	static
C:/Users/Asus/.st_workbench/projects/workbench6Altenmotordrivercode/Src/mc_tasks.c:879:13:TSK_HardwareFaultTask	8	static
C:/Users/Asus/.st_workbench/projects/workbench6Altenmotordrivercode/Src/mc_tasks.c:892:13:UI_HandleStartStopButton_cb	8	static
C:/Users/Asus/.st_workbench/projects/workbench6Altenmotordrivercode/Src/mc_tasks.c:910:13:mc_lock_pins	56	static
