C:/Users/Asus/.st_workbench/projects/workbench6Altenmotordrivercode/Src/stm32f0xx_hal_msp.c:66:6:HAL_MspInit	8	static
C:/Users/Asus/.st_workbench/projects/workbench6Altenmotordrivercode/Src/stm32f0xx_hal_msp.c:88:6:HAL_ADC_MspInit	56	static
C:/Users/Asus/.st_workbench/projects/workbench6Altenmotordrivercode/Src/stm32f0xx_hal_msp.c:147:6:HAL_ADC_MspDeInit	8	static
C:/Users/Asus/.st_workbench/projects/workbench6Altenmotordrivercode/Src/stm32f0xx_hal_msp.c:182:6:HAL_I2C_MspInit	40	static
C:/Users/Asus/.st_workbench/projects/workbench6Altenmotordrivercode/Src/stm32f0xx_hal_msp.c:221:6:HAL_I2C_MspDeInit	8	static
C:/Users/Asus/.st_workbench/projects/workbench6Altenmotordrivercode/Src/stm32f0xx_hal_msp.c:254:6:HAL_TIM_PWM_MspInit	40	static
C:/Users/Asus/.st_workbench/projects/workbench6Altenmotordrivercode/Src/stm32f0xx_hal_msp.c:289:6:HAL_TIM_Base_MspInit	8	static
C:/Users/Asus/.st_workbench/projects/workbench6Altenmotordrivercode/Src/stm32f0xx_hal_msp.c:316:6:HAL_TIM_MspPostInit	56	static
C:/Users/Asus/.st_workbench/projects/workbench6Altenmotordrivercode/Src/stm32f0xx_hal_msp.c:381:6:HAL_TIM_PWM_MspDeInit	8	static
C:/Users/Asus/.st_workbench/projects/workbench6Altenmotordrivercode/Src/stm32f0xx_hal_msp.c:419:6:HAL_TIM_Base_MspDeInit	8	static
