C:/Users/Asus/.st_workbench/projects/TestBallRunningMotor/Src/stm32f0xx_mc_it.c:75:6:TIM1_BRK_UP_TRG_COM_IRQHandler	8	static
C:/Users/Asus/.st_workbench/projects/TestBallRunningMotor/Src/stm32f0xx_mc_it.c:110:6:DMA1_Channel1_IRQHandler	8	static
C:/Users/Asus/.st_workbench/projects/TestBallRunningMotor/Src/stm32f0xx_mc_it.c:134:6:TIM2_IRQHandler	8	static
C:/Users/Asus/.st_workbench/projects/TestBallRunningMotor/Src/stm32f0xx_mc_it.c:146:6:DMA1_Channel2_3_IRQHandler	8	static
C:/Users/Asus/.st_workbench/projects/TestBallRunningMotor/Src/stm32f0xx_mc_it.c:155:6:USART1_IRQHandler	8	static,ignoring_inline_asm
C:/Users/Asus/.st_workbench/projects/TestBallRunningMotor/Src/stm32f0xx_mc_it.c:196:6:HardFault_Handler	8	static
C:/Users/Asus/.st_workbench/projects/TestBallRunningMotor/Src/stm32f0xx_mc_it.c:214:6:SysTick_Handler	8	static
C:/Users/Asus/.st_workbench/projects/TestBallRunningMotor/Src/stm32f0xx_mc_it.c:258:6:EXTI0_1_IRQHandler	8	static
