C:/Users/Asus/.st_workbench/projects/B-G431B-ESC1_6STEP/Src/stm32g4xx_mc_it.c:71:6:ADC1_2_IRQHandler	8	static
C:/Users/Asus/.st_workbench/projects/B-G431B-ESC1_6STEP/Src/stm32g4xx_mc_it.c:109:6:TIM2_IRQHandler	8	static
C:/Users/Asus/.st_workbench/projects/B-G431B-ESC1_6STEP/Src/stm32g4xx_mc_it.c:140:6:TIM1_UP_TIM16_IRQHandler	0	static
C:/Users/Asus/.st_workbench/projects/B-G431B-ESC1_6STEP/Src/stm32g4xx_mc_it.c:153:6:TIM1_BRK_TIM15_IRQHandler	8	static
C:/Users/Asus/.st_workbench/projects/B-G431B-ESC1_6STEP/Src/stm32g4xx_mc_it.c:191:6:DMA1_Channel1_IRQHandler	0	static
C:/Users/Asus/.st_workbench/projects/B-G431B-ESC1_6STEP/Src/stm32g4xx_mc_it.c:219:6:USART2_IRQHandler	8	static,ignoring_inline_asm
C:/Users/Asus/.st_workbench/projects/B-G431B-ESC1_6STEP/Src/stm32g4xx_mc_it.c:295:6:HardFault_Handler	8	static
C:/Users/Asus/.st_workbench/projects/B-G431B-ESC1_6STEP/Src/stm32g4xx_mc_it.c:313:6:SysTick_Handler	8	static
C:/Users/Asus/.st_workbench/projects/B-G431B-ESC1_6STEP/Src/stm32g4xx_mc_it.c:341:6:EXTI15_10_IRQHandler	0	static
