C:/Users/Asus/.st_workbench/projects/B-G431B-ESC1/MCSDK_v6.2.1-Full/MotorControl/MCSDK/MCLib/G4xx/Src/r3_2_g4xx_pwm_curr_fdbk.c:255:13:R3_2_ADCxInit	8	static
C:/Users/Asus/.st_workbench/projects/B-G431B-ESC1/MCSDK_v6.2.1-Full/MotorControl/MCSDK/MCLib/G4xx/Src/r3_2_g4xx_pwm_curr_fdbk.c:574:13:R3_2_GetPhaseCurrents	12	static
C:/Users/Asus/.st_workbench/projects/B-G431B-ESC1/MCSDK_v6.2.1-Full/MotorControl/MCSDK/MCLib/G4xx/Src/r3_2_g4xx_pwm_curr_fdbk.c:1083:10:R3_2_SetADCSampPointPolarization	4	static
C:/Users/Asus/.st_workbench/projects/B-G431B-ESC1/MCSDK_v6.2.1-Full/MotorControl/MCSDK/MCLib/G4xx/Src/r3_2_g4xx_pwm_curr_fdbk.c:1302:13:R3_2_HFCurrentsPolarizationAB	8	static
C:/Users/Asus/.st_workbench/projects/B-G431B-ESC1/MCSDK_v6.2.1-Full/MotorControl/MCSDK/MCLib/G4xx/Src/r3_2_g4xx_pwm_curr_fdbk.c:1352:13:R3_2_HFCurrentsPolarizationC	4	static
C:/Users/Asus/.st_workbench/projects/B-G431B-ESC1/MCSDK_v6.2.1-Full/MotorControl/MCSDK/MCLib/G4xx/Src/r3_2_g4xx_pwm_curr_fdbk.c:1442:13:R3_2_SwitchOnPWM	12	static
C:/Users/Asus/.st_workbench/projects/B-G431B-ESC1/MCSDK_v6.2.1-Full/MotorControl/MCSDK/MCLib/G4xx/Src/r3_2_g4xx_pwm_curr_fdbk.c:1501:13:R3_2_SwitchOffPWM	8	static
C:/Users/Asus/.st_workbench/projects/B-G431B-ESC1/MCSDK_v6.2.1-Full/MotorControl/MCSDK/MCLib/G4xx/Src/r3_2_g4xx_pwm_curr_fdbk.c:1883:13:R3_2_RLGetPhaseCurrents	4	static
C:/Users/Asus/.st_workbench/projects/B-G431B-ESC1/MCSDK_v6.2.1-Full/MotorControl/MCSDK/MCLib/G4xx/Src/r3_2_g4xx_pwm_curr_fdbk.c:1979:13:R3_2_RLSwitchOnPWM	4	static
C:/Users/Asus/.st_workbench/projects/B-G431B-ESC1/MCSDK_v6.2.1-Full/MotorControl/MCSDK/MCLib/G4xx/Src/r3_2_g4xx_pwm_curr_fdbk.c:1400:13:R3_2_TurnOnLowSides	4	static
C:/Users/Asus/.st_workbench/projects/B-G431B-ESC1/MCSDK_v6.2.1-Full/MotorControl/MCSDK/MCLib/G4xx/Src/r3_2_g4xx_pwm_curr_fdbk.c:1632:13:R3_2_SetAOReferenceVoltage	16	static
C:/Users/Asus/.st_workbench/projects/B-G431B-ESC1/MCSDK_v6.2.1-Full/MotorControl/MCSDK/MCLib/G4xx/Src/r3_2_g4xx_pwm_curr_fdbk.c:1938:13:R3_2_RLTurnOnLowSides	4	static
C:/Users/Asus/.st_workbench/projects/B-G431B-ESC1/MCSDK_v6.2.1-Full/MotorControl/MCSDK/MCLib/G4xx/Src/r3_2_g4xx_pwm_curr_fdbk.c:74:13:R3_2_Init	64	static
C:/Users/Asus/.st_workbench/projects/B-G431B-ESC1/MCSDK_v6.2.1-Full/MotorControl/MCSDK/MCLib/G4xx/Src/r3_2_g4xx_pwm_curr_fdbk.c:401:13:R3_2_SetOffsetCalib	4	static
C:/Users/Asus/.st_workbench/projects/B-G431B-ESC1/MCSDK_v6.2.1-Full/MotorControl/MCSDK/MCLib/G4xx/Src/r3_2_g4xx_pwm_curr_fdbk.c:426:13:R3_2_GetOffsetCalib	0	static
C:/Users/Asus/.st_workbench/projects/B-G431B-ESC1/MCSDK_v6.2.1-Full/MotorControl/MCSDK/MCLib/G4xx/Src/r3_2_g4xx_pwm_curr_fdbk.c:452:13:R3_2_CurrentReadingPolarization	40	static
C:/Users/Asus/.st_workbench/projects/B-G431B-ESC1/MCSDK_v6.2.1-Full/MotorControl/MCSDK/MCLib/G4xx/Src/r3_2_g4xx_pwm_curr_fdbk.c:746:13:R3_2_GetPhaseCurrents_OVM	12	static
C:/Users/Asus/.st_workbench/projects/B-G431B-ESC1/MCSDK_v6.2.1-Full/MotorControl/MCSDK/MCLib/G4xx/Src/r3_2_g4xx_pwm_curr_fdbk.c:1107:10:R3_2_SetADCSampPointSectX	12	static
C:/Users/Asus/.st_workbench/projects/B-G431B-ESC1/MCSDK_v6.2.1-Full/MotorControl/MCSDK/MCLib/G4xx/Src/r3_2_g4xx_pwm_curr_fdbk.c:1190:10:R3_2_SetADCSampPointSectX_OVM	12	static
C:/Users/Asus/.st_workbench/projects/B-G431B-ESC1/MCSDK_v6.2.1-Full/MotorControl/MCSDK/MCLib/G4xx/Src/r3_2_g4xx_pwm_curr_fdbk.c:1555:14:R3_2_TIMx_UP_IRQHandler	20	static
C:/Users/Asus/.st_workbench/projects/B-G431B-ESC1/MCSDK_v6.2.1-Full/MotorControl/MCSDK/MCLib/G4xx/Src/r3_2_g4xx_pwm_curr_fdbk.c:1666:6:R3_2_RLDetectionModeEnable	4	static
C:/Users/Asus/.st_workbench/projects/B-G431B-ESC1/MCSDK_v6.2.1-Full/MotorControl/MCSDK/MCLib/G4xx/Src/r3_2_g4xx_pwm_curr_fdbk.c:1722:6:R3_2_RLDetectionModeDisable	4	static
C:/Users/Asus/.st_workbench/projects/B-G431B-ESC1/MCSDK_v6.2.1-Full/MotorControl/MCSDK/MCLib/G4xx/Src/r3_2_g4xx_pwm_curr_fdbk.c:1807:10:R3_2_RLDetectionModeSetDuty	4	static
C:/Users/Asus/.st_workbench/projects/B-G431B-ESC1/MCSDK_v6.2.1-Full/MotorControl/MCSDK/MCLib/G4xx/Src/r3_2_g4xx_pwm_curr_fdbk.c:2058:6:R3_2_RLTurnOnLowSidesAndStart	8	static
