C:/Users/Asus/.st_workbench/projects/TestBallRunningMotor/MCSDK_v6.2.1-Full/MotorControl/MCSDK/MCLib/F0xx/Src/f0xx_bemf_ADC_fdbk.c:61:13:BADC_Init	24	static
C:/Users/Asus/.st_workbench/projects/TestBallRunningMotor/MCSDK_v6.2.1-Full/MotorControl/MCSDK/MCLib/F0xx/Src/f0xx_bemf_ADC_fdbk.c:174:13:BADC_Clear	8	static
C:/Users/Asus/.st_workbench/projects/TestBallRunningMotor/MCSDK_v6.2.1-Full/MotorControl/MCSDK/MCLib/F0xx/Src/f0xx_bemf_ADC_fdbk.c:215:13:BADC_Start	20	static
C:/Users/Asus/.st_workbench/projects/TestBallRunningMotor/MCSDK_v6.2.1-Full/MotorControl/MCSDK/MCLib/F0xx/Src/f0xx_bemf_ADC_fdbk.c:258:13:BADC_Stop	0	static
C:/Users/Asus/.st_workbench/projects/TestBallRunningMotor/MCSDK_v6.2.1-Full/MotorControl/MCSDK/MCLib/F0xx/Src/f0xx_bemf_ADC_fdbk.c:273:13:BADC_SpeedMeasureOn	0	static
C:/Users/Asus/.st_workbench/projects/TestBallRunningMotor/MCSDK_v6.2.1-Full/MotorControl/MCSDK/MCLib/F0xx/Src/f0xx_bemf_ADC_fdbk.c:283:13:BADC_SpeedMeasureOff	0	static
C:/Users/Asus/.st_workbench/projects/TestBallRunningMotor/MCSDK_v6.2.1-Full/MotorControl/MCSDK/MCLib/F0xx/Src/f0xx_bemf_ADC_fdbk.c:296:13:BADC_SetSamplingPoint	8	static
C:/Users/Asus/.st_workbench/projects/TestBallRunningMotor/MCSDK_v6.2.1-Full/MotorControl/MCSDK/MCLib/F0xx/Src/f0xx_bemf_ADC_fdbk.c:330:13:BADC_IsZcDetected	24	static
C:/Users/Asus/.st_workbench/projects/TestBallRunningMotor/MCSDK_v6.2.1-Full/MotorControl/MCSDK/MCLib/F0xx/Src/f0xx_bemf_ADC_fdbk.c:523:13:BADC_CalcAvrgMecSpeedUnit	24	static
C:/Users/Asus/.st_workbench/projects/TestBallRunningMotor/MCSDK_v6.2.1-Full/MotorControl/MCSDK/MCLib/F0xx/Src/f0xx_bemf_ADC_fdbk.c:564:13:BADC_IsSpeedReliable	0	static
C:/Users/Asus/.st_workbench/projects/TestBallRunningMotor/MCSDK_v6.2.1-Full/MotorControl/MCSDK/MCLib/F0xx/Src/f0xx_bemf_ADC_fdbk.c:586:13:BADC_SetDirection	0	static
C:/Users/Asus/.st_workbench/projects/TestBallRunningMotor/MCSDK_v6.2.1-Full/MotorControl/MCSDK/MCLib/F0xx/Src/f0xx_bemf_ADC_fdbk.c:608:13:BADC_IsObserverConverged	0	static
C:/Users/Asus/.st_workbench/projects/TestBallRunningMotor/MCSDK_v6.2.1-Full/MotorControl/MCSDK/MCLib/F0xx/Src/f0xx_bemf_ADC_fdbk.c:620:6:BADC_SelectAdcChannel	16	static
C:/Users/Asus/.st_workbench/projects/TestBallRunningMotor/MCSDK_v6.2.1-Full/MotorControl/MCSDK/MCLib/F0xx/Src/f0xx_bemf_ADC_fdbk.c:640:16:BADC_CalcElAngle	8	static
C:/Users/Asus/.st_workbench/projects/TestBallRunningMotor/MCSDK_v6.2.1-Full/MotorControl/MCSDK/MCLib/F0xx/Src/f0xx_bemf_ADC_fdbk.c:673:6:BADC_CalcAvrgElSpeedDpp	24	static
C:/Users/Asus/.st_workbench/projects/TestBallRunningMotor/MCSDK_v6.2.1-Full/MotorControl/MCSDK/MCLib/F0xx/Src/f0xx_bemf_ADC_fdbk.c:750:6:BADC_StepChangeEvent	16	static
C:/Users/Asus/.st_workbench/projects/TestBallRunningMotor/MCSDK_v6.2.1-Full/MotorControl/MCSDK/MCLib/F0xx/Src/f0xx_bemf_ADC_fdbk.c:801:6:BADC_CalcRevUpDemagTime	8	static
C:/Users/Asus/.st_workbench/projects/TestBallRunningMotor/MCSDK_v6.2.1-Full/MotorControl/MCSDK/MCLib/F0xx/Src/f0xx_bemf_ADC_fdbk.c:826:6:BADC_CalcRunDemagTime	8	static
C:/Users/Asus/.st_workbench/projects/TestBallRunningMotor/MCSDK_v6.2.1-Full/MotorControl/MCSDK/MCLib/F0xx/Src/f0xx_bemf_ADC_fdbk.c:850:6:BADC_SetLoopClosed	0	static
C:/Users/Asus/.st_workbench/projects/TestBallRunningMotor/MCSDK_v6.2.1-Full/MotorControl/MCSDK/MCLib/F0xx/Src/f0xx_bemf_ADC_fdbk.c:861:10:BADC_GetLastBemfValue	0	static
C:/Users/Asus/.st_workbench/projects/TestBallRunningMotor/MCSDK_v6.2.1-Full/MotorControl/MCSDK/MCLib/F0xx/Src/f0xx_bemf_ADC_fdbk.c:871:6:BADC_GetBemfZcrFlag	0	static
C:/Users/Asus/.st_workbench/projects/TestBallRunningMotor/MCSDK_v6.2.1-Full/MotorControl/MCSDK/MCLib/F0xx/Src/f0xx_bemf_ADC_fdbk.c:881:6:BADC_ClearStepUpdate	0	static
C:/Users/Asus/.st_workbench/projects/TestBallRunningMotor/MCSDK_v6.2.1-Full/MotorControl/MCSDK/MCLib/F0xx/Src/f0xx_bemf_ADC_fdbk.c:895:6:BADC_SetBemfSensorlessParam	8	static
C:/Users/Asus/.st_workbench/projects/TestBallRunningMotor/MCSDK_v6.2.1-Full/MotorControl/MCSDK/MCLib/F0xx/Src/f0xx_bemf_ADC_fdbk.c:913:6:BADC_SetBemfOnTimeSensorlessParam	8	static
C:/Users/Asus/.st_workbench/projects/TestBallRunningMotor/MCSDK_v6.2.1-Full/MotorControl/MCSDK/MCLib/F0xx/Src/f0xx_bemf_ADC_fdbk.c:930:6:BADC_GetBemfSensorlessParam	8	static
C:/Users/Asus/.st_workbench/projects/TestBallRunningMotor/MCSDK_v6.2.1-Full/MotorControl/MCSDK/MCLib/F0xx/Src/f0xx_bemf_ADC_fdbk.c:948:6:BADC_GetBemfOnTimeSensorlessParam	8	static
