Archive member included to satisfy reference by file (symbol)

C:/ST/STM32CubeIDE_1.14.1/STM32CubeIDE/plugins/com.st.stm32cube.ide.mcu.externaltools.gnu-tools-for-stm32.11.3.rel1.win32_1.1.100.202309141235/tools/bin/../lib/gcc/arm-none-eabi/11.3.1/../../../../arm-none-eabi/lib/thumb/v6-m/nofp\libc_nano.a(libc_a-exit.o)
                              C:/ST/STM32CubeIDE_1.14.1/STM32CubeIDE/plugins/com.st.stm32cube.ide.mcu.externaltools.gnu-tools-for-stm32.11.3.rel1.win32_1.1.100.202309141235/tools/bin/../lib/gcc/arm-none-eabi/11.3.1/../../../../arm-none-eabi/lib/thumb/v6-m/nofp/crt0.o (exit)
C:/ST/STM32CubeIDE_1.14.1/STM32CubeIDE/plugins/com.st.stm32cube.ide.mcu.externaltools.gnu-tools-for-stm32.11.3.rel1.win32_1.1.100.202309141235/tools/bin/../lib/gcc/arm-none-eabi/11.3.1/../../../../arm-none-eabi/lib/thumb/v6-m/nofp\libc_nano.a(libc_a-findfp.o)
                              C:/ST/STM32CubeIDE_1.14.1/STM32CubeIDE/plugins/com.st.stm32cube.ide.mcu.externaltools.gnu-tools-for-stm32.11.3.rel1.win32_1.1.100.202309141235/tools/bin/../lib/gcc/arm-none-eabi/11.3.1/../../../../arm-none-eabi/lib/thumb/v6-m/nofp\libc_nano.a(libc_a-exit.o) (__stdio_exit_handler)
C:/ST/STM32CubeIDE_1.14.1/STM32CubeIDE/plugins/com.st.stm32cube.ide.mcu.externaltools.gnu-tools-for-stm32.11.3.rel1.win32_1.1.100.202309141235/tools/bin/../lib/gcc/arm-none-eabi/11.3.1/../../../../arm-none-eabi/lib/thumb/v6-m/nofp\libc_nano.a(libc_a-fwalk.o)
                              C:/ST/STM32CubeIDE_1.14.1/STM32CubeIDE/plugins/com.st.stm32cube.ide.mcu.externaltools.gnu-tools-for-stm32.11.3.rel1.win32_1.1.100.202309141235/tools/bin/../lib/gcc/arm-none-eabi/11.3.1/../../../../arm-none-eabi/lib/thumb/v6-m/nofp\libc_nano.a(libc_a-findfp.o) (_fwalk_sglue)
C:/ST/STM32CubeIDE_1.14.1/STM32CubeIDE/plugins/com.st.stm32cube.ide.mcu.externaltools.gnu-tools-for-stm32.11.3.rel1.win32_1.1.100.202309141235/tools/bin/../lib/gcc/arm-none-eabi/11.3.1/../../../../arm-none-eabi/lib/thumb/v6-m/nofp\libc_nano.a(libc_a-stdio.o)
                              C:/ST/STM32CubeIDE_1.14.1/STM32CubeIDE/plugins/com.st.stm32cube.ide.mcu.externaltools.gnu-tools-for-stm32.11.3.rel1.win32_1.1.100.202309141235/tools/bin/../lib/gcc/arm-none-eabi/11.3.1/../../../../arm-none-eabi/lib/thumb/v6-m/nofp\libc_nano.a(libc_a-findfp.o) (__sread)
C:/ST/STM32CubeIDE_1.14.1/STM32CubeIDE/plugins/com.st.stm32cube.ide.mcu.externaltools.gnu-tools-for-stm32.11.3.rel1.win32_1.1.100.202309141235/tools/bin/../lib/gcc/arm-none-eabi/11.3.1/../../../../arm-none-eabi/lib/thumb/v6-m/nofp\libc_nano.a(libc_a-memset.o)
                              C:/ST/STM32CubeIDE_1.14.1/STM32CubeIDE/plugins/com.st.stm32cube.ide.mcu.externaltools.gnu-tools-for-stm32.11.3.rel1.win32_1.1.100.202309141235/tools/bin/../lib/gcc/arm-none-eabi/11.3.1/../../../../arm-none-eabi/lib/thumb/v6-m/nofp/crt0.o (memset)
C:/ST/STM32CubeIDE_1.14.1/STM32CubeIDE/plugins/com.st.stm32cube.ide.mcu.externaltools.gnu-tools-for-stm32.11.3.rel1.win32_1.1.100.202309141235/tools/bin/../lib/gcc/arm-none-eabi/11.3.1/../../../../arm-none-eabi/lib/thumb/v6-m/nofp\libc_nano.a(libc_a-closer.o)
                              C:/ST/STM32CubeIDE_1.14.1/STM32CubeIDE/plugins/com.st.stm32cube.ide.mcu.externaltools.gnu-tools-for-stm32.11.3.rel1.win32_1.1.100.202309141235/tools/bin/../lib/gcc/arm-none-eabi/11.3.1/../../../../arm-none-eabi/lib/thumb/v6-m/nofp\libc_nano.a(libc_a-stdio.o) (_close_r)
C:/ST/STM32CubeIDE_1.14.1/STM32CubeIDE/plugins/com.st.stm32cube.ide.mcu.externaltools.gnu-tools-for-stm32.11.3.rel1.win32_1.1.100.202309141235/tools/bin/../lib/gcc/arm-none-eabi/11.3.1/../../../../arm-none-eabi/lib/thumb/v6-m/nofp\libc_nano.a(libc_a-reent.o)
                              C:/ST/STM32CubeIDE_1.14.1/STM32CubeIDE/plugins/com.st.stm32cube.ide.mcu.externaltools.gnu-tools-for-stm32.11.3.rel1.win32_1.1.100.202309141235/tools/bin/../lib/gcc/arm-none-eabi/11.3.1/../../../../arm-none-eabi/lib/thumb/v6-m/nofp\libc_nano.a(libc_a-closer.o) (errno)
C:/ST/STM32CubeIDE_1.14.1/STM32CubeIDE/plugins/com.st.stm32cube.ide.mcu.externaltools.gnu-tools-for-stm32.11.3.rel1.win32_1.1.100.202309141235/tools/bin/../lib/gcc/arm-none-eabi/11.3.1/../../../../arm-none-eabi/lib/thumb/v6-m/nofp\libc_nano.a(libc_a-impure.o)
                              C:/ST/STM32CubeIDE_1.14.1/STM32CubeIDE/plugins/com.st.stm32cube.ide.mcu.externaltools.gnu-tools-for-stm32.11.3.rel1.win32_1.1.100.202309141235/tools/bin/../lib/gcc/arm-none-eabi/11.3.1/../../../../arm-none-eabi/lib/thumb/v6-m/nofp\libc_nano.a(libc_a-reent.o) (_impure_ptr)
C:/ST/STM32CubeIDE_1.14.1/STM32CubeIDE/plugins/com.st.stm32cube.ide.mcu.externaltools.gnu-tools-for-stm32.11.3.rel1.win32_1.1.100.202309141235/tools/bin/../lib/gcc/arm-none-eabi/11.3.1/../../../../arm-none-eabi/lib/thumb/v6-m/nofp\libc_nano.a(libc_a-lseekr.o)
[...]
Memory Configuration

Name             Origin             Length             Attributes
RAM              0x0000000020000000 0x0000000000001000 xrw
FLASH            0x0000000008000000 0x0000000000008000 xr
*default*        0x0000000000000000 0xffffffffffffffff

Linker script and memory map

LOAD C:/ST/STM32CubeIDE_1.14.1/STM32CubeIDE/plugins/com.st.stm32cube.ide.mcu.externaltools.gnu-tools-for-stm32.11.3.rel1.win32_1.1.100.202309141235/tools/bin/../lib/gcc/arm-none-eabi/11.3.1/thumb/v6-m/nofp/crti.o
LOAD C:/ST/STM32CubeIDE_1.14.1/STM32CubeIDE/plugins/com.st.stm32cube.ide.mcu.externaltools.gnu-tools-for-stm32.11.3.rel1.win32_1.1.100.202309141235/tools/bin/../lib/gcc/arm-none-eabi/11.3.1/thumb/v6-m/nofp/crtbegin.o
LOAD C:/ST/STM32CubeIDE_1.14.1/STM32CubeIDE/plugins/com.st.stm32cube.ide.mcu.externaltools.gnu-tools-for-stm32.11.3.rel1.win32_1.1.100.202309141235/tools/bin/../lib/gcc/arm-none-eabi/11.3.1/../../../../arm-none-eabi/lib/thumb/v6-m/nofp/crt0.o
LOAD ./Application/Startup/startup_stm32f031c6tx.o
LOAD ./Application/User/aspep.o
LOAD ./Application/User/main.o
LOAD ./Application/User/mc_api.o
LOAD ./Application/User/mc_app_hooks.o
LOAD ./Application/User/mc_config.o
LOAD ./Application/User/mc_configuration_registers.o
LOAD ./Application/User/mc_interface.o
LOAD ./Application/User/mc_math.o
LOAD ./Application/User/mc_parameters.o
LOAD ./Application/User/mc_tasks.o
LOAD ./Application/User/mcp.o
LOAD ./Application/User/mcp_config.o
LOAD ./Application/User/motorcontrol.o
LOAD ./Application/User/pwm_curr_fdbk.o
LOAD ./Application/User/register_interface.o
LOAD ./Application/User/regular_conversion_manager.o
LOAD ./Application/User/stm32f0xx_hal_msp.o
LOAD ./Application/User/stm32f0xx_it.o
LOAD ./Application/User/stm32f0xx_mc_it.o
LOAD ./Application/User/syscalls.o
LOAD ./Application/User/sysmem.o
LOAD ./Application/User/usart_aspep_driver.o
LOAD ./Drivers/CMSIS/system_stm32f0xx.o
LOAD ./Drivers/STM32F0xx_HAL_Driver/stm32f0xx_hal.o
LOAD ./Drivers/STM32F0xx_HAL_Driver/stm32f0xx_hal_adc.o
LOAD ./Drivers/STM32F0xx_HAL_Driver/stm32f0xx_hal_adc_ex.o
LOAD ./Drivers/STM32F0xx_HAL_Driver/stm32f0xx_hal_cortex.o
LOAD ./Drivers/STM32F0xx_HAL_Driver/stm32f0xx_hal_dma.o
LOAD ./Drivers/STM32F0xx_HAL_Driver/stm32f0xx_hal_exti.o
LOAD ./Drivers/STM32F0xx_HAL_Driver/stm32f0xx_hal_flash.o
LOAD ./Drivers/STM32F0xx_HAL_Driver/stm32f0xx_hal_flash_ex.o
LOAD ./Drivers/STM32F0xx_HAL_Driver/stm32f0xx_hal_gpio.o
LOAD ./Drivers/STM32F0xx_HAL_Driver/stm32f0xx_hal_i2c.o
LOAD ./Drivers/STM32F0xx_HAL_Driver/stm32f0xx_hal_i2c_ex.o
LOAD ./Drivers/STM32F0xx_HAL_Driver/stm32f0xx_hal_pwr.o
LOAD ./Drivers/STM32F0xx_HAL_Driver/stm32f0xx_hal_pwr_ex.o
LOAD ./Drivers/STM32F0xx_HAL_Driver/stm32f0xx_hal_rcc.o
LOAD ./Drivers/STM32F0xx_HAL_Driver/stm32f0xx_hal_rcc_ex.o
LOAD ./Drivers/STM32F0xx_HAL_Driver/stm32f0xx_hal_tim.o
LOAD ./Drivers/STM32F0xx_HAL_Driver/stm32f0xx_hal_tim_ex.o
LOAD ./Drivers/STM32F0xx_HAL_Driver/stm32f0xx_hal_uart.o
LOAD ./Drivers/STM32F0xx_HAL_Driver/stm32f0xx_hal_uart_ex.o
LOAD ./Middlewares/MotorControl/bus_voltage_sensor.o
LOAD ./Middlewares/MotorControl/circle_limitation.o
LOAD ./Middlewares/MotorControl/digital_output.o
LOAD ./Middlewares/MotorControl/ntc_temperature_sensor.o
LOAD ./Middlewares/MotorControl/open_loop.o
LOAD ./Middlewares/MotorControl/pid_regulator.o
LOAD ./Middlewares/MotorControl/pqd_motor_power_measurement.o
LOAD ./Middlewares/MotorControl/pwm_common.o
LOAD ./Middlewares/MotorControl/r3_f0xx_pwm_curr_fdbk.o
LOAD ./Middlewares/MotorControl/r_divider_bus_voltage_sensor.o
LOAD ./Middlewares/MotorControl/ramp_ext_mngr.o
LOAD ./Middlewares/MotorControl/revup_ctrl.o
LOAD ./Middlewares/MotorControl/speed_pos_fdbk.o
LOAD ./Middlewares/MotorControl/speed_torq_ctrl.o
LOAD ./Middlewares/MotorControl/sto_pll_speed_pos_fdbk.o
LOAD ./Middlewares/MotorControl/virtual_speed_sensor.o
START GROUP
LOAD C:/ST/STM32CubeIDE_1.14.1/STM32CubeIDE/plugins/com.st.stm32cube.ide.mcu.externaltools.gnu-tools-for-stm32.11.3.rel1.win32_1.1.100.202309141235/tools/bin/../lib/gcc/arm-none-eabi/11.3.1/../../../../arm-none-eabi/lib/thumb/v6-m/nofp\libc_nano.a
LOAD C:/ST/STM32CubeIDE_1.14.1/STM32CubeIDE/plugins/com.st.stm32cube.ide.mcu.externaltools.gnu-tools-for-stm32.11.3.rel1.win32_1.1.100.202309141235/tools/bin/../lib/gcc/arm-none-eabi/11.3.1/../../../../arm-none-eabi/lib/thumb/v6-m/nofp\libm.a
END GROUP
START GROUP
LOAD C:/ST/STM32CubeIDE_1.14.1/STM32CubeIDE/plugins/com.st.stm32cube.ide.mcu.externaltools.gnu-tools-for-stm32.11.3.rel1.win32_1.1.100.202309141235/tools/bin/../lib/gcc/arm-none-eabi/11.3.1/thumb/v6-m/nofp\libgcc.a
LOAD C:/ST/STM32CubeIDE_1.14.1/STM32CubeIDE/plugins/com.st.stm32cube.ide.mcu.externaltools.gnu-tools-for-stm32.11.3.rel1.win32_1.1.100.202309141235/tools/bin/../lib/gcc/arm-none-eabi/11.3.1/../../../../arm-none-eabi/lib/thumb/v6-m/nofp\libc_nano.a
END GROUP
START GROUP
LOAD C:/ST/STM32CubeIDE_1.14.1/STM32CubeIDE/plugins/com.st.stm32cube.ide.mcu.externaltools.gnu-tools-for-stm32.11.3.rel1.win32_1.1.100.202309141235/tools/bin/../lib/gcc/arm-none-eabi/11.3.1/thumb/v6-m/nofp\libgcc.a
LOAD C:/ST/STM32CubeIDE_1.14.1/STM32CubeIDE/plugins/com.st.stm32cube.ide.mcu.externaltools.gnu-tools-for-stm32.11.3.rel1.win32_1.1.100.202309141235/tools/bin/../lib/gcc/arm-none-eabi/11.3.1/../../../../arm-none-eabi/lib/thumb/v6-m/nofp\libc_nano.a
LOAD C:/ST/STM32CubeIDE_1.14.1/STM32CubeIDE/plugins/com.st.stm32cube.ide.mcu.externaltools.gnu-tools-for-stm32.11.3.rel1.win32_1.1.100.202309141235/tools/bin/../lib/gcc/arm-none-eabi/11.3.1/../../../../arm-none-eabi/lib/thumb/v6-m/nofp\libnosys.a
END GROUP
START GROUP
LOAD C:/ST/STM32CubeIDE_1.14.1/STM32CubeIDE/plugins/com.st.stm32cube.ide.mcu.externaltools.gnu-tools-for-stm32.11.3.rel1.win32_1.1.100.202309141235/tools/bin/../lib/gcc/arm-none-eabi/11.3.1/thumb/v6-m/nofp\libgcc.a
LOAD C:/ST/STM32CubeIDE_1.14.1/STM32CubeIDE/plugins/com.st.stm32cube.ide.mcu.externaltools.gnu-tools-for-stm32.11.3.rel1.win32_1.1.100.202309141235/tools/bin/../lib/gcc/arm-none-eabi/11.3.1/../../../../arm-none-eabi/lib/thumb/v6-m/nofp\libc_nano.a
LOAD C:/ST/STM32CubeIDE_1.14.1/STM32CubeIDE/plugins/com.st.stm32cube.ide.mcu.externaltools.gnu-tools-for-stm32.11.3.rel1.win32_1.1.100.202309141235/tools/bin/../lib/gcc/arm-none-eabi/11.3.1/../../../../arm-none-eabi/lib/thumb/v6-m/nofp\libnosys.a
END GROUP
LOAD C:/ST/STM32CubeIDE_1.14.1/STM32CubeIDE/plugins/com.st.stm32cube.ide.mcu.externaltools.gnu-tools-for-stm32.11.3.rel1.win32_1.1.100.202309141235/tools/bin/../lib/gcc/arm-none-eabi/11.3.1/thumb/v6-m/nofp/crtend.o
LOAD C:/ST/STM32CubeIDE_1.14.1/STM32CubeIDE/plugins/com.st.stm32cube.ide.mcu.externaltools.gnu-tools-for-stm32.11.3.rel1.win32_1.1.100.202309141235/tools/bin/../lib/gcc/arm-none-eabi/11.3.1/thumb/v6-m/nofp/crtn.o
                0x0000000020001000                _estack = (ORIGIN (RAM) + LENGTH (RAM))
                0x0000000000000080                _Min_Heap_Size = 0x80
                0x0000000000000400                _Min_Stack_Size = 0x400

.isr_vector     0x0000000008000000       0xc0
                0x0000000008000000                . = ALIGN (0x4)
 *(.isr_vector)
 .isr_vector    0x0000000008000000       0xc0 ./Application/Startup/startup_stm32f031c6tx.o
                0x0000000008000000                g_pfnVectors
                0x00000000080000c0                . = ALIGN (0x4)

.text           0x00000000080000c0     0x663c
                0x00000000080000c0                . = ALIGN (0x4)
 *(.text)
 .text          0x00000000080000c0       0x48 C:/ST/STM32CubeIDE_1.14.1/STM32CubeIDE/plugins/com.st.stm32cube.ide.mcu.externaltools.gnu-tools-for-stm32.11.3.rel1.win32_1.1.100.202309141235/tools/bin/../lib/gcc/arm-none-eabi/11.3.1/thumb/v6-m/nofp/crtbegin.o
 .text          0x0000000008000108      0x114 C:/ST/STM32CubeIDE_1.14.1/STM32CubeIDE/plugins/com.st.stm32cube.ide.mcu.externaltools.gnu-tools-for-stm32.11.3.rel1.win32_1.1.100.202309141235/tools/bin/../lib/gcc/arm-none-eabi/11.3.1/thumb/v6-m/nofp\libgcc.a(_udivsi3.o)
                0x0000000008000108                __aeabi_uidiv
                0x0000000008000108                __udivsi3
                0x0000000008000214                __aeabi_uidivmod
 .text          0x000000000800021c      0x1d4 C:/ST/STM32CubeIDE_1.14.1/STM32CubeIDE/plugins/com.st.stm32cube.ide.mcu.externaltools.gnu-tools-for-stm32.11.3.rel1.win32_1.1.100.202309141235/tools/bin/../lib/gcc/arm-none-eabi/11.3.1/thumb/v6-m/nofp\libgcc.a(_divsi3.o)
                0x000000000800021c                __divsi3
                0x000000000800021c                __aeabi_idiv
                0x00000000080003e8                __aeabi_idivmod
 .text          0x00000000080003f0        0x4 C:/ST/STM32CubeIDE_1.14.1/STM32CubeIDE/plugins/com.st.stm32cube.ide.mcu.externaltools.gnu-tools-for-stm32.11.3.rel1.win32_1.1.100.202309141235/tools/bin/../lib/gcc/arm-none-eabi/11.3.1/thumb/v6-m/nofp\libgcc.a(_dvmd_tls.o)
                0x00000000080003f0                __aeabi_idiv0
                0x00000000080003f0                __aeabi_ldiv0
 .text          0x00000000080003f4       0x5c C:/ST/STM32CubeIDE_1.14.1/STM32CubeIDE/plugins/com.st.stm32cube.ide.mcu.externaltools.gnu-tools-for-stm32.11.3.rel1.win32_1.1.100.202309141235/tools/bin/../lib/gcc/arm-none-eabi/11.3.1/thumb/v6-m/nofp\libgcc.a(_muldi3.o)
                0x00000000080003f4                __muldi3
                0x00000000080003f4                __aeabi_lmul
 .text          0x0000000008000450      0x29c C:/ST/STM32CubeIDE_1.14.1/STM32CubeIDE/plugins/com.st.stm32cube.ide.mcu.externaltools.gnu-tools-for-stm32.11.3.rel1.win32_1.1.100.202309141235/tools/bin/../lib/gcc/arm-none-eabi/11.3.1/thumb/v6-m/nofp\libgcc.a(mulsf3.o)
                0x0000000008000450                __aeabi_fmul
 .text          0x00000000080006ec       0xa4 C:/ST/STM32CubeIDE_1.14.1/STM32CubeIDE/plugins/com.st.stm32cube.ide.mcu.externaltools.gnu-tools-for-stm32.11.3.rel1.win32_1.1.100.202309141235/tools/bin/../lib/gcc/arm-none-eabi/11.3.1/thumb/v6-m/nofp\libgcc.a(floatsisf.o)
                0x00000000080006ec                __aeabi_i2f
 .text          0x0000000008000790       0x90 C:/ST/STM32CubeIDE_1.14.1/STM32CubeIDE/plugins/com.st.stm32cube.ide.mcu.externaltools.gnu-tools-for-stm32.11.3.rel1.win32_1.1.100.202309141235/tools/bin/../lib/gcc/arm-none-eabi/11.3.1/thumb/v6-m/nofp\libgcc.a(floatunsisf.o)
                0x0000000008000790                __aeabi_ui2f
 .text          0x0000000008000820       0x3c C:/ST/STM32CubeIDE_1.14.1/STM32CubeIDE/plugins/com.st.stm32cube.ide.mcu.externaltools.gnu-tools-for-stm32.11.3.rel1.win32_1.1.100.202309141235/tools/bin/../lib/gcc/arm-none-eabi/11.3.1/thumb/v6-m/nofp\libgcc.a(_clzsi2.o)
                0x0000000008000820                __clzsi2
 *(.text*)
 .text.Reset_Handler
                0x000000000800085c       0x50 ./Application/Startup/startup_stm32f031c6tx.o
                0x000000000800085c                Reset_Handler
 .text.Default_Handler
                0x00000000080008ac        0x2 ./Application/Startup/startup_stm32f031c6tx.o
                0x00000000080008ac                TIM1_CC_IRQHandler
                0x00000000080008ac                PVD_IRQHandler
                0x00000000080008ac                PendSV_Handler
                0x00000000080008ac                NMI_Handler
                0x00000000080008ac                I2C1_IRQHandler
                0x00000000080008ac                SPI1_IRQHandler
                0x00000000080008ac                EXTI2_3_IRQHandler
                0x00000000080008ac                ADC1_IRQHandler
                0x00000000080008ac                TIM17_IRQHandler
                0x00000000080008ac                RTC_IRQHandler
                0x00000000080008ac                TIM16_IRQHandler
                0x00000000080008ac                TIM3_IRQHandler
                0x00000000080008ac                EXTI4_15_IRQHandler
                0x00000000080008ac                RCC_IRQHandler
                0x00000000080008ac                Default_Handler
                0x00000000080008ac                TIM14_IRQHandler
                0x00000000080008ac                SVC_Handler
                0x00000000080008ac                WWDG_IRQHandler
                0x00000000080008ac                TIM2_IRQHandler
                0x00000000080008ac                FLASH_IRQHandler
 *fill*         0x00000000080008ae        0x2 
 .text.ASPEP_start
                0x00000000080008b0       0x24 ./Application/User/aspep.o
                0x00000000080008b0                ASPEP_start
 .text.ASPEP_sendBeacon
                0x00000000080008d4       0x88 ./Application/User/aspep.o
                0x00000000080008d4                ASPEP_sendBeacon
 .text.ASPEP_sendPing
                0x000000000800095c       0x94 ./Application/User/aspep.o
                0x000000000800095c                ASPEP_sendPing
 .text.ASPEP_getBuffer
                0x00000000080009f0       0x24 ./Application/User/aspep.o
                0x00000000080009f0                ASPEP_getBuffer
 .text.ASPEP_sendPacket
                0x0000000008000a14       0xf0 ./Application/User/aspep.o
                0x0000000008000a14                ASPEP_sendPacket
 .text.ASPEP_HWDataTransmittedIT
                0x0000000008000b04       0x5c ./Application/User/aspep.o
                0x0000000008000b04                ASPEP_HWDataTransmittedIT
 .text.ASPEP_RXframeProcess
                0x0000000008000b60      0x34c ./Application/User/aspep.o
                0x0000000008000b60                ASPEP_RXframeProcess
 .text.ASPEP_HWDataReceivedIT
                0x0000000008000eac       0x9c ./Application/User/aspep.o
                0x0000000008000eac                ASPEP_HWDataReceivedIT
 .text.ASPEP_HWDMAReset
                0x0000000008000f48       0x18 ./Application/User/aspep.o
                0x0000000008000f48                ASPEP_HWDMAReset
 .text.SystemClock_Config
                0x0000000008000f60       0x80 ./Application/User/main.o
                0x0000000008000f60                SystemClock_Config
 .text.startup.main
                0x0000000008000fe0      0x308 ./Application/User/main.o
                0x0000000008000fe0                main
 .text.Error_Handler
                0x00000000080012e8        0x4 ./Application/User/main.o
                0x00000000080012e8                Error_Handler
 .text.MC_StartMotor1
                0x00000000080012ec       0x10 ./Application/User/mc_api.o
                0x00000000080012ec                MC_StartMotor1
 .text.MC_StopMotor1
                0x00000000080012fc       0x10 ./Application/User/mc_api.o
                0x00000000080012fc                MC_StopMotor1
 .text.MC_GetSTMStateMotor1
                0x000000000800130c       0x10 ./Application/User/mc_api.o
                0x000000000800130c                MC_GetSTMStateMotor1
 .text.MC_ProfilerCommand
                0x000000000800131c        0x4 ./Application/User/mc_api.o
                0x000000000800131c                MC_ProfilerCommand
 .text.MC_APP_BootHook
                0x0000000008001320        0x4 ./Application/User/mc_app_hooks.o
                0x0000000008001320                MC_APP_BootHook
 .text.MC_APP_PostMediumFrequencyHook_M1
                0x0000000008001324        0x4 ./Application/User/mc_app_hooks.o
                0x0000000008001324                MC_APP_PostMediumFrequencyHook_M1
 .text.MCI_Init
                0x0000000008001328       0x1c ./Application/User/mc_interface.o
                0x0000000008001328                MCI_Init
 .text.MCI_ExecSpeedRamp
                0x0000000008001344       0x14 ./Application/User/mc_interface.o
                0x0000000008001344                MCI_ExecSpeedRamp
 .text.MCI_ExecTorqueRamp
                0x0000000008001358       0x14 ./Application/User/mc_interface.o
                0x0000000008001358                MCI_ExecTorqueRamp
 .text.MCI_FaultProcessing
                0x000000000800136c       0x10 ./Application/User/mc_interface.o
                0x000000000800136c                MCI_FaultProcessing
 .text.MCI_ExecBufferedCommands
                0x000000000800137c       0x78 ./Application/User/mc_interface.o
                0x000000000800137c                MCI_ExecBufferedCommands
 .text.MCI_GetSTMState
                0x00000000080013f4        0x4 ./Application/User/mc_interface.o
                0x00000000080013f4                MCI_GetSTMState
 .text.MCI_GetOccurredFaults
                0x00000000080013f8        0x4 ./Application/User/mc_interface.o
                0x00000000080013f8                MCI_GetOccurredFaults
 .text.MCI_GetCurrentFaults
                0x00000000080013fc        0x4 ./Application/User/mc_interface.o
                0x00000000080013fc                MCI_GetCurrentFaults
 .text.MCI_StartMotor
                0x0000000008001400       0x30 ./Application/User/mc_interface.o
                0x0000000008001400                MCI_StartMotor
 .text.MCI_StartWithPolarizationMotor
                0x0000000008001430       0x34 ./Application/User/mc_interface.o
                0x0000000008001430                MCI_StartWithPolarizationMotor
 .text.MCI_StopMotor
                0x0000000008001464       0x3c ./Application/User/mc_interface.o
                0x0000000008001464                MCI_StopMotor
 .text.MCI_FaultAcknowledged
                0x00000000080014a0       0x24 ./Application/User/mc_interface.o
                0x00000000080014a0                MCI_FaultAcknowledged
 .text.MCI_GetFaultState
                0x00000000080014c4        0xc ./Application/User/mc_interface.o
                0x00000000080014c4                MCI_GetFaultState
 .text.MCI_GetControlMode
                0x00000000080014d0        0x8 ./Application/User/mc_interface.o
                0x00000000080014d0                MCI_GetControlMode
 .text.MCI_GetImposedMotorDirection
                0x00000000080014d8       0x38 ./Application/User/mc_interface.o
                0x00000000080014d8                MCI_GetImposedMotorDirection
 .text.MCI_GetLastRampFinalSpeed
                0x0000000008001510        0x8 ./Application/User/mc_interface.o
                0x0000000008001510                MCI_GetLastRampFinalSpeed
 .text.MCI_GetLastRampFinalDuration
                0x0000000008001518        0x4 ./Application/User/mc_interface.o
                0x0000000008001518                MCI_GetLastRampFinalDuration
 .text.MCI_StopRamp
                0x000000000800151c        0xc ./Application/User/mc_interface.o
                0x000000000800151c                MCI_StopRamp
 .text.MCI_GetAvrgMecSpeedUnit
                0x0000000008001528       0x10 ./Application/User/mc_interface.o
                0x0000000008001528                MCI_GetAvrgMecSpeedUnit
 .text.MCI_GetMecSpeedRefUnit
                0x0000000008001538        0xc ./Application/User/mc_interface.o
                0x0000000008001538                MCI_GetMecSpeedRefUnit
 .text.MCI_GetVqd
                0x0000000008001544       0x20 ./Application/User/mc_interface.o
                0x0000000008001544                MCI_GetVqd
 .text.MCI_GetValphabeta
                0x0000000008001564       0x20 ./Application/User/mc_interface.o
                0x0000000008001564                MCI_GetValphabeta
 .text.MCI_GetTeref
                0x0000000008001584        0x8 ./Application/User/mc_interface.o
                0x0000000008001584                MCI_GetTeref
 .text.MCI_Clear_Iqdref
                0x000000000800158c       0x10 ./Application/User/mc_interface.o
                0x000000000800158c                MCI_Clear_Iqdref
 .text.MCM_Clarke
                0x000000000800159c       0x58 ./Application/User/mc_math.o
                0x000000000800159c                MCM_Clarke
 .text.MCM_Trig_Functions
                0x00000000080015f4       0x9c ./Application/User/mc_math.o
                0x00000000080015f4                MCM_Trig_Functions
 .text.MCM_Park
                0x0000000008001690       0xa0 ./Application/User/mc_math.o
                0x0000000008001690                MCM_Park
 .text.MCM_Rev_Park
                0x0000000008001730       0x34 ./Application/User/mc_math.o
                0x0000000008001730                MCM_Rev_Park
 .text.FOC_Clear
                0x0000000008001764       0x64 ./Application/User/mc_tasks.o
                0x0000000008001764                FOC_Clear
 .text.MCboot   0x00000000080017c8      0x140 ./Application/User/mc_tasks.o
                0x00000000080017c8                MCboot
 .text.FOC_InitAdditionalMethods
                0x0000000008001908        0x4 ./Application/User/mc_tasks.o
                0x0000000008001908                FOC_InitAdditionalMethods
 .text.FOC_CalcCurrRef
                0x000000000800190c       0x30 ./Application/User/mc_tasks.o
                0x000000000800190c                FOC_CalcCurrRef
 .text.TSK_SetChargeBootCapDelayM1
                0x000000000800193c        0xc ./Application/User/mc_tasks.o
                0x000000000800193c                TSK_SetChargeBootCapDelayM1
 .text.TSK_ChargeBootCapDelayHasElapsedM1
                0x0000000008001948       0x10 ./Application/User/mc_tasks.o
                0x0000000008001948                TSK_ChargeBootCapDelayHasElapsedM1
 .text.TSK_SetStopPermanencyTimeM1
                0x0000000008001958        0xc ./Application/User/mc_tasks.o
                0x0000000008001958                TSK_SetStopPermanencyTimeM1
 .text.TSK_StopPermanencyTimeHasElapsedM1
                0x0000000008001964       0x10 ./Application/User/mc_tasks.o
                0x0000000008001964                TSK_StopPermanencyTimeHasElapsedM1
 .text.TSK_MediumFrequencyTaskM1
                0x0000000008001974      0x2e0 ./Application/User/mc_tasks.o
                0x0000000008001974                TSK_MediumFrequencyTaskM1
 .text.MC_Scheduler
                0x0000000008001c54       0x94 ./Application/User/mc_tasks.o
                0x0000000008001c54                MC_Scheduler
 .text.TSK_HighFrequencyTask
                0x0000000008001ce8      0x198 ./Application/User/mc_tasks.o
                0x0000000008001ce8                TSK_HighFrequencyTask
 .text.TSK_SafetyTask_PWMOFF
                0x0000000008001e80       0x84 ./Application/User/mc_tasks.o
                0x0000000008001e80                TSK_SafetyTask_PWMOFF
 .text.TSK_SafetyTask
                0x0000000008001f04       0x1c ./Application/User/mc_tasks.o
                0x0000000008001f04                TSK_SafetyTask
 .text.MC_RunMotorControlTasks
                0x0000000008001f20       0x1c ./Application/User/mc_tasks.o
                0x0000000008001f20                MC_RunMotorControlTasks
 .text.TSK_HardwareFaultTask
                0x0000000008001f3c       0x20 ./Application/User/mc_tasks.o
                0x0000000008001f3c                TSK_HardwareFaultTask
 .text.UI_HandleStartStopButton_cb
                0x0000000008001f5c       0x18 ./Application/User/mc_tasks.o
                0x0000000008001f5c                UI_HandleStartStopButton_cb
 .text.mc_lock_pins
                0x0000000008001f74       0xec ./Application/User/mc_tasks.o
                0x0000000008001f74                mc_lock_pins
 .text.RI_SetRegCommandParser
                0x0000000008002060       0xe8 ./Application/User/mcp.o
                0x0000000008002060                RI_SetRegCommandParser
 .text.RI_GetRegCommandParser
                0x0000000008002148       0x98 ./Application/User/mcp.o
                0x0000000008002148                RI_GetRegCommandParser
 .text.MCP_ReceivedPacket
                0x00000000080021e0      0x158 ./Application/User/mcp.o
                0x00000000080021e0                MCP_ReceivedPacket
 .text.MX_MotorControl_Init
                0x0000000008002338       0x34 ./Application/User/motorcontrol.o
                0x0000000008002338                MX_MotorControl_Init
 .text.PWMC_GetPhaseCurrents
                0x000000000800236c        0x8 ./Application/User/pwm_curr_fdbk.o
                0x000000000800236c                PWMC_GetPhaseCurrents
 .text.PWMC_SetPhaseVoltage
                0x0000000008002374      0x274 ./Application/User/pwm_curr_fdbk.o
                0x0000000008002374                PWMC_SetPhaseVoltage
 .text.PWMC_SwitchOffPWM
                0x00000000080025e8        0x8 ./Application/User/pwm_curr_fdbk.o
                0x00000000080025e8                PWMC_SwitchOffPWM
 .text.PWMC_SwitchOnPWM
                0x00000000080025f0        0x8 ./Application/User/pwm_curr_fdbk.o
                0x00000000080025f0                PWMC_SwitchOnPWM
 .text.PWMC_CurrentReadingCalibr
                0x00000000080025f8       0x3c ./Application/User/pwm_curr_fdbk.o
                0x00000000080025f8                PWMC_CurrentReadingCalibr
 .text.PWMC_OCP_Handler
                0x0000000008002634       0x34 ./Application/User/pwm_curr_fdbk.o
                0x0000000008002634                PWMC_OCP_Handler
 .text.PWMC_IsFaultOccurred
                0x0000000008002668       0x40 ./Application/User/pwm_curr_fdbk.o
                0x0000000008002668                PWMC_IsFaultOccurred
 .text.RI_SetRegisterGlobal
                0x00000000080026a8       0xac ./Application/User/register_interface.o
                0x00000000080026a8                RI_SetRegisterGlobal
 .text.RI_SetRegisterMotor1
                0x0000000008002754      0x2b8 ./Application/User/register_interface.o
                0x0000000008002754                RI_SetRegisterMotor1
 .text.RI_GetRegisterGlobal
                0x0000000008002a0c       0xac ./Application/User/register_interface.o
                0x0000000008002a0c                RI_GetRegisterGlobal
 .text.RI_GetRegisterMotor1
                0x0000000008002ab8      0x3ac ./Application/User/register_interface.o
                0x0000000008002ab8                RI_GetRegisterMotor1
 .text.RCM_RegisterRegConv
                0x0000000008002e64      0x170 ./Application/User/regular_conversion_manager.o
                0x0000000008002e64                RCM_RegisterRegConv
 .text.RCM_ExecRegularConv
                0x0000000008002fd4      0x188 ./Application/User/regular_conversion_manager.o
                0x0000000008002fd4                RCM_ExecRegularConv
 .text.RCM_ExecUserConv
                0x000000000800315c       0x64 ./Application/User/regular_conversion_manager.o
                0x000000000800315c                RCM_ExecUserConv
 .text.RCM_ExecNextConv
                0x00000000080031c0       0x70 ./Application/User/regular_conversion_manager.o
                0x00000000080031c0                RCM_ExecNextConv
 .text.RCM_ReadOngoingConv
                0x0000000008003230       0x5c ./Application/User/regular_conversion_manager.o
                0x0000000008003230                RCM_ReadOngoingConv
 .text.HAL_MspInit
                0x000000000800328c       0x30 ./Application/User/stm32f0xx_hal_msp.o
                0x000000000800328c                HAL_MspInit
 .text.HAL_ADC_MspInit
                0x00000000080032bc       0xc8 ./Application/User/stm32f0xx_hal_msp.o
                0x00000000080032bc                HAL_ADC_MspInit
 .text.HAL_TIM_PWM_MspInit
                0x0000000008003384       0x68 ./Application/User/stm32f0xx_hal_msp.o
                0x0000000008003384                HAL_TIM_PWM_MspInit
 .text.HAL_TIM_MspPostInit
                0x00000000080033ec       0x88 ./Application/User/stm32f0xx_hal_msp.o
                0x00000000080033ec                HAL_TIM_MspPostInit
 .text.HAL_UART_MspInit
                0x0000000008003474       0xcc ./Application/User/stm32f0xx_hal_msp.o
                0x0000000008003474                HAL_UART_MspInit
 .text.DMA1_Channel1_IRQHandler
                0x0000000008003540       0x14 ./Application/User/stm32f0xx_mc_it.o
                0x0000000008003540                DMA1_Channel1_IRQHandler
 .text.TIM1_BRK_UP_TRG_COM_IRQHandler
                0x0000000008003554       0x44 ./Application/User/stm32f0xx_mc_it.o
                0x0000000008003554                TIM1_BRK_UP_TRG_COM_IRQHandler
 .text.DMA1_Channel4_5_IRQHandler
                0x0000000008003598       0x14 ./Application/User/stm32f0xx_mc_it.o
                0x0000000008003598                DMA1_Channel4_5_IRQHandler
 .text.DMA1_Channel2_3_IRQHandler
                0x00000000080035ac       0x20 ./Application/User/stm32f0xx_mc_it.o
                0x00000000080035ac                DMA1_Channel2_3_IRQHandler
 .text.USART1_IRQHandler
                0x00000000080035cc       0xa0 ./Application/User/stm32f0xx_mc_it.o
                0x00000000080035cc                USART1_IRQHandler
 .text.HardFault_Handler
                0x000000000800366c        0x8 ./Application/User/stm32f0xx_mc_it.o
                0x000000000800366c                HardFault_Handler
 .text.SysTick_Handler
                0x0000000008003674       0x44 ./Application/User/stm32f0xx_mc_it.o
                0x0000000008003674                SysTick_Handler
 .text.EXTI0_1_IRQHandler
                0x00000000080036b8       0x1c ./Application/User/stm32f0xx_mc_it.o
                0x00000000080036b8                EXTI0_1_IRQHandler
 .text.UASPEP_INIT
                0x00000000080036d4       0x8c ./Application/User/usart_aspep_driver.o
                0x00000000080036d4                UASPEP_INIT
 .text.UASPEP_SEND_PACKET
                0x0000000008003760       0x38 ./Application/User/usart_aspep_driver.o
                0x0000000008003760                UASPEP_SEND_PACKET
 .text.UASPEP_RECEIVE_BUFFER
                0x0000000008003798       0x30 ./Application/User/usart_aspep_driver.o
                0x0000000008003798                UASPEP_RECEIVE_BUFFER
 .text.UASPEP_IDLE_ENABLE
                0x00000000080037c8       0x1c ./Application/User/usart_aspep_driver.o
                0x00000000080037c8                UASPEP_IDLE_ENABLE
 .text.SystemInit
                0x00000000080037e4        0x4 ./Drivers/CMSIS/system_stm32f0xx.o
                0x00000000080037e4                SystemInit
 .text.HAL_InitTick
                0x00000000080037e8       0x4c ./Drivers/STM32F0xx_HAL_Driver/stm32f0xx_hal.o
                0x00000000080037e8                HAL_InitTick
 .text.HAL_Init
                0x0000000008003834       0x20 ./Drivers/STM32F0xx_HAL_Driver/stm32f0xx_hal.o
                0x0000000008003834                HAL_Init
 .text.HAL_IncTick
                0x0000000008003854       0x18 ./Drivers/STM32F0xx_HAL_Driver/stm32f0xx_hal.o
                0x0000000008003854                HAL_IncTick
 .text.HAL_GetTick
                0x000000000800386c        0xc ./Drivers/STM32F0xx_HAL_Driver/stm32f0xx_hal.o
                0x000000000800386c                HAL_GetTick
 .text.HAL_ADC_Init
                0x0000000008003878      0x150 ./Drivers/STM32F0xx_HAL_Driver/stm32f0xx_hal_adc.o
                0x0000000008003878                HAL_ADC_Init
 .text.HAL_ADC_ConfigChannel
                0x00000000080039c8      0x128 ./Drivers/STM32F0xx_HAL_Driver/stm32f0xx_hal_adc.o
                0x00000000080039c8                HAL_ADC_ConfigChannel
 .text.HAL_NVIC_SetPriority
                0x0000000008003af0       0x64 ./Drivers/STM32F0xx_HAL_Driver/stm32f0xx_hal_cortex.o
                0x0000000008003af0                HAL_NVIC_SetPriority
 .text.HAL_NVIC_EnableIRQ
                0x0000000008003b54       0x18 ./Drivers/STM32F0xx_HAL_Driver/stm32f0xx_hal_cortex.o
                0x0000000008003b54                HAL_NVIC_EnableIRQ
 .text.HAL_SYSTICK_Config
                0x0000000008003b6c       0x34 ./Drivers/STM32F0xx_HAL_Driver/stm32f0xx_hal_cortex.o
                0x0000000008003b6c                HAL_SYSTICK_Config
 .text.HAL_SYSTICK_Callback
                0x0000000008003ba0        0x4 ./Drivers/STM32F0xx_HAL_Driver/stm32f0xx_hal_cortex.o
                0x0000000008003ba0                HAL_SYSTICK_Callback
 .text.HAL_SYSTICK_IRQHandler
                0x0000000008003ba4        0x8 ./Drivers/STM32F0xx_HAL_Driver/stm32f0xx_hal_cortex.o
                0x0000000008003ba4                HAL_SYSTICK_IRQHandler
 .text.HAL_DMA_Init
                0x0000000008003bac       0x68 ./Drivers/STM32F0xx_HAL_Driver/stm32f0xx_hal_dma.o
                0x0000000008003bac                HAL_DMA_Init
 .text.HAL_GPIO_Init
                0x0000000008003c14      0x1fc ./Drivers/STM32F0xx_HAL_Driver/stm32f0xx_hal_gpio.o
                0x0000000008003c14                HAL_GPIO_Init
 .text.HAL_GPIO_WritePin
                0x0000000008003e10        0xc ./Drivers/STM32F0xx_HAL_Driver/stm32f0xx_hal_gpio.o
                0x0000000008003e10                HAL_GPIO_WritePin
 .text.HAL_RCC_OscConfig
                0x0000000008003e1c      0x4b4 ./Drivers/STM32F0xx_HAL_Driver/stm32f0xx_hal_rcc.o
                0x0000000008003e1c                HAL_RCC_OscConfig
 .text.HAL_RCC_ClockConfig
                0x00000000080042d0      0x160 ./Drivers/STM32F0xx_HAL_Driver/stm32f0xx_hal_rcc.o
                0x00000000080042d0                HAL_RCC_ClockConfig
 .text.HAL_RCC_GetSysClockFreq
                0x0000000008004430       0x54 ./Drivers/STM32F0xx_HAL_Driver/stm32f0xx_hal_rcc.o
                0x0000000008004430                HAL_RCC_GetSysClockFreq
 .text.HAL_RCC_GetHCLKFreq
                0x0000000008004484        0xc ./Drivers/STM32F0xx_HAL_Driver/stm32f0xx_hal_rcc.o
                0x0000000008004484                HAL_RCC_GetHCLKFreq
 .text.HAL_RCC_GetPCLK1Freq
                0x0000000008004490       0x20 ./Drivers/STM32F0xx_HAL_Driver/stm32f0xx_hal_rcc.o
                0x0000000008004490                HAL_RCC_GetPCLK1Freq
 .text.HAL_RCCEx_PeriphCLKConfig
                0x00000000080044b0      0x13c ./Drivers/STM32F0xx_HAL_Driver/stm32f0xx_hal_rcc_ex.o
                0x00000000080044b0                HAL_RCCEx_PeriphCLKConfig
 .text.HAL_TIM_PWM_Init
                0x00000000080045ec       0xf0 ./Drivers/STM32F0xx_HAL_Driver/stm32f0xx_hal_tim.o
                0x00000000080045ec                HAL_TIM_PWM_Init
 .text.HAL_TIM_PWM_ConfigChannel
                0x00000000080046dc      0x240 ./Drivers/STM32F0xx_HAL_Driver/stm32f0xx_hal_tim.o
                0x00000000080046dc                HAL_TIM_PWM_ConfigChannel
 .text.HAL_TIMEx_MasterConfigSynchronization
                0x000000000800491c       0x5c ./Drivers/STM32F0xx_HAL_Driver/stm32f0xx_hal_tim_ex.o
                0x000000000800491c                HAL_TIMEx_MasterConfigSynchronization
 .text.HAL_TIMEx_ConfigBreakDeadTime
                0x0000000008004978       0x64 ./Drivers/STM32F0xx_HAL_Driver/stm32f0xx_hal_tim_ex.o
                0x0000000008004978                HAL_TIMEx_ConfigBreakDeadTime
 .text.UART_AdvFeatureConfig
                0x00000000080049dc       0xd0 ./Drivers/STM32F0xx_HAL_Driver/stm32f0xx_hal_uart.o
                0x00000000080049dc                UART_AdvFeatureConfig
 .text.UART_CheckIdleState
                0x0000000008004aac      0x29c ./Drivers/STM32F0xx_HAL_Driver/stm32f0xx_hal_uart.o
                0x0000000008004aac                UART_CheckIdleState
 .text.HAL_UART_Init
                0x0000000008004d48      0x178 ./Drivers/STM32F0xx_HAL_Driver/stm32f0xx_hal_uart.o
                0x0000000008004d48                HAL_UART_Init
 .text.VBS_GetAvBusVoltage_d
                0x0000000008004ec0        0x4 ./Middlewares/MotorControl/bus_voltage_sensor.o
                0x0000000008004ec0                VBS_GetAvBusVoltage_d
 .text.VBS_GetAvBusVoltage_V
                0x0000000008004ec4        0xc ./Middlewares/MotorControl/bus_voltage_sensor.o
                0x0000000008004ec4                VBS_GetAvBusVoltage_V
 .text.Circle_Limitation
                0x0000000008004ed0       0x7c ./Middlewares/MotorControl/circle_limitation.o
                0x0000000008004ed0                Circle_Limitation
 .text.NTC_Clear
                0x0000000008004f4c        0x8 ./Middlewares/MotorControl/ntc_temperature_sensor.o
                0x0000000008004f4c                NTC_Clear
 .text.NTC_Init
                0x0000000008004f54       0x18 ./Middlewares/MotorControl/ntc_temperature_sensor.o
                0x0000000008004f54                NTC_Init
 .text.NTC_GetAvTemp_C
                0x0000000008004f6c       0x20 ./Middlewares/MotorControl/ntc_temperature_sensor.o
                0x0000000008004f6c                NTC_GetAvTemp_C
 .text.PID_HandleInit
                0x0000000008004f8c       0x10 ./Middlewares/MotorControl/pid_regulator.o
                0x0000000008004f8c                PID_HandleInit
 .text.PID_SetKP
                0x0000000008004f9c        0x4 ./Middlewares/MotorControl/pid_regulator.o
                0x0000000008004f9c                PID_SetKP
 .text.PID_SetKI
                0x0000000008004fa0        0x4 ./Middlewares/MotorControl/pid_regulator.o
                0x0000000008004fa0                PID_SetKI
 .text.PID_GetKP
                0x0000000008004fa4        0x8 ./Middlewares/MotorControl/pid_regulator.o
                0x0000000008004fa4                PID_GetKP
 .text.PID_GetKI
                0x0000000008004fac        0x8 ./Middlewares/MotorControl/pid_regulator.o
                0x0000000008004fac                PID_GetKI
 .text.PID_SetIntegralTerm
                0x0000000008004fb4        0x4 ./Middlewares/MotorControl/pid_regulator.o
                0x0000000008004fb4                PID_SetIntegralTerm
 .text.PID_GetKIDivisor
                0x0000000008004fb8        0x4 ./Middlewares/MotorControl/pid_regulator.o
                0x0000000008004fb8                PID_GetKIDivisor
 .text.PID_SetKD
                0x0000000008004fbc        0x4 ./Middlewares/MotorControl/pid_regulator.o
                0x0000000008004fbc                PID_SetKD
 .text.PID_GetKD
                0x0000000008004fc0        0x8 ./Middlewares/MotorControl/pid_regulator.o
                0x0000000008004fc0                PID_GetKD
 .text.PI_Controller
                0x0000000008004fc8       0x80 ./Middlewares/MotorControl/pid_regulator.o
                0x0000000008004fc8                PI_Controller
 .text.PQD_CalcElMotorPower
                0x0000000008005048       0x3c ./Middlewares/MotorControl/pqd_motor_power_measurement.o
                0x0000000008005048                PQD_CalcElMotorPower
 .text.PQD_Clear
                0x0000000008005084        0x8 ./Middlewares/MotorControl/pqd_motor_power_measurement.o
                0x0000000008005084                PQD_Clear
 .text.PQD_GetAvrgElMotorPowerW
                0x000000000800508c       0x30 ./Middlewares/MotorControl/pqd_motor_power_measurement.o
                0x000000000800508c                PQD_GetAvrgElMotorPowerW
 .text.waitForPolarizationEnd
                0x00000000080050bc       0x34 ./Middlewares/MotorControl/pwm_common.o
                0x00000000080050bc                waitForPolarizationEnd
 .text.R3_1_HFCurrentsCalibrationAB
                0x00000000080050f0       0x4c ./Middlewares/MotorControl/r3_f0xx_pwm_curr_fdbk.o
                0x00000000080050f0                R3_1_HFCurrentsCalibrationAB
 .text.R3_1_HFCurrentsCalibrationC
                0x000000000800513c       0x48 ./Middlewares/MotorControl/r3_f0xx_pwm_curr_fdbk.o
                0x000000000800513c                R3_1_HFCurrentsCalibrationC
 .text.R3_1_Init
                0x0000000008005184      0x108 ./Middlewares/MotorControl/r3_f0xx_pwm_curr_fdbk.o
                0x0000000008005184                R3_1_Init
 .text.R3_1_SetOffsetCalib
                0x000000000800528c       0x1c ./Middlewares/MotorControl/r3_f0xx_pwm_curr_fdbk.o
                0x000000000800528c                R3_1_SetOffsetCalib
 .text.R3_1_GetOffsetCalib
                0x00000000080052a8       0x14 ./Middlewares/MotorControl/r3_f0xx_pwm_curr_fdbk.o
                0x00000000080052a8                R3_1_GetOffsetCalib
 .text.R3_1_GetPhaseCurrents
                0x00000000080052bc      0x16c ./Middlewares/MotorControl/r3_f0xx_pwm_curr_fdbk.o
                0x00000000080052bc                R3_1_GetPhaseCurrents
 .text.R3_1_WriteTIMRegisters
                0x0000000008005428       0x38 ./Middlewares/MotorControl/r3_f0xx_pwm_curr_fdbk.o
                0x0000000008005428                R3_1_WriteTIMRegisters
 .text.R3_1_SetADCSampPointCalibration
                0x0000000008005460       0x20 ./Middlewares/MotorControl/r3_f0xx_pwm_curr_fdbk.o
                0x0000000008005460                R3_1_SetADCSampPointCalibration
 .text.R3_1_SetADCSampPointSectX
                0x0000000008005480       0x5c ./Middlewares/MotorControl/r3_f0xx_pwm_curr_fdbk.o
                0x0000000008005480                R3_1_SetADCSampPointSectX
 .text.R3_1_TurnOnLowSides
                0x00000000080054dc       0x4c ./Middlewares/MotorControl/r3_f0xx_pwm_curr_fdbk.o
                0x00000000080054dc                R3_1_TurnOnLowSides
 .text.R3_1_SwitchOnPWM
                0x0000000008005528       0xfc ./Middlewares/MotorControl/r3_f0xx_pwm_curr_fdbk.o
                0x0000000008005528                R3_1_SwitchOnPWM
 .text.R3_1_SwitchOffPWM
                0x0000000008005624       0xac ./Middlewares/MotorControl/r3_f0xx_pwm_curr_fdbk.o
                0x0000000008005624                R3_1_SwitchOffPWM
 .text.R3_1_CurrentReadingCalibration
                0x00000000080056d0      0x15c ./Middlewares/MotorControl/r3_f0xx_pwm_curr_fdbk.o
                0x00000000080056d0                R3_1_CurrentReadingCalibration
 .text.R3_1_TIMx_UP_IRQHandler
                0x000000000800582c       0x98 ./Middlewares/MotorControl/r3_f0xx_pwm_curr_fdbk.o
                0x000000000800582c                R3_1_TIMx_UP_IRQHandler
 .text.RVBS_Clear
                0x00000000080058c4       0x30 ./Middlewares/MotorControl/r_divider_bus_voltage_sensor.o
                0x00000000080058c4                RVBS_Clear
 .text.RVBS_Init
                0x00000000080058f4        0x8 ./Middlewares/MotorControl/r_divider_bus_voltage_sensor.o
                0x00000000080058f4                RVBS_Init
 .text.RVBS_CheckFaultState
                0x00000000080058fc       0x4c ./Middlewares/MotorControl/r_divider_bus_voltage_sensor.o
                0x00000000080058fc                RVBS_CheckFaultState
 .text.RVBS_CalcAvVbus
                0x0000000008005948       0x68 ./Middlewares/MotorControl/r_divider_bus_voltage_sensor.o
                0x0000000008005948                RVBS_CalcAvVbus
 .text.REMNG_Init
                0x00000000080059b0       0x10 ./Middlewares/MotorControl/ramp_ext_mngr.o
                0x00000000080059b0                REMNG_Init
 .text.REMNG_Calc
                0x00000000080059c0       0x3c ./Middlewares/MotorControl/ramp_ext_mngr.o
                0x00000000080059c0                REMNG_Calc
 .text.REMNG_RampCompleted
                0x00000000080059fc        0xc ./Middlewares/MotorControl/ramp_ext_mngr.o
                0x00000000080059fc                REMNG_RampCompleted
 .text.getScalingFactor
                0x0000000008005a08       0x2c ./Middlewares/MotorControl/ramp_ext_mngr.o
                0x0000000008005a08                getScalingFactor
 .text.REMNG_ExecRamp
                0x0000000008005a34       0x8c ./Middlewares/MotorControl/ramp_ext_mngr.o
                0x0000000008005a34                REMNG_ExecRamp
 .text.RUC_Init
                0x0000000008005ac0       0x74 ./Middlewares/MotorControl/revup_ctrl.o
                0x0000000008005ac0                RUC_Init
 .text.RUC_Clear
                0x0000000008005b34       0x7c ./Middlewares/MotorControl/revup_ctrl.o
                0x0000000008005b34                RUC_Clear
 .text.RUC_Exec
                0x0000000008005bb0       0x68 ./Middlewares/MotorControl/revup_ctrl.o
                0x0000000008005bb0                RUC_Exec
 .text.RUC_FirstAccelerationStageReached
                0x0000000008005c18       0x14 ./Middlewares/MotorControl/revup_ctrl.o
                0x0000000008005c18                RUC_FirstAccelerationStageReached
 .text.RUC_GetNumberOfPhases
                0x0000000008005c2c        0x8 ./Middlewares/MotorControl/revup_ctrl.o
                0x0000000008005c2c                RUC_GetNumberOfPhases
 .text.SPD_GetElAngle
                0x0000000008005c34        0x8 ./Middlewares/MotorControl/speed_pos_fdbk.o
                0x0000000008005c34                SPD_GetElAngle
 .text.SPD_GetAvrgMecSpeedUnit
                0x0000000008005c3c        0x8 ./Middlewares/MotorControl/speed_pos_fdbk.o
                0x0000000008005c3c                SPD_GetAvrgMecSpeedUnit
 .text.SPD_GetInstElSpeedDpp
                0x0000000008005c44        0x8 ./Middlewares/MotorControl/speed_pos_fdbk.o
                0x0000000008005c44                SPD_GetInstElSpeedDpp
 .text.SPD_IsMecSpeedReliable
                0x0000000008005c4c       0x60 ./Middlewares/MotorControl/speed_pos_fdbk.o
                0x0000000008005c4c                SPD_IsMecSpeedReliable
 .text.SPD_GetS16Speed
                0x0000000008005cac       0x18 ./Middlewares/MotorControl/speed_pos_fdbk.o
                0x0000000008005cac                SPD_GetS16Speed
 .text.STC_Init
                0x0000000008005cc4       0x24 ./Middlewares/MotorControl/speed_torq_ctrl.o
                0x0000000008005cc4                STC_Init
 .text.STC_SetSpeedSensor
                0x0000000008005ce8        0x4 ./Middlewares/MotorControl/speed_torq_ctrl.o
                0x0000000008005ce8                STC_SetSpeedSensor
 .text.STC_GetSpeedSensor
                0x0000000008005cec        0x4 ./Middlewares/MotorControl/speed_torq_ctrl.o
                0x0000000008005cec                STC_GetSpeedSensor
 .text.STC_Clear
                0x0000000008005cf0       0x14 ./Middlewares/MotorControl/speed_torq_ctrl.o
                0x0000000008005cf0                STC_Clear
 .text.STC_GetMecSpeedRefUnit
                0x0000000008005d04        0x8 ./Middlewares/MotorControl/speed_torq_ctrl.o
                0x0000000008005d04                STC_GetMecSpeedRefUnit
 .text.STC_GetTorqueRef
                0x0000000008005d0c        0x8 ./Middlewares/MotorControl/speed_torq_ctrl.o
                0x0000000008005d0c                STC_GetTorqueRef
 .text.STC_SetControlMode
                0x0000000008005d14        0x8 ./Middlewares/MotorControl/speed_torq_ctrl.o
                0x0000000008005d14                STC_SetControlMode
 .text.STC_ExecRamp
                0x0000000008005d1c       0x84 ./Middlewares/MotorControl/speed_torq_ctrl.o
                0x0000000008005d1c                STC_ExecRamp
 .text.STC_StopRamp
                0x0000000008005da0        0x8 ./Middlewares/MotorControl/speed_torq_ctrl.o
                0x0000000008005da0                STC_StopRamp
 .text.STC_CalcTorqueReference
                0x0000000008005da8       0x54 ./Middlewares/MotorControl/speed_torq_ctrl.o
                0x0000000008005da8                STC_CalcTorqueReference
 .text.STC_GetMecSpeedRefUnitDefault
                0x0000000008005dfc        0x8 ./Middlewares/MotorControl/speed_torq_ctrl.o
                0x0000000008005dfc                STC_GetMecSpeedRefUnitDefault
 .text.STC_GetDefaultIqdref
                0x0000000008005e04       0x10 ./Middlewares/MotorControl/speed_torq_ctrl.o
                0x0000000008005e04                STC_GetDefaultIqdref
 .text.STC_ForceSpeedReferenceToCurrentSpeed
                0x0000000008005e14       0x10 ./Middlewares/MotorControl/speed_torq_ctrl.o
                0x0000000008005e14                STC_ForceSpeedReferenceToCurrentSpeed
 .text.STO_PLL_CalcElAngle
                0x0000000008005e24      0x230 ./Middlewares/MotorControl/sto_pll_speed_pos_fdbk.o
                0x0000000008005e24                STO_PLL_CalcElAngle
 .text.STO_PLL_CalcAvrgMecSpeedUnit
                0x0000000008006054      0x17c ./Middlewares/MotorControl/sto_pll_speed_pos_fdbk.o
                0x0000000008006054                STO_PLL_CalcAvrgMecSpeedUnit
 .text.STO_PLL_CalcAvrgElSpeedDpp
                0x00000000080061d0       0x70 ./Middlewares/MotorControl/sto_pll_speed_pos_fdbk.o
                0x00000000080061d0                STO_PLL_CalcAvrgElSpeedDpp
 .text.STO_PLL_Clear
                0x0000000008006240       0x54 ./Middlewares/MotorControl/sto_pll_speed_pos_fdbk.o
                0x0000000008006240                STO_PLL_Clear
 .text.STO_PLL_Init
                0x0000000008006294       0x74 ./Middlewares/MotorControl/sto_pll_speed_pos_fdbk.o
                0x0000000008006294                STO_PLL_Init
 .text.STO_PLL_IsObserverConverged
                0x0000000008006308       0xb8 ./Middlewares/MotorControl/sto_pll_speed_pos_fdbk.o
                0x0000000008006308                STO_PLL_IsObserverConverged
 .text.STO_PLL_GetEstimatedBemf
                0x00000000080063c0       0x14 ./Middlewares/MotorControl/sto_pll_speed_pos_fdbk.o
                0x00000000080063c0                STO_PLL_GetEstimatedBemf
 .text.STO_PLL_GetObserverGains
                0x00000000080063d4       0x10 ./Middlewares/MotorControl/sto_pll_speed_pos_fdbk.o
                0x00000000080063d4                STO_PLL_GetObserverGains
 .text.STO_PLL_SetObserverGains
                0x00000000080063e4        0x8 ./Middlewares/MotorControl/sto_pll_speed_pos_fdbk.o
                0x00000000080063e4                STO_PLL_SetObserverGains
 .text.STO_OTF_ResetPLL
                0x00000000080063ec       0x10 ./Middlewares/MotorControl/sto_pll_speed_pos_fdbk.o
                0x00000000080063ec                STO_OTF_ResetPLL
 .text.STO_ResetPLL
                0x00000000080063fc        0xc ./Middlewares/MotorControl/sto_pll_speed_pos_fdbk.o
                0x00000000080063fc                STO_ResetPLL
 .text.STO_PLL_GetEstimatedBemfLevel
                0x0000000008006408        0x8 ./Middlewares/MotorControl/sto_pll_speed_pos_fdbk.o
                0x0000000008006408                STO_PLL_GetEstimatedBemfLevel
 .text.STO_PLL_GetObservedBemfLevel
                0x0000000008006410        0x8 ./Middlewares/MotorControl/sto_pll_speed_pos_fdbk.o
                0x0000000008006410                STO_PLL_GetObservedBemfLevel
 .text.STO_PLL_IsVarianceTight
                0x0000000008006418        0x8 ./Middlewares/MotorControl/sto_pll_speed_pos_fdbk.o
                0x0000000008006418                STO_PLL_IsVarianceTight
 .text.STO_PLL_ForceConvergency1
                0x0000000008006420        0xc ./Middlewares/MotorControl/sto_pll_speed_pos_fdbk.o
                0x0000000008006420                STO_PLL_ForceConvergency1
 .text.STO_PLL_ForceConvergency2
                0x000000000800642c        0xc ./Middlewares/MotorControl/sto_pll_speed_pos_fdbk.o
                0x000000000800642c                STO_PLL_ForceConvergency2
 .text.STO_SetDirection
                0x0000000008006438        0x8 ./Middlewares/MotorControl/sto_pll_speed_pos_fdbk.o
                0x0000000008006438                STO_SetDirection
 .text.VSS_Clear
                0x0000000008006440       0x1c ./Middlewares/MotorControl/virtual_speed_sensor.o
                0x0000000008006440                VSS_Clear
 .text.VSS_Init
                0x000000000800645c        0x8 ./Middlewares/MotorControl/virtual_speed_sensor.o
                0x000000000800645c                VSS_Init
 .text.VSS_CalcElAngle
                0x0000000008006464       0xb0 ./Middlewares/MotorControl/virtual_speed_sensor.o
                0x0000000008006464                VSS_CalcElAngle
 .text.VSS_CalcAvrgMecSpeedUnit
                0x0000000008006514       0x88 ./Middlewares/MotorControl/virtual_speed_sensor.o
                0x0000000008006514                VSS_CalcAvrgMecSpeedUnit
 .text.VSS_SetMecAngle
                0x000000000800659c       0x18 ./Middlewares/MotorControl/virtual_speed_sensor.o
                0x000000000800659c                VSS_SetMecAngle
 .text.VSS_SetMecAcceleration
                0x00000000080065b4       0x9c ./Middlewares/MotorControl/virtual_speed_sensor.o
                0x00000000080065b4                VSS_SetMecAcceleration
 .text.VSS_SetStartTransition
                0x0000000008006650       0x20 ./Middlewares/MotorControl/virtual_speed_sensor.o
                0x0000000008006650                VSS_SetStartTransition
 .text.VSS_TransitionEnded
                0x0000000008006670        0x8 ./Middlewares/MotorControl/virtual_speed_sensor.o
                0x0000000008006670                VSS_TransitionEnded
 .text.memset   0x0000000008006678       0x10 C:/ST/STM32CubeIDE_1.14.1/STM32CubeIDE/plugins/com.st.stm32cube.ide.mcu.externaltools.gnu-tools-for-stm32.11.3.rel1.win32_1.1.100.202309141235/tools/bin/../lib/gcc/arm-none-eabi/11.3.1/../../../../arm-none-eabi/lib/thumb/v6-m/nofp\libc_nano.a(libc_a-memset.o)
                0x0000000008006678                memset
 .text.__libc_init_array
                0x0000000008006688       0x48 C:/ST/STM32CubeIDE_1.14.1/STM32CubeIDE/plugins/com.st.stm32cube.ide.mcu.externaltools.gnu-tools-for-stm32.11.3.rel1.win32_1.1.100.202309141235/tools/bin/../lib/gcc/arm-none-eabi/11.3.1/../../../../arm-none-eabi/lib/thumb/v6-m/nofp\libc_nano.a(libc_a-init.o)
                0x0000000008006688                __libc_init_array
 .text.memcpy   0x00000000080066d0       0x12 C:/ST/STM32CubeIDE_1.14.1/STM32CubeIDE/plugins/com.st.stm32cube.ide.mcu.externaltools.gnu-tools-for-stm32.11.3.rel1.win32_1.1.100.202309141235/tools/bin/../lib/gcc/arm-none-eabi/11.3.1/../../../../arm-none-eabi/lib/thumb/v6-m/nofp\libc_nano.a(libc_a-memcpy-stub.o)
                0x00000000080066d0                memcpy
 *(.glue_7)
 .glue_7        0x00000000080066e2        0x0 linker stubs
 *(.glue_7t)
 .glue_7t       0x00000000080066e2        0x0 linker stubs
 *(.eh_frame)
 *fill*         0x00000000080066e2        0x2 
 .eh_frame      0x00000000080066e4        0x0 C:/ST/STM32CubeIDE_1.14.1/STM32CubeIDE/plugins/com.st.stm32cube.ide.mcu.externaltools.gnu-tools-for-stm32.11.3.rel1.win32_1.1.100.202309141235/tools/bin/../lib/gcc/arm-none-eabi/11.3.1/thumb/v6-m/nofp/crtbegin.o
 *(.init)
 .init          0x00000000080066e4        0x4 C:/ST/STM32CubeIDE_1.14.1/STM32CubeIDE/plugins/com.st.stm32cube.ide.mcu.externaltools.gnu-tools-for-stm32.11.3.rel1.win32_1.1.100.202309141235/tools/bin/../lib/gcc/arm-none-eabi/11.3.1/thumb/v6-m/nofp/crti.o
                0x00000000080066e4                _init
 .init          0x00000000080066e8        0x8 C:/ST/STM32CubeIDE_1.14.1/STM32CubeIDE/plugins/com.st.stm32cube.ide.mcu.externaltools.gnu-tools-for-stm32.11.3.rel1.win32_1.1.100.202309141235/tools/bin/../lib/gcc/arm-none-eabi/11.3.1/thumb/v6-m/nofp/crtn.o
 *(.fini)
 .fini          0x00000000080066f0        0x4 C:/ST/STM32CubeIDE_1.14.1/STM32CubeIDE/plugins/com.st.stm32cube.ide.mcu.externaltools.gnu-tools-for-stm32.11.3.rel1.win32_1.1.100.202309141235/tools/bin/../lib/gcc/arm-none-eabi/11.3.1/thumb/v6-m/nofp/crti.o
                0x00000000080066f0                _fini
 .fini          0x00000000080066f4        0x8 C:/ST/STM32CubeIDE_1.14.1/STM32CubeIDE/plugins/com.st.stm32cube.ide.mcu.externaltools.gnu-tools-for-stm32.11.3.rel1.win32_1.1.100.202309141235/tools/bin/../lib/gcc/arm-none-eabi/11.3.1/thumb/v6-m/nofp/crtn.o
                0x00000000080066fc                . = ALIGN (0x4)
                0x00000000080066fc                _etext = .

.vfp11_veneer   0x00000000080066fc        0x0
 .vfp11_veneer  0x00000000080066fc        0x0 linker stubs

.v4_bx          0x00000000080066fc        0x0
 .v4_bx         0x00000000080066fc        0x0 linker stubs

.iplt           0x00000000080066fc        0x0
 .iplt          0x00000000080066fc        0x0 C:/ST/STM32CubeIDE_1.14.1/STM32CubeIDE/plugins/com.st.stm32cube.ide.mcu.externaltools.gnu-tools-for-stm32.11.3.rel1.win32_1.1.100.202309141235/tools/bin/../lib/gcc/arm-none-eabi/11.3.1/thumb/v6-m/nofp/crtbegin.o

.rodata         0x00000000080066fc      0xe20
                0x00000000080066fc                . = ALIGN (0x4)
 *(.rodata)
 *(.rodata*)
 .rodata.CRC4_Lookup4
                0x00000000080066fc       0x10 ./Application/User/aspep.o
 .rodata.CRC4_Lookup8
                0x000000000800670c      0x100 ./Application/User/aspep.o
 .rodata.M1_ApplicationConfig_reg
                0x000000000800680c       0x10 ./Application/User/mc_configuration_registers.o
 .rodata.M1_FOCConfig_reg
                0x000000000800681c        0xe ./Application/User/mc_configuration_registers.o
 *fill*         0x000000000800682a        0x2 
 .rodata.globalConfig_reg
                0x000000000800682c        0xa ./Application/User/mc_configuration_registers.o
                0x000000000800682c                globalConfig_reg
 *fill*         0x0000000008006836        0x2 
 .rodata.hSin_Cos_Table
                0x0000000008006838      0x200 ./Application/User/mc_math.o
                0x0000000008006838                hSin_Cos_Table
 .rodata.R3_1_Params
                0x0000000008006a38       0x60 ./Application/User/mc_parameters.o
                0x0000000008006a38                R3_1_Params
 .rodata.TSK_MediumFrequencyTaskM1
                0x0000000008006a98       0x50 ./Application/User/mc_tasks.o
 .rodata.MCP_ReceivedPacket
                0x0000000008006ae8       0xe4 ./Application/User/mcp.o
 .rodata.RI_GetRegisterGlobal
                0x0000000008006bcc       0x84 ./Application/User/register_interface.o
 .rodata.RI_GetRegisterMotor1
                0x0000000008006c50       0x84 ./Application/User/register_interface.o
 .rodata.CHANNEL_OFFSET_TAB
                0x0000000008006cd4        0x5 ./Application/User/usart_aspep_driver.o
 *fill*         0x0000000008006cd9        0x3 
 .rodata.AHBPrescTable
                0x0000000008006cdc       0x10 ./Drivers/CMSIS/system_stm32f0xx.o
                0x0000000008006cdc                AHBPrescTable
 .rodata.APBPrescTable
                0x0000000008006cec        0x8 ./Drivers/CMSIS/system_stm32f0xx.o
                0x0000000008006cec                APBPrescTable
 .rodata.aPLLMULFactorTable.1
                0x0000000008006cf4       0x10 ./Drivers/STM32F0xx_HAL_Driver/stm32f0xx_hal_rcc.o
 .rodata.aPredivFactorTable.0
                0x0000000008006d04       0x10 ./Drivers/STM32F0xx_HAL_Driver/stm32f0xx_hal_rcc.o
 .rodata.CSWTCH.59
                0x0000000008006d14        0x3 ./Drivers/STM32F0xx_HAL_Driver/stm32f0xx_hal_uart.o
 *fill*         0x0000000008006d17        0x1 
 .rodata.SqrtTable
                0x0000000008006d18      0x802 ./Middlewares/MotorControl/circle_limitation.o
                0x0000000008006d18                SqrtTable
                0x000000000800751c                . = ALIGN (0x4)
 *fill*         0x000000000800751a        0x2 

.rel.dyn        0x000000000800751c        0x0
 .rel.iplt      0x000000000800751c        0x0 C:/ST/STM32CubeIDE_1.14.1/STM32CubeIDE/plugins/com.st.stm32cube.ide.mcu.externaltools.gnu-tools-for-stm32.11.3.rel1.win32_1.1.100.202309141235/tools/bin/../lib/gcc/arm-none-eabi/11.3.1/thumb/v6-m/nofp/crtbegin.o

.ARM.extab      0x000000000800751c        0x0
                0x000000000800751c                . = ALIGN (0x4)
 *(.ARM.extab* .gnu.linkonce.armextab.*)
                0x000000000800751c                . = ALIGN (0x4)

.ARM            0x000000000800751c        0x0
                0x000000000800751c                . = ALIGN (0x4)
                0x000000000800751c                __exidx_start = .
 *(.ARM.exidx*)
                0x000000000800751c                __exidx_end = .
                0x000000000800751c                . = ALIGN (0x4)

.preinit_array  0x000000000800751c        0x0
                0x000000000800751c                . = ALIGN (0x4)
                0x000000000800751c                PROVIDE (__preinit_array_start = .)
 *(.preinit_array*)
                0x000000000800751c                PROVIDE (__preinit_array_end = .)
                0x000000000800751c                . = ALIGN (0x4)

.init_array     0x000000000800751c        0x4
                0x000000000800751c                . = ALIGN (0x4)
                0x000000000800751c                PROVIDE (__init_array_start = .)
 *(SORT_BY_NAME(.init_array.*))
 *(.init_array*)
 .init_array    0x000000000800751c        0x4 C:/ST/STM32CubeIDE_1.14.1/STM32CubeIDE/plugins/com.st.stm32cube.ide.mcu.externaltools.gnu-tools-for-stm32.11.3.rel1.win32_1.1.100.202309141235/tools/bin/../lib/gcc/arm-none-eabi/11.3.1/thumb/v6-m/nofp/crtbegin.o
                0x0000000008007520                PROVIDE (__init_array_end = .)
                0x0000000008007520                . = ALIGN (0x4)

.fini_array     0x0000000008007520        0x4
                0x0000000008007520                . = ALIGN (0x4)
                [!provide]                        PROVIDE (__fini_array_start = .)
 *(SORT_BY_NAME(.fini_array.*))
 *(.fini_array*)
 .fini_array    0x0000000008007520        0x4 C:/ST/STM32CubeIDE_1.14.1/STM32CubeIDE/plugins/com.st.stm32cube.ide.mcu.externaltools.gnu-tools-for-stm32.11.3.rel1.win32_1.1.100.202309141235/tools/bin/../lib/gcc/arm-none-eabi/11.3.1/thumb/v6-m/nofp/crtbegin.o
                [!provide]                        PROVIDE (__fini_array_end = .)
                0x0000000008007524                . = ALIGN (0x4)
                0x0000000008007524                _sidata = LOADADDR (.data)

.data           0x0000000020000000      0x478 load address 0x0000000008007524
                0x0000000020000000                . = ALIGN (0x4)
                0x0000000020000000                _sdata = .
 *(.data)
 *(.data*)
 .data.BusVoltageSensor_M1
                0x0000000020000000       0x1c ./Application/User/mc_config.o
                0x0000000020000000                BusVoltageSensor_M1
 .data.CircleLimitationM1
                0x000000002000001c        0x4 ./Application/User/mc_config.o
                0x000000002000001c                CircleLimitationM1
 .data.PIDIdHandle_M1
                0x0000000020000020       0x2c ./Application/User/mc_config.o
                0x0000000020000020                PIDIdHandle_M1
 .data.PIDIqHandle_M1
                0x000000002000004c       0x2c ./Application/User/mc_config.o
                0x000000002000004c                PIDIqHandle_M1
 .data.PIDSpeedHandle_M1
                0x0000000020000078       0x2c ./Application/User/mc_config.o
                0x0000000020000078                PIDSpeedHandle_M1
 .data.PQD_MotorPowMeasM1
                0x00000000200000a4       0x10 ./Application/User/mc_config.o
                0x00000000200000a4                PQD_MotorPowMeasM1
 .data.PWM_Handle_M1
                0x00000000200000b4       0xa8 ./Application/User/mc_config.o
                0x00000000200000b4                PWM_Handle_M1
 .data.RampExtMngrHFParamsM1
                0x000000002000015c       0x18 ./Application/User/mc_config.o
                0x000000002000015c                RampExtMngrHFParamsM1
 .data.RevUpControlM1
                0x0000000020000174       0x78 ./Application/User/mc_config.o
                0x0000000020000174                RevUpControlM1
 .data.STO_M1   0x00000000200001ec       0x14 ./Application/User/mc_config.o
                0x00000000200001ec                STO_M1
 .data.STO_PLL_M1
                0x0000000020000200      0x128 ./Application/User/mc_config.o
                0x0000000020000200                STO_PLL_M1
 .data.SpeednTorqCtrlM1
                0x0000000020000328       0x34 ./Application/User/mc_config.o
                0x0000000020000328                SpeednTorqCtrlM1
 .data.TempSensor_M1
                0x000000002000035c       0x1c ./Application/User/mc_config.o
                0x000000002000035c                TempSensor_M1
 .data.VbusRegConv_M1
                0x0000000020000378       0x10 ./Application/User/mc_config.o
                0x0000000020000378                VbusRegConv_M1
 .data.VirtualSpeedSensorM1
                0x0000000020000388       0x38 ./Application/User/mc_config.o
                0x0000000020000388                VirtualSpeedSensorM1
 .data.pMPM     0x00000000200003c0        0x4 ./Application/User/mc_config.o
                0x00000000200003c0                pMPM
 .data.pPIDId   0x00000000200003c4        0x4 ./Application/User/mc_config.o
                0x00000000200003c4                pPIDId
 .data.pPIDIq   0x00000000200003c8        0x4 ./Application/User/mc_config.o
                0x00000000200003c8                pPIDIq
 .data.pSTC     0x00000000200003cc        0x4 ./Application/User/mc_config.o
                0x00000000200003cc                pSTC
 .data.ApplicationConfig_reg
                0x00000000200003d0        0x4 ./Application/User/mc_configuration_registers.o
                0x00000000200003d0                ApplicationConfig_reg
 .data.FOCConfig_reg
                0x00000000200003d4        0x4 ./Application/User/mc_configuration_registers.o
                0x00000000200003d4                FOCConfig_reg
 .data.scaleParams_M1
                0x00000000200003d8       0x10 ./Application/User/mc_parameters.o
                0x00000000200003d8                scaleParams_M1
 .data.MCP_Over_UartA
                0x00000000200003e8       0x10 ./Application/User/mcp_config.o
                0x00000000200003e8                MCP_Over_UartA
 .data.UASPEP_A
                0x00000000200003f8       0x14 ./Application/User/mcp_config.o
 .data.aspepOverUartA
                0x000000002000040c       0x5c ./Application/User/mcp_config.o
                0x000000002000040c                aspepOverUartA
 .data.SystickDividerCounter.0
                0x0000000020000468        0x1 ./Application/User/stm32f0xx_mc_it.o
 *fill*         0x0000000020000469        0x3 
 .data.SystemCoreClock
                0x000000002000046c        0x4 ./Drivers/CMSIS/system_stm32f0xx.o
                0x000000002000046c                SystemCoreClock
 .data.uwTickFreq
                0x0000000020000470        0x1 ./Drivers/STM32F0xx_HAL_Driver/stm32f0xx_hal.o
                0x0000000020000470                uwTickFreq
 *fill*         0x0000000020000471        0x3 
 .data.uwTickPrio
                0x0000000020000474        0x4 ./Drivers/STM32F0xx_HAL_Driver/stm32f0xx_hal.o
                0x0000000020000474                uwTickPrio
 *(.RamFunc)
 *(.RamFunc*)
                0x0000000020000478                . = ALIGN (0x4)
                0x0000000020000478                _edata = .

.igot.plt       0x0000000020000478        0x0 load address 0x000000000800799c
 .igot.plt      0x0000000020000478        0x0 C:/ST/STM32CubeIDE_1.14.1/STM32CubeIDE/plugins/com.st.stm32cube.ide.mcu.externaltools.gnu-tools-for-stm32.11.3.rel1.win32_1.1.100.202309141235/tools/bin/../lib/gcc/arm-none-eabi/11.3.1/thumb/v6-m/nofp/crtbegin.o
                0x0000000020000478                . = ALIGN (0x4)

.bss            0x0000000020000478      0x3dc load address 0x000000000800799c
                0x0000000020000478                _sbss = .
                0x0000000020000478                __bss_start__ = _sbss
 *(.bss)
 .bss           0x0000000020000478       0x1c C:/ST/STM32CubeIDE_1.14.1/STM32CubeIDE/plugins/com.st.stm32cube.ide.mcu.externaltools.gnu-tools-for-stm32.11.3.rel1.win32_1.1.100.202309141235/tools/bin/../lib/gcc/arm-none-eabi/11.3.1/thumb/v6-m/nofp/crtbegin.o
 *(.bss*)
 .bss.hadc      0x0000000020000494       0x40 ./Application/User/main.o
                0x0000000020000494                hadc
 .bss.hdma_adc  0x00000000200004d4       0x44 ./Application/User/main.o
                0x00000000200004d4                hdma_adc
 .bss.hdma_usart1_rx
                0x0000000020000518       0x44 ./Application/User/main.o
                0x0000000020000518                hdma_usart1_rx
 .bss.hdma_usart1_tx
                0x000000002000055c       0x44 ./Application/User/main.o
                0x000000002000055c                hdma_usart1_tx
 .bss.htim1     0x00000000200005a0       0x48 ./Application/User/main.o
                0x00000000200005a0                htim1
 .bss.huart1    0x00000000200005e8       0x88 ./Application/User/main.o
                0x00000000200005e8                huart1
 .bss.Mci       0x0000000020000670       0x28 ./Application/User/mc_config.o
                0x0000000020000670                Mci
 .bss.RealBusVoltageSensorFilterBufferM1
                0x0000000020000698       0x14 ./Application/User/mc_config.o
 .bss.FOCVars   0x00000000200006ac       0x26 ./Application/User/mc_tasks.o
 .bss.bMCBootCompleted
                0x00000000200006d2        0x1 ./Application/User/mc_tasks.o
 *fill*         0x00000000200006d3        0x1 
 .bss.hBootCapDelayCounterM1
                0x00000000200006d4        0x2 ./Application/User/mc_tasks.o
 .bss.hMFTaskCounterM1
                0x00000000200006d6        0x2 ./Application/User/mc_tasks.o
 .bss.hStopPermanencyCounterM1
                0x00000000200006d8        0x2 ./Application/User/mc_tasks.o
 *fill*         0x00000000200006da        0x2 
 .bss.pREMNG    0x00000000200006dc        0x4 ./Application/User/mc_tasks.o
 .bss.pwmcHandle
                0x00000000200006e0        0x4 ./Application/User/mc_tasks.o
 .bss.MCPSyncRXBuff
                0x00000000200006e4       0x82 ./Application/User/mcp_config.o
 *fill*         0x0000000020000766        0x2 
 .bss.MCPSyncTxBuff
                0x0000000020000768       0x86 ./Application/User/mcp_config.o
 *fill*         0x00000000200007ee        0x2 
 .bss.MCP_UserCallBack
                0x00000000200007f0        0x8 ./Application/User/mcp_config.o
                0x00000000200007f0                MCP_UserCallBack
 .bss.pMCI      0x00000000200007f8        0x4 ./Application/User/motorcontrol.o
                0x00000000200007f8                pMCI
 .bss.RCM_CB_array
                0x00000000200007fc       0x20 ./Application/User/regular_conversion_manager.o
 .bss.RCM_NoInj_array
                0x000000002000081c       0x18 ./Application/User/regular_conversion_manager.o
 .bss.RCM_UserConvHandle
                0x0000000020000834        0x4 ./Application/User/regular_conversion_manager.o
 .bss.RCM_UserConvState
                0x0000000020000838        0x1 ./Application/User/regular_conversion_manager.o
 *fill*         0x0000000020000839        0x1 
 .bss.RCM_UserConvValue
                0x000000002000083a        0x2 ./Application/User/regular_conversion_manager.o
 .bss.RCM_currentHandle
                0x000000002000083c        0x1 ./Application/User/regular_conversion_manager.o
 *fill*         0x000000002000083d        0x3 
 .bss.RCM_handle_array
                0x0000000020000840       0x10 ./Application/User/regular_conversion_manager.o
 .bss.uwTick    0x0000000020000850        0x4 ./Drivers/STM32F0xx_HAL_Driver/stm32f0xx_hal.o
                0x0000000020000850                uwTick
 *(COMMON)
                0x0000000020000854                . = ALIGN (0x4)
                0x0000000020000854                _ebss = .
                0x0000000020000854                __bss_end__ = _ebss

._user_heap_stack
                0x0000000020000854      0x484 load address 0x000000000800799c
                0x0000000020000858                . = ALIGN (0x8)
 *fill*         0x0000000020000854        0x4 
                [!provide]                        PROVIDE (end = .)
                0x0000000020000858                PROVIDE (_end = .)
                0x00000000200008d8                . = (. + _Min_Heap_Size)
 *fill*         0x0000000020000858       0x80 
                0x0000000020000cd8                . = (. + _Min_Stack_Size)
 *fill*         0x00000000200008d8      0x400 
                0x0000000020000cd8                . = ALIGN (0x8)

/DISCARD/
 libc.a(*)
 libm.a(*)
 libgcc.a(*)

.ARM.attributes
                0x0000000000000000       0x28
 *(.ARM.attributes)
 .ARM.attributes
                0x0000000000000000       0x1e C:/ST/STM32CubeIDE_1.14.1/STM32CubeIDE/plugins/com.st.stm32cube.ide.mcu.externaltools.gnu-tools-for-stm32.11.3.rel1.win32_1.1.100.202309141235/tools/bin/../lib/gcc/arm-none-eabi/11.3.1/thumb/v6-m/nofp/crti.o
 .ARM.attributes
                0x000000000000001e       0x2c C:/ST/STM32CubeIDE_1.14.1/STM32CubeIDE/plugins/com.st.stm32cube.ide.mcu.externaltools.gnu-tools-for-stm32.11.3.rel1.win32_1.1.100.202309141235/tools/bin/../lib/gcc/arm-none-eabi/11.3.1/thumb/v6-m/nofp/crtbegin.o
 .ARM.attributes
                0x000000000000004a       0x21 ./Application/Startup/startup_stm32f031c6tx.o
 .ARM.attributes
                0x000000000000006b       0x28 ./Application/User/aspep.o
 .ARM.attributes
                0x0000000000000093       0x28 ./Application/User/main.o
 .ARM.attributes
                0x00000000000000bb       0x28 ./Application/User/mc_api.o
 .ARM.attributes
                0x00000000000000e3       0x28 ./Application/User/mc_app_hooks.o
 .ARM.attributes
                0x000000000000010b       0x28 ./Application/User/mc_config.o
 .ARM.attributes
                0x0000000000000133       0x28 ./Application/User/mc_configuration_registers.o
 .ARM.attributes
                0x000000000000015b       0x28 ./Application/User/mc_interface.o
 .ARM.attributes
                0x0000000000000183       0x28 ./Application/User/mc_math.o
 .ARM.attributes
                0x00000000000001ab       0x28 ./Application/User/mc_parameters.o
 .ARM.attributes
                0x00000000000001d3       0x28 ./Application/User/mc_tasks.o
 .ARM.attributes
                0x00000000000001fb       0x28 ./Application/User/mcp.o
 .ARM.attributes
                0x0000000000000223       0x28 ./Application/User/mcp_config.o
 .ARM.attributes
                0x000000000000024b       0x28 ./Application/User/motorcontrol.o
 .ARM.attributes
                0x0000000000000273       0x28 ./Application/User/pwm_curr_fdbk.o
 .ARM.attributes
                0x000000000000029b       0x28 ./Application/User/register_interface.o
 .ARM.attributes
                0x00000000000002c3       0x28 ./Application/User/regular_conversion_manager.o
 .ARM.attributes
                0x00000000000002eb       0x28 ./Application/User/stm32f0xx_hal_msp.o
 .ARM.attributes
                0x0000000000000313       0x28 ./Application/User/stm32f0xx_mc_it.o
 .ARM.attributes
                0x000000000000033b       0x28 ./Application/User/usart_aspep_driver.o
 .ARM.attributes
                0x0000000000000363       0x28 ./Drivers/CMSIS/system_stm32f0xx.o
 .ARM.attributes
                0x000000000000038b       0x28 ./Drivers/STM32F0xx_HAL_Driver/stm32f0xx_hal.o
 .ARM.attributes
                0x00000000000003b3       0x28 ./Drivers/STM32F0xx_HAL_Driver/stm32f0xx_hal_adc.o
 .ARM.attributes
                0x00000000000003db       0x28 ./Drivers/STM32F0xx_HAL_Driver/stm32f0xx_hal_cortex.o
 .ARM.attributes
                0x0000000000000403       0x28 ./Drivers/STM32F0xx_HAL_Driver/stm32f0xx_hal_dma.o
 .ARM.attributes
                0x000000000000042b       0x28 ./Drivers/STM32F0xx_HAL_Driver/stm32f0xx_hal_gpio.o
 .ARM.attributes
                0x0000000000000453       0x28 ./Drivers/STM32F0xx_HAL_Driver/stm32f0xx_hal_rcc.o
 .ARM.attributes
                0x000000000000047b       0x28 ./Drivers/STM32F0xx_HAL_Driver/stm32f0xx_hal_rcc_ex.o
 .ARM.attributes
                0x00000000000004a3       0x28 ./Drivers/STM32F0xx_HAL_Driver/stm32f0xx_hal_tim.o
 .ARM.attributes
                0x00000000000004cb       0x28 ./Drivers/STM32F0xx_HAL_Driver/stm32f0xx_hal_tim_ex.o
 .ARM.attributes
                0x00000000000004f3       0x28 ./Drivers/STM32F0xx_HAL_Driver/stm32f0xx_hal_uart.o
 .ARM.attributes
                0x000000000000051b       0x28 ./Middlewares/MotorControl/bus_voltage_sensor.o
 .ARM.attributes
                0x0000000000000543       0x28 ./Middlewares/MotorControl/circle_limitation.o
 .ARM.attributes
                0x000000000000056b       0x28 ./Middlewares/MotorControl/ntc_temperature_sensor.o
 .ARM.attributes
                0x0000000000000593       0x28 ./Middlewares/MotorControl/pid_regulator.o
 .ARM.attributes
                0x00000000000005bb       0x28 ./Middlewares/MotorControl/pqd_motor_power_measurement.o
 .ARM.attributes
                0x00000000000005e3       0x28 ./Middlewares/MotorControl/pwm_common.o
 .ARM.attributes
                0x000000000000060b       0x28 ./Middlewares/MotorControl/r3_f0xx_pwm_curr_fdbk.o
 .ARM.attributes
                0x0000000000000633       0x28 ./Middlewares/MotorControl/r_divider_bus_voltage_sensor.o
 .ARM.attributes
                0x000000000000065b       0x28 ./Middlewares/MotorControl/ramp_ext_mngr.o
 .ARM.attributes
                0x0000000000000683       0x28 ./Middlewares/MotorControl/revup_ctrl.o
 .ARM.attributes
                0x00000000000006ab       0x28 ./Middlewares/MotorControl/speed_pos_fdbk.o
 .ARM.attributes
                0x00000000000006d3       0x28 ./Middlewares/MotorControl/speed_torq_ctrl.o
 .ARM.attributes
                0x00000000000006fb       0x28 ./Middlewares/MotorControl/sto_pll_speed_pos_fdbk.o
 .ARM.attributes
                0x0000000000000723       0x28 ./Middlewares/MotorControl/virtual_speed_sensor.o
 .ARM.attributes
                0x000000000000074b       0x2c C:/ST/STM32CubeIDE_1.14.1/STM32CubeIDE/plugins/com.st.stm32cube.ide.mcu.externaltools.gnu-tools-for-stm32.11.3.rel1.win32_1.1.100.202309141235/tools/bin/../lib/gcc/arm-none-eabi/11.3.1/../../../../arm-none-eabi/lib/thumb/v6-m/nofp\libc_nano.a(libc_a-memset.o)
 .ARM.attributes
                0x0000000000000777       0x2c C:/ST/STM32CubeIDE_1.14.1/STM32CubeIDE/plugins/com.st.stm32cube.ide.mcu.externaltools.gnu-tools-for-stm32.11.3.rel1.win32_1.1.100.202309141235/tools/bin/../lib/gcc/arm-none-eabi/11.3.1/../../../../arm-none-eabi/lib/thumb/v6-m/nofp\libc_nano.a(libc_a-init.o)
 .ARM.attributes
                0x00000000000007a3       0x2c C:/ST/STM32CubeIDE_1.14.1/STM32CubeIDE/plugins/com.st.stm32cube.ide.mcu.externaltools.gnu-tools-for-stm32.11.3.rel1.win32_1.1.100.202309141235/tools/bin/../lib/gcc/arm-none-eabi/11.3.1/../../../../arm-none-eabi/lib/thumb/v6-m/nofp\libc_nano.a(libc_a-memcpy-stub.o)
 .ARM.attributes
                0x00000000000007cf       0x1e C:/ST/STM32CubeIDE_1.14.1/STM32CubeIDE/plugins/com.st.stm32cube.ide.mcu.externaltools.gnu-tools-for-stm32.11.3.rel1.win32_1.1.100.202309141235/tools/bin/../lib/gcc/arm-none-eabi/11.3.1/thumb/v6-m/nofp\libgcc.a(_udivsi3.o)
 .ARM.attributes
                0x00000000000007ed       0x1e C:/ST/STM32CubeIDE_1.14.1/STM32CubeIDE/plugins/com.st.stm32cube.ide.mcu.externaltools.gnu-tools-for-stm32.11.3.rel1.win32_1.1.100.202309141235/tools/bin/../lib/gcc/arm-none-eabi/11.3.1/thumb/v6-m/nofp\libgcc.a(_divsi3.o)
 .ARM.attributes
                0x000000000000080b       0x1e C:/ST/STM32CubeIDE_1.14.1/STM32CubeIDE/plugins/com.st.stm32cube.ide.mcu.externaltools.gnu-tools-for-stm32.11.3.rel1.win32_1.1.100.202309141235/tools/bin/../lib/gcc/arm-none-eabi/11.3.1/thumb/v6-m/nofp\libgcc.a(_dvmd_tls.o)
 .ARM.attributes
                0x0000000000000829       0x2c C:/ST/STM32CubeIDE_1.14.1/STM32CubeIDE/plugins/com.st.stm32cube.ide.mcu.externaltools.gnu-tools-for-stm32.11.3.rel1.win32_1.1.100.202309141235/tools/bin/../lib/gcc/arm-none-eabi/11.3.1/thumb/v6-m/nofp\libgcc.a(_muldi3.o)
 .ARM.attributes
                0x0000000000000855       0x2c C:/ST/STM32CubeIDE_1.14.1/STM32CubeIDE/plugins/com.st.stm32cube.ide.mcu.externaltools.gnu-tools-for-stm32.11.3.rel1.win32_1.1.100.202309141235/tools/bin/../lib/gcc/arm-none-eabi/11.3.1/thumb/v6-m/nofp\libgcc.a(mulsf3.o)
 .ARM.attributes
                0x0000000000000881       0x2c C:/ST/STM32CubeIDE_1.14.1/STM32CubeIDE/plugins/com.st.stm32cube.ide.mcu.externaltools.gnu-tools-for-stm32.11.3.rel1.win32_1.1.100.202309141235/tools/bin/../lib/gcc/arm-none-eabi/11.3.1/thumb/v6-m/nofp\libgcc.a(floatsisf.o)
 .ARM.attributes
                0x00000000000008ad       0x2c C:/ST/STM32CubeIDE_1.14.1/STM32CubeIDE/plugins/com.st.stm32cube.ide.mcu.externaltools.gnu-tools-for-stm32.11.3.rel1.win32_1.1.100.202309141235/tools/bin/../lib/gcc/arm-none-eabi/11.3.1/thumb/v6-m/nofp\libgcc.a(floatunsisf.o)
 .ARM.attributes
                0x00000000000008d9       0x1e C:/ST/STM32CubeIDE_1.14.1/STM32CubeIDE/plugins/com.st.stm32cube.ide.mcu.externaltools.gnu-tools-for-stm32.11.3.rel1.win32_1.1.100.202309141235/tools/bin/../lib/gcc/arm-none-eabi/11.3.1/thumb/v6-m/nofp\libgcc.a(_clzsi2.o)
 .ARM.attributes
                0x00000000000008f7       0x1e C:/ST/STM32CubeIDE_1.14.1/STM32CubeIDE/plugins/com.st.stm32cube.ide.mcu.externaltools.gnu-tools-for-stm32.11.3.rel1.win32_1.1.100.202309141235/tools/bin/../lib/gcc/arm-none-eabi/11.3.1/thumb/v6-m/nofp/crtn.o
OUTPUT(STEVAL_SPIN3201.elf elf32-littlearm)
LOAD linker stubs
LOAD C:/ST/STM32CubeIDE_1.14.1/STM32CubeIDE/plugins/com.st.stm32cube.ide.mcu.externaltools.gnu-tools-for-stm32.11.3.rel1.win32_1.1.100.202309141235/tools/bin/../lib/gcc/arm-none-eabi/11.3.1/../../../../arm-none-eabi/lib/thumb/v6-m/nofp\libc.a
LOAD C:/ST/STM32CubeIDE_1.14.1/STM32CubeIDE/plugins/com.st.stm32cube.ide.mcu.externaltools.gnu-tools-for-stm32.11.3.rel1.win32_1.1.100.202309141235/tools/bin/../lib/gcc/arm-none-eabi/11.3.1/../../../../arm-none-eabi/lib/thumb/v6-m/nofp\libm.a
LOAD C:/ST/STM32CubeIDE_1.14.1/STM32CubeIDE/plugins/com.st.stm32cube.ide.mcu.externaltools.gnu-tools-for-stm32.11.3.rel1.win32_1.1.100.202309141235/tools/bin/../lib/gcc/arm-none-eabi/11.3.1/thumb/v6-m/nofp\libgcc.a

.comment        0x0000000000000000       0x43
 .comment       0x0000000000000000       0x43 C:/ST/STM32CubeIDE_1.14.1/STM32CubeIDE/plugins/com.st.stm32cube.ide.mcu.externaltools.gnu-tools-for-stm32.11.3.rel1.win32_1.1.100.202309141235/tools/bin/../lib/gcc/arm-none-eabi/11.3.1/thumb/v6-m/nofp/crtbegin.o
                                         0x44 (size before relaxing)
 .comment       0x0000000000000043       0x44 ./Application/User/aspep.o
 .comment       0x0000000000000043       0x44 ./Application/User/main.o
 .comment       0x0000000000000043       0x44 ./Application/User/mc_api.o
 .comment       0x0000000000000043       0x44 ./Application/User/mc_app_hooks.o
 .comment       0x0000000000000043       0x44 ./Application/User/mc_config.o
 .comment       0x0000000000000043       0x44 ./Application/User/mc_configuration_registers.o
 .comment       0x0000000000000043       0x44 ./Application/User/mc_interface.o
 .comment       0x0000000000000043       0x44 ./Application/User/mc_math.o
 .comment       0x0000000000000043       0x44 ./Application/User/mc_parameters.o
 .comment       0x0000000000000043       0x44 ./Application/User/mc_tasks.o
 .comment       0x0000000000000043       0x44 ./Application/User/mcp.o
 .comment       0x0000000000000043       0x44 ./Application/User/mcp_config.o
 .comment       0x0000000000000043       0x44 ./Application/User/motorcontrol.o
 .comment       0x0000000000000043       0x44 ./Application/User/pwm_curr_fdbk.o
 .comment       0x0000000000000043       0x44 ./Application/User/register_interface.o
 .comment       0x0000000000000043       0x44 ./Application/User/regular_conversion_manager.o
 .comment       0x0000000000000043       0x44 ./Application/User/stm32f0xx_hal_msp.o
 .comment       0x0000000000000043       0x44 ./Application/User/stm32f0xx_mc_it.o
 .comment       0x0000000000000043       0x44 ./Application/User/usart_aspep_driver.o
 .comment       0x0000000000000043       0x44 ./Drivers/CMSIS/system_stm32f0xx.o
 .comment       0x0000000000000043       0x44 ./Drivers/STM32F0xx_HAL_Driver/stm32f0xx_hal.o
 .comment       0x0000000000000043       0x44 ./Drivers/STM32F0xx_HAL_Driver/stm32f0xx_hal_adc.o
 .comment       0x0000000000000043       0x44 ./Drivers/STM32F0xx_HAL_Driver/stm32f0xx_hal_cortex.o
 .comment       0x0000000000000043       0x44 ./Drivers/STM32F0xx_HAL_Driver/stm32f0xx_hal_dma.o
 .comment       0x0000000000000043       0x44 ./Drivers/STM32F0xx_HAL_Driver/stm32f0xx_hal_gpio.o
 .comment       0x0000000000000043       0x44 ./Drivers/STM32F0xx_HAL_Driver/stm32f0xx_hal_rcc.o
 .comment       0x0000000000000043       0x44 ./Drivers/STM32F0xx_HAL_Driver/stm32f0xx_hal_rcc_ex.o
 .comment       0x0000000000000043       0x44 ./Drivers/STM32F0xx_HAL_Driver/stm32f0xx_hal_tim.o
 .comment       0x0000000000000043       0x44 ./Drivers/STM32F0xx_HAL_Driver/stm32f0xx_hal_tim_ex.o
 .comment       0x0000000000000043       0x44 ./Drivers/STM32F0xx_HAL_Driver/stm32f0xx_hal_uart.o
 .comment       0x0000000000000043       0x44 ./Middlewares/MotorControl/bus_voltage_sensor.o
 .comment       0x0000000000000043       0x44 ./Middlewares/MotorControl/circle_limitation.o
 .comment       0x0000000000000043       0x44 ./Middlewares/MotorControl/ntc_temperature_sensor.o
 .comment       0x0000000000000043       0x44 ./Middlewares/MotorControl/pid_regulator.o
 .comment       0x0000000000000043       0x44 ./Middlewares/MotorControl/pqd_motor_power_measurement.o
 .comment       0x0000000000000043       0x44 ./Middlewares/MotorControl/pwm_common.o
 .comment       0x0000000000000043       0x44 ./Middlewares/MotorControl/r3_f0xx_pwm_curr_fdbk.o
 .comment       0x0000000000000043       0x44 ./Middlewares/MotorControl/r_divider_bus_voltage_sensor.o
 .comment       0x0000000000000043       0x44 ./Middlewares/MotorControl/ramp_ext_mngr.o
 .comment       0x0000000000000043       0x44 ./Middlewares/MotorControl/revup_ctrl.o
 .comment       0x0000000000000043       0x44 ./Middlewares/MotorControl/speed_pos_fdbk.o
 .comment       0x0000000000000043       0x44 ./Middlewares/MotorControl/speed_torq_ctrl.o
 .comment       0x0000000000000043       0x44 ./Middlewares/MotorControl/sto_pll_speed_pos_fdbk.o
 .comment       0x0000000000000043       0x44 ./Middlewares/MotorControl/virtual_speed_sensor.o

.debug_line     0x0000000000000000    0x35bb3
 .debug_line    0x0000000000000000       0x7b ./Application/Startup/startup_stm32f031c6tx.o
 .debug_line    0x000000000000007b     0x15dd ./Application/User/aspep.o
 .debug_line    0x0000000000001658     0x1382 ./Application/User/main.o
 .debug_line    0x00000000000029da     0x11a5 ./Application/User/mc_api.o
 .debug_line    0x0000000000003b7f      0x8e0 ./Application/User/mc_app_hooks.o
 .debug_line    0x000000000000445f      0xbe4 ./Application/User/mc_config.o
 .debug_line    0x0000000000005043      0xaab ./Application/User/mc_configuration_registers.o
 .debug_line    0x0000000000005aee     0x1878 ./Application/User/mc_interface.o
 .debug_line    0x0000000000007366      0xc9d ./Application/User/mc_math.o
 .debug_line    0x0000000000008003      0xbd5 ./Application/User/mc_parameters.o
 .debug_line    0x0000000000008bd8     0x1714 ./Application/User/mc_tasks.o
 .debug_line    0x000000000000a2ec     0x112e ./Application/User/mcp.o
 .debug_line    0x000000000000b41a      0x9cd ./Application/User/mcp_config.o
 .debug_line    0x000000000000bde7      0xc22 ./Application/User/motorcontrol.o
 .debug_line    0x000000000000ca09     0x13c1 ./Application/User/pwm_curr_fdbk.o
 .debug_line    0x000000000000ddca     0x1798 ./Application/User/register_interface.o
 .debug_line    0x000000000000f562     0x14a3 ./Application/User/regular_conversion_manager.o
 .debug_line    0x0000000000010a05     0x100e ./Application/User/stm32f0xx_hal_msp.o
 .debug_line    0x0000000000011a13     0x1165 ./Application/User/stm32f0xx_mc_it.o
 .debug_line    0x0000000000012b78      0xfb4 ./Application/User/usart_aspep_driver.o
 .debug_line    0x0000000000013b2c      0x862 ./Drivers/CMSIS/system_stm32f0xx.o
 .debug_line    0x000000000001438e      0xb4b ./Drivers/STM32F0xx_HAL_Driver/stm32f0xx_hal.o
 .debug_line    0x0000000000014ed9     0x16b0 ./Drivers/STM32F0xx_HAL_Driver/stm32f0xx_hal_adc.o
 .debug_line    0x0000000000016589      0xbba ./Drivers/STM32F0xx_HAL_Driver/stm32f0xx_hal_cortex.o
 .debug_line    0x0000000000017143     0x1166 ./Drivers/STM32F0xx_HAL_Driver/stm32f0xx_hal_dma.o
 .debug_line    0x00000000000182a9      0xd2f ./Drivers/STM32F0xx_HAL_Driver/stm32f0xx_hal_gpio.o
 .debug_line    0x0000000000018fd8     0x13b3 ./Drivers/STM32F0xx_HAL_Driver/stm32f0xx_hal_rcc.o
 .debug_line    0x000000000001a38b      0xac8 ./Drivers/STM32F0xx_HAL_Driver/stm32f0xx_hal_rcc_ex.o
 .debug_line    0x000000000001ae53     0x6532 ./Drivers/STM32F0xx_HAL_Driver/stm32f0xx_hal_tim.o
 .debug_line    0x0000000000021385     0x1e9f ./Drivers/STM32F0xx_HAL_Driver/stm32f0xx_hal_tim_ex.o
 .debug_line    0x0000000000023224     0x5b01 ./Drivers/STM32F0xx_HAL_Driver/stm32f0xx_hal_uart.o
 .debug_line    0x0000000000028d25      0x9da ./Middlewares/MotorControl/bus_voltage_sensor.o
 .debug_line    0x00000000000296ff      0xa66 ./Middlewares/MotorControl/circle_limitation.o
 .debug_line    0x000000000002a165      0xb14 ./Middlewares/MotorControl/ntc_temperature_sensor.o
 .debug_line    0x000000000002ac79      0xe0e ./Middlewares/MotorControl/pid_regulator.o
 .debug_line    0x000000000002ba87      0xa34 ./Middlewares/MotorControl/pqd_motor_power_measurement.o
 .debug_line    0x000000000002c4bb      0xb57 ./Middlewares/MotorControl/pwm_common.o
 .debug_line    0x000000000002d012     0x21db ./Middlewares/MotorControl/r3_f0xx_pwm_curr_fdbk.o
 .debug_line    0x000000000002f1ed      0xbc4 ./Middlewares/MotorControl/r_divider_bus_voltage_sensor.o
 .debug_line    0x000000000002fdb1      0xc0c ./Middlewares/MotorControl/ramp_ext_mngr.o
 .debug_line    0x00000000000309bd     0x125c ./Middlewares/MotorControl/revup_ctrl.o
 .debug_line    0x0000000000031c19      0xb61 ./Middlewares/MotorControl/speed_pos_fdbk.o
 .debug_line    0x000000000003277a      0xe27 ./Middlewares/MotorControl/speed_torq_ctrl.o
 .debug_line    0x00000000000335a1     0x1717 ./Middlewares/MotorControl/sto_pll_speed_pos_fdbk.o
 .debug_line    0x0000000000034cb8      0xefb ./Middlewares/MotorControl/virtual_speed_sensor.o

.debug_line_str
                0x0000000000000000       0x77
 .debug_line_str
                0x0000000000000000       0x77 ./Application/Startup/startup_stm32f031c6tx.o
                                         0x8f (size before relaxing)

.debug_info     0x0000000000000000    0x338a0
 .debug_info    0x0000000000000000       0x23 ./Application/Startup/startup_stm32f031c6tx.o
 .debug_info    0x0000000000000023     0x1186 ./Application/User/aspep.o
 .debug_info    0x00000000000011a9     0x1dcc ./Application/User/main.o
 .debug_info    0x0000000000002f75     0x1a7e ./Application/User/mc_api.o
 .debug_info    0x00000000000049f3      0x156 ./Application/User/mc_app_hooks.o
 .debug_info    0x0000000000004b49     0x1dd9 ./Application/User/mc_config.o
 .debug_info    0x0000000000006922      0x500 ./Application/User/mc_configuration_registers.o
 .debug_info    0x0000000000006e22     0x2089 ./Application/User/mc_interface.o
 .debug_info    0x0000000000008eab      0x5f5 ./Application/User/mc_math.o
 .debug_info    0x00000000000094a0      0xa5c ./Application/User/mc_parameters.o
 .debug_info    0x0000000000009efc     0x381e ./Application/User/mc_tasks.o
 .debug_info    0x000000000000d71a     0x1532 ./Application/User/mcp.o
 .debug_info    0x000000000000ec4c      0x8ad ./Application/User/mcp_config.o
 .debug_info    0x000000000000f4f9      0xf74 ./Application/User/motorcontrol.o
 .debug_info    0x000000000001046d     0x1417 ./Application/User/pwm_curr_fdbk.o
 .debug_info    0x0000000000011884     0x244f ./Application/User/register_interface.o
 .debug_info    0x0000000000013cd3     0x147f ./Application/User/regular_conversion_manager.o
 .debug_info    0x0000000000015152     0x142f ./Application/User/stm32f0xx_hal_msp.o
 .debug_info    0x0000000000016581     0x1ad0 ./Application/User/stm32f0xx_mc_it.o
 .debug_info    0x0000000000018051     0x10f6 ./Application/User/usart_aspep_driver.o
 .debug_info    0x0000000000019147      0x268 ./Drivers/CMSIS/system_stm32f0xx.o
 .debug_info    0x00000000000193af      0x73b ./Drivers/STM32F0xx_HAL_Driver/stm32f0xx_hal.o
 .debug_info    0x0000000000019aea      0xf8a ./Drivers/STM32F0xx_HAL_Driver/stm32f0xx_hal_adc.o
 .debug_info    0x000000000001aa74      0x7f2 ./Drivers/STM32F0xx_HAL_Driver/stm32f0xx_hal_cortex.o
 .debug_info    0x000000000001b266      0x8a3 ./Drivers/STM32F0xx_HAL_Driver/stm32f0xx_hal_dma.o
 .debug_info    0x000000000001bb09      0x602 ./Drivers/STM32F0xx_HAL_Driver/stm32f0xx_hal_gpio.o
 .debug_info    0x000000000001c10b      0xace ./Drivers/STM32F0xx_HAL_Driver/stm32f0xx_hal_rcc.o
 .debug_info    0x000000000001cbd9      0x3b4 ./Drivers/STM32F0xx_HAL_Driver/stm32f0xx_hal_rcc_ex.o
 .debug_info    0x000000000001cf8d     0x4bbc ./Drivers/STM32F0xx_HAL_Driver/stm32f0xx_hal_tim.o
 .debug_info    0x0000000000021b49     0x1b0b ./Drivers/STM32F0xx_HAL_Driver/stm32f0xx_hal_tim_ex.o
 .debug_info    0x0000000000023654     0x6b6b ./Drivers/STM32F0xx_HAL_Driver/stm32f0xx_hal_uart.o
 .debug_info    0x000000000002a1bf      0x2ac ./Middlewares/MotorControl/bus_voltage_sensor.o
 .debug_info    0x000000000002a46b      0x307 ./Middlewares/MotorControl/circle_limitation.o
 .debug_info    0x000000000002a772      0x464 ./Middlewares/MotorControl/ntc_temperature_sensor.o
 .debug_info    0x000000000002abd6      0x8ce ./Middlewares/MotorControl/pid_regulator.o
 .debug_info    0x000000000002b4a4      0x4e3 ./Middlewares/MotorControl/pqd_motor_power_measurement.o
 .debug_info    0x000000000002b987      0x675 ./Middlewares/MotorControl/pwm_common.o
 .debug_info    0x000000000002bffc     0x2c8d ./Middlewares/MotorControl/r3_f0xx_pwm_curr_fdbk.o
 .debug_info    0x000000000002ec89      0x3f7 ./Middlewares/MotorControl/r_divider_bus_voltage_sensor.o
 .debug_info    0x000000000002f080      0x4e2 ./Middlewares/MotorControl/ramp_ext_mngr.o
 .debug_info    0x000000000002f562     0x1642 ./Middlewares/MotorControl/revup_ctrl.o
 .debug_info    0x0000000000030ba4      0x538 ./Middlewares/MotorControl/speed_pos_fdbk.o
 .debug_info    0x00000000000310dc      0xa54 ./Middlewares/MotorControl/speed_torq_ctrl.o
 .debug_info    0x0000000000031b30     0x158b ./Middlewares/MotorControl/sto_pll_speed_pos_fdbk.o
 .debug_info    0x00000000000330bb      0x7e5 ./Middlewares/MotorControl/virtual_speed_sensor.o

.debug_abbrev   0x0000000000000000     0x6d35
 .debug_abbrev  0x0000000000000000       0x12 ./Application/Startup/startup_stm32f031c6tx.o
 .debug_abbrev  0x0000000000000012      0x38c ./Application/User/aspep.o
 .debug_abbrev  0x000000000000039e      0x390 ./Application/User/main.o
 .debug_abbrev  0x000000000000072e      0x281 ./Application/User/mc_api.o
 .debug_abbrev  0x00000000000009af       0x99 ./Application/User/mc_app_hooks.o
 .debug_abbrev  0x0000000000000a48      0x23f ./Application/User/mc_config.o
 .debug_abbrev  0x0000000000000c87       0xef ./Application/User/mc_configuration_registers.o
 .debug_abbrev  0x0000000000000d76      0x344 ./Application/User/mc_interface.o
 .debug_abbrev  0x00000000000010ba      0x185 ./Application/User/mc_math.o
 .debug_abbrev  0x000000000000123f      0x157 ./Application/User/mc_parameters.o
 .debug_abbrev  0x0000000000001396      0x4b0 ./Application/User/mc_tasks.o
 .debug_abbrev  0x0000000000001846      0x2db ./Application/User/mcp.o